============================= test session starts =============================
platform win32 -- Python 3.13.2, pytest-9.0.1, pluggy-1.6.0 -- C:\Users\Sarit\AppData\Local\Programs\Python\Python313\python.exe
cachedir: .pytest_cache
rootdir: D:\Graphology\Master Software\Eduecosystem\backend
configfile: pytest.ini
plugins: anyio-4.11.0, locust-2.42.6, asyncio-1.3.0, cov-7.0.0, mock-3.15.1
asyncio: mode=Mode.STRICT, debug=False, asyncio_default_fixture_loop_scope=None, asyncio_default_test_loop_scope=function
collecting ... collected 1 item

tests/api/test_question_banks.py::test_generate_quiz_from_banks FAILED   [100%]

================================== FAILURES ===================================
________________________ test_generate_quiz_from_banks ________________________
tests\api\test_question_banks.py:260: in test_generate_quiz_from_banks
    quiz_id = quiz_response.json()["id"]
              ^^^^^^^^^^^^^^^^^^^^^^^^^^
E   KeyError: 'id'
---------------------------- Captured stdout setup ----------------------------
DEBUG: Starting create_test_db
DEBUG: Tables created
------------------------------ Captured log call ------------------------------
WARNING  app.middleware.request_logging:request_logging.py:87 Client error response
-------------------------- Captured stdout teardown ---------------------------
DEBUG: Tearing down test db
============================== warnings summary ===============================
app\schemas\coupon.py:28
  D:\Graphology\Master Software\Eduecosystem\backend\app\schemas\coupon.py:28: PydanticDeprecatedSince20: Pydantic V1 style `@validator` validators are deprecated. You should migrate to Pydantic V2 style `@field_validator` validators, see the migration guide for more details. Deprecated in Pydantic V2.0 to be removed in V3.0. See Pydantic V2 Migration Guide at https://errors.pydantic.dev/2.12/migration/
    @validator("discount_type")

app\schemas\coupon.py:34
  D:\Graphology\Master Software\Eduecosystem\backend\app\schemas\coupon.py:34: PydanticDeprecatedSince20: Pydantic V1 style `@validator` validators are deprecated. You should migrate to Pydantic V2 style `@field_validator` validators, see the migration guide for more details. Deprecated in Pydantic V2.0 to be removed in V3.0. See Pydantic V2 Migration Guide at https://errors.pydantic.dev/2.12/migration/
    @validator("discount_value")

app\schemas\coupon.py:54
  D:\Graphology\Master Software\Eduecosystem\backend\app\schemas\coupon.py:54: PydanticDeprecatedSince20: Support for class-based `config` is deprecated, use ConfigDict instead. Deprecated in Pydantic V2.0 to be removed in V3.0. See Pydantic V2 Migration Guide at https://errors.pydantic.dev/2.12/migration/
    class Coupon(CouponBase):

app\schemas\digital_product.py:26
  D:\Graphology\Master Software\Eduecosystem\backend\app\schemas\digital_product.py:26: PydanticDeprecatedSince20: Support for class-based `config` is deprecated, use ConfigDict instead. Deprecated in Pydantic V2.0 to be removed in V3.0. See Pydantic V2 Migration Guide at https://errors.pydantic.dev/2.12/migration/
    class DigitalProductInDBBase(DigitalProductBase):

C:\Users\Sarit\AppData\Local\Programs\Python\Python313\Lib\site-packages\pydantic\_internal\_config.py:383
C:\Users\Sarit\AppData\Local\Programs\Python\Python313\Lib\site-packages\pydantic\_internal\_config.py:383
C:\Users\Sarit\AppData\Local\Programs\Python\Python313\Lib\site-packages\pydantic\_internal\_config.py:383
C:\Users\Sarit\AppData\Local\Programs\Python\Python313\Lib\site-packages\pydantic\_internal\_config.py:383
  C:\Users\Sarit\AppData\Local\Programs\Python\Python313\Lib\site-packages\pydantic\_internal\_config.py:383: UserWarning: Valid config keys have changed in V2:
  * 'orm_mode' has been renamed to 'from_attributes'
    warnings.warn(message, UserWarning)

app\schemas\enquiry.py:25
  D:\Graphology\Master Software\Eduecosystem\backend\app\schemas\enquiry.py:25: PydanticDeprecatedSince20: Support for class-based `config` is deprecated, use ConfigDict instead. Deprecated in Pydantic V2.0 to be removed in V3.0. See Pydantic V2 Migration Guide at https://errors.pydantic.dev/2.12/migration/
    class EnquiryInDBBase(EnquiryBase):

app\schemas\asset.py:24
  D:\Graphology\Master Software\Eduecosystem\backend\app\schemas\asset.py:24: PydanticDeprecatedSince20: Support for class-based `config` is deprecated, use ConfigDict instead. Deprecated in Pydantic V2.0 to be removed in V3.0. See Pydantic V2 Migration Guide at https://errors.pydantic.dev/2.12/migration/
    class AssetInDBBase(AssetBase):

app\schemas\analytics.py:29
  D:\Graphology\Master Software\Eduecosystem\backend\app\schemas\analytics.py:29: PydanticDeprecatedSince20: Support for class-based `config` is deprecated, use ConfigDict instead. Deprecated in Pydantic V2.0 to be removed in V3.0. See Pydantic V2 Migration Guide at https://errors.pydantic.dev/2.12/migration/
    class InstructorAnalyticsResponse(InstructorAnalyticsBase):

app\schemas\analytics.py:98
  D:\Graphology\Master Software\Eduecosystem\backend\app\schemas\analytics.py:98: PydanticDeprecatedSince20: Support for class-based `config` is deprecated, use ConfigDict instead. Deprecated in Pydantic V2.0 to be removed in V3.0. See Pydantic V2 Migration Guide at https://errors.pydantic.dev/2.12/migration/
    class StudentAnalyticsResponse(StudentAnalyticsBase):

app\schemas\analytics.py:161
  D:\Graphology\Master Software\Eduecosystem\backend\app\schemas\analytics.py:161: PydanticDeprecatedSince20: Support for class-based `config` is deprecated, use ConfigDict instead. Deprecated in Pydantic V2.0 to be removed in V3.0. See Pydantic V2 Migration Guide at https://errors.pydantic.dev/2.12/migration/
    class PlatformAnalyticsResponse(PlatformAnalyticsBase):

app\schemas\analytics.py:244
  D:\Graphology\Master Software\Eduecosystem\backend\app\schemas\analytics.py:244: PydanticDeprecatedSince20: Support for class-based `config` is deprecated, use ConfigDict instead. Deprecated in Pydantic V2.0 to be removed in V3.0. See Pydantic V2 Migration Guide at https://errors.pydantic.dev/2.12/migration/
    class EventResponse(BaseModel):

app\schemas\marketplace.py:48
  D:\Graphology\Master Software\Eduecosystem\backend\app\schemas\marketplace.py:48: PydanticDeprecatedSince20: Support for class-based `config` is deprecated, use ConfigDict instead. Deprecated in Pydantic V2.0 to be removed in V3.0. See Pydantic V2 Migration Guide at https://errors.pydantic.dev/2.12/migration/
    class PayoutResponse(BaseModel):

app\schemas\marketplace.py:89
  D:\Graphology\Master Software\Eduecosystem\backend\app\schemas\marketplace.py:89: PydanticDeprecatedSince20: Support for class-based `config` is deprecated, use ConfigDict instead. Deprecated in Pydantic V2.0 to be removed in V3.0. See Pydantic V2 Migration Guide at https://errors.pydantic.dev/2.12/migration/
    class BundleResponse(BaseModel):

app\schemas\marketplace.py:119
  D:\Graphology\Master Software\Eduecosystem\backend\app\schemas\marketplace.py:119: PydanticDeprecatedSince20: Support for class-based `config` is deprecated, use ConfigDict instead. Deprecated in Pydantic V2.0 to be removed in V3.0. See Pydantic V2 Migration Guide at https://errors.pydantic.dev/2.12/migration/
    class PlanResponse(BaseModel):

app\schemas\marketplace.py:134
  D:\Graphology\Master Software\Eduecosystem\backend\app\schemas\marketplace.py:134: PydanticDeprecatedSince20: Support for class-based `config` is deprecated, use ConfigDict instead. Deprecated in Pydantic V2.0 to be removed in V3.0. See Pydantic V2 Migration Guide at https://errors.pydantic.dev/2.12/migration/
    class SubscriptionResponse(BaseModel):

app\api\api_v1\endpoints\revenue_analytics.py:54
  D:\Graphology\Master Software\Eduecosystem\backend\app\api\api_v1\endpoints\revenue_analytics.py:54: DeprecationWarning: `regex` has been deprecated, please use `pattern` instead
    comparison_type: str = Query("mom", regex="^(mom|yoy|custom)$"),

app\schemas\payment_method.py:37
  D:\Graphology\Master Software\Eduecosystem\backend\app\schemas\payment_method.py:37: PydanticDeprecatedSince20: Support for class-based `config` is deprecated, use ConfigDict instead. Deprecated in Pydantic V2.0 to be removed in V3.0. See Pydantic V2 Migration Guide at https://errors.pydantic.dev/2.12/migration/
    class PaymentMethodResponse(BaseModel):

app\schemas\translation.py:42
  D:\Graphology\Master Software\Eduecosystem\backend\app\schemas\translation.py:42: PydanticDeprecatedSince20: Support for class-based `config` is deprecated, use ConfigDict instead. Deprecated in Pydantic V2.0 to be removed in V3.0. See Pydantic V2 Migration Guide at https://errors.pydantic.dev/2.12/migration/
    class Language(LanguageBase):

app\schemas\translation.py:75
  D:\Graphology\Master Software\Eduecosystem\backend\app\schemas\translation.py:75: PydanticDeprecatedSince20: Support for class-based `config` is deprecated, use ConfigDict instead. Deprecated in Pydantic V2.0 to be removed in V3.0. See Pydantic V2 Migration Guide at https://errors.pydantic.dev/2.12/migration/
    class Translation(TranslationBase):

app\schemas\translation.py:126
  D:\Graphology\Master Software\Eduecosystem\backend\app\schemas\translation.py:126: PydanticDeprecatedSince20: Support for class-based `config` is deprecated, use ConfigDict instead. Deprecated in Pydantic V2.0 to be removed in V3.0. See Pydantic V2 Migration Guide at https://errors.pydantic.dev/2.12/migration/
    class ContentTranslation(ContentTranslationBase):

app\schemas\translation.py:187
  D:\Graphology\Master Software\Eduecosystem\backend\app\schemas\translation.py:187: PydanticDeprecatedSince20: Support for class-based `config` is deprecated, use ConfigDict instead. Deprecated in Pydantic V2.0 to be removed in V3.0. See Pydantic V2 Migration Guide at https://errors.pydantic.dev/2.12/migration/
    class UserLanguagePreference(UserLanguagePreferenceBase):

app\api\api_v1\endpoints\ai_tools.py:31
  D:\Graphology\Master Software\Eduecosystem\backend\app\api\api_v1\endpoints\ai_tools.py:31: PydanticDeprecatedSince20: Support for class-based `config` is deprecated, use ConfigDict instead. Deprecated in Pydantic V2.0 to be removed in V3.0. See Pydantic V2 Migration Guide at https://errors.pydantic.dev/2.12/migration/
    class EssayGradeResponse(BaseModel):

app\api\api_v1\endpoints\ai_tools.py:67
  D:\Graphology\Master Software\Eduecosystem\backend\app\api\api_v1\endpoints\ai_tools.py:67: PydanticDeprecatedSince20: Support for class-based `config` is deprecated, use ConfigDict instead. Deprecated in Pydantic V2.0 to be removed in V3.0. See Pydantic V2 Migration Guide at https://errors.pydantic.dev/2.12/migration/
    class DifficultyAnalysisResponse(BaseModel):

app\api\api_v1\endpoints\ai_tools.py:86
  D:\Graphology\Master Software\Eduecosystem\backend\app\api\api_v1\endpoints\ai_tools.py:86: PydanticDeprecatedSince20: Support for class-based `config` is deprecated, use ConfigDict instead. Deprecated in Pydantic V2.0 to be removed in V3.0. See Pydantic V2 Migration Guide at https://errors.pydantic.dev/2.12/migration/
    class PlagiarismCheckResponse(BaseModel):

app\api\api_v1\endpoints\sso.py:45
  D:\Graphology\Master Software\Eduecosystem\backend\app\api\api_v1\endpoints\sso.py:45: PydanticDeprecatedSince20: Support for class-based `config` is deprecated, use ConfigDict instead. Deprecated in Pydantic V2.0 to be removed in V3.0. See Pydantic V2 Migration Guide at https://errors.pydantic.dev/2.12/migration/
    class OrganizationResponse(BaseModel):

app\api\api_v1\endpoints\sso.py:78
  D:\Graphology\Master Software\Eduecosystem\backend\app\api\api_v1\endpoints\sso.py:78: PydanticDeprecatedSince20: Support for class-based `config` is deprecated, use ConfigDict instead. Deprecated in Pydantic V2.0 to be removed in V3.0. See Pydantic V2 Migration Guide at https://errors.pydantic.dev/2.12/migration/
    class SSOConfigResponse(BaseModel):

app\api\api_v1\endpoints\sso.py:98
  D:\Graphology\Master Software\Eduecosystem\backend\app\api\api_v1\endpoints\sso.py:98: PydanticDeprecatedSince20: Support for class-based `config` is deprecated, use ConfigDict instead. Deprecated in Pydantic V2.0 to be removed in V3.0. See Pydantic V2 Migration Guide at https://errors.pydantic.dev/2.12/migration/
    class SSOSessionResponse(BaseModel):

app\api\api_v1\endpoints\sso.py:109
  D:\Graphology\Master Software\Eduecosystem\backend\app\api\api_v1\endpoints\sso.py:109: PydanticDeprecatedSince20: Support for class-based `config` is deprecated, use ConfigDict instead. Deprecated in Pydantic V2.0 to be removed in V3.0. See Pydantic V2 Migration Guide at https://errors.pydantic.dev/2.12/migration/
    class SSOEventResponse(BaseModel):

app\schemas\tax.py:61
  D:\Graphology\Master Software\Eduecosystem\backend\app\schemas\tax.py:61: PydanticDeprecatedSince20: Support for class-based `config` is deprecated, use ConfigDict instead. Deprecated in Pydantic V2.0 to be removed in V3.0. See Pydantic V2 Migration Guide at https://errors.pydantic.dev/2.12/migration/
    class TaxRateResponse(TaxRateBase):

app\schemas\tax.py:101
  D:\Graphology\Master Software\Eduecosystem\backend\app\schemas\tax.py:101: PydanticDeprecatedSince20: Support for class-based `config` is deprecated, use ConfigDict instead. Deprecated in Pydantic V2.0 to be removed in V3.0. See Pydantic V2 Migration Guide at https://errors.pydantic.dev/2.12/migration/
    class TaxCalculationDetail(BaseModel):

app\schemas\tax.py:152
  D:\Graphology\Master Software\Eduecosystem\backend\app\schemas\tax.py:152: PydanticDeprecatedSince20: Support for class-based `config` is deprecated, use ConfigDict instead. Deprecated in Pydantic V2.0 to be removed in V3.0. See Pydantic V2 Migration Guide at https://errors.pydantic.dev/2.12/migration/
    class TaxExemptionResponse(TaxExemptionBase):

app\api\api_v1\endpoints\exports.py:25
  D:\Graphology\Master Software\Eduecosystem\backend\app\api\api_v1\endpoints\exports.py:25: DeprecationWarning: `regex` has been deprecated, please use `pattern` instead
    format: str = Query("csv", regex="^(csv|pdf|json)$"),

app\api\api_v1\endpoints\exports.py:75
  D:\Graphology\Master Software\Eduecosystem\backend\app\api\api_v1\endpoints\exports.py:75: DeprecationWarning: `regex` has been deprecated, please use `pattern` instead
    format: str = Query("json", regex="^(json|pdf)$"),

app\api\api_v1\endpoints\exports.py:117
  D:\Graphology\Master Software\Eduecosystem\backend\app\api\api_v1\endpoints\exports.py:117: DeprecationWarning: `regex` has been deprecated, please use `pattern` instead
    format: str = Query("json", regex="^(json|pdf)$"),

app\api\api_v1\endpoints\exports.py:156
  D:\Graphology\Master Software\Eduecosystem\backend\app\api\api_v1\endpoints\exports.py:156: DeprecationWarning: `regex` has been deprecated, please use `pattern` instead
    format: str = Query("csv", regex="^(csv|pdf)$"),

app\api\api_v1\endpoints\learning_groups.py:39
  D:\Graphology\Master Software\Eduecosystem\backend\app\api\api_v1\endpoints\learning_groups.py:39: PydanticDeprecatedSince20: Support for class-based `config` is deprecated, use ConfigDict instead. Deprecated in Pydantic V2.0 to be removed in V3.0. See Pydantic V2 Migration Guide at https://errors.pydantic.dev/2.12/migration/
    class GroupResponse(BaseModel):

app\api\api_v1\endpoints\learning_groups.py:58
  D:\Graphology\Master Software\Eduecosystem\backend\app\api\api_v1\endpoints\learning_groups.py:58: PydanticDeprecatedSince20: Support for class-based `config` is deprecated, use ConfigDict instead. Deprecated in Pydantic V2.0 to be removed in V3.0. See Pydantic V2 Migration Guide at https://errors.pydantic.dev/2.12/migration/
    class PostResponse(BaseModel):

tests/api/test_question_banks.py::test_generate_quiz_from_banks
  D:\Graphology\Master Software\Eduecosystem\backend\app\core\security.py:18: DeprecationWarning: datetime.datetime.utcnow() is deprecated and scheduled for removal in a future version. Use timezone-aware objects to represent datetimes in UTC: datetime.datetime.now(datetime.UTC).
    expire = datetime.utcnow() + timedelta(

tests/api/test_question_banks.py::test_generate_quiz_from_banks
  D:\Graphology\Master Software\Eduecosystem\backend\app\crud\course.py:117: PydanticDeprecatedSince20: The `dict` method is deprecated; use `model_dump` instead. Deprecated in Pydantic V2.0 to be removed in V3.0. See Pydantic V2 Migration Guide at https://errors.pydantic.dev/2.12/migration/
    obj_in_data = obj_in.dict(exclude={"tag_ids", "password"})

tests/api/test_question_banks.py::test_generate_quiz_from_banks
tests/api/test_question_banks.py::test_generate_quiz_from_banks
  C:\Users\Sarit\AppData\Local\Programs\Python\Python313\Lib\site-packages\sqlalchemy\sql\schema.py:3624: DeprecationWarning: datetime.datetime.utcnow() is deprecated and scheduled for removal in a future version. Use timezone-aware objects to represent datetimes in UTC: datetime.datetime.now(datetime.UTC).
    return util.wrap_callable(lambda ctx: fn(), fn)  # type: ignore

tests/api/test_question_banks.py::test_generate_quiz_from_banks
  D:\Graphology\Master Software\Eduecosystem\backend\conftest.py:86: SAWarning: Can't sort tables for DROP; an unresolvable foreign key dependency exists between tables: lessons, modules, quizzes; and backend does not support ALTER.  To restore at least a partial sort, apply use_alter=True to ForeignKey and ForeignKeyConstraint objects involved in the cycle to mark these as known cycles that will be ignored.
    Base.metadata.drop_all(bind=engine)

-- Docs: https://docs.pytest.org/en/stable/how-to/capture-warnings.html
=========================== short test summary info ===========================
FAILED tests/api/test_question_banks.py::test_generate_quiz_from_banks - KeyError: 'id'
================== 1 failed, 45 warnings in 84.25s (0:01:24) ==================
