DEBUG: Importing models in base.py
DEBUG: Models imported in base.py
============================= test session starts =============================
platform win32 -- Python 3.13.2, pytest-9.0.1, pluggy-1.6.0 -- C:\Users\Sarit\AppData\Local\Programs\Python\Python313\python.exe
cachedir: .pytest_cache
rootdir: D:\Graphology\Master Software\Eduecosystem\backend
configfile: pytest.ini
plugins: anyio-4.11.0, asyncio-1.3.0, cov-7.0.0, mock-3.15.1
asyncio: mode=Mode.STRICT, debug=False, asyncio_default_fixture_loop_scope=None, asyncio_default_test_loop_scope=function
collecting ... collected 1 item

tests/test_subscriptions_flow.py::test_create_subscription_plan DEBUG: Starting create_test_db
2025-11-29 18:59:15,490 INFO sqlalchemy.engine.Engine BEGIN (implicit)
2025-11-29 18:59:15,492 INFO sqlalchemy.engine.Engine PRAGMA main.table_info("role_permissions")
2025-11-29 18:59:15,492 INFO sqlalchemy.engine.Engine [raw sql] ()
2025-11-29 18:59:15,493 INFO sqlalchemy.engine.Engine PRAGMA temp.table_info("role_permissions")
2025-11-29 18:59:15,494 INFO sqlalchemy.engine.Engine [raw sql] ()
2025-11-29 18:59:15,494 INFO sqlalchemy.engine.Engine PRAGMA main.table_info("user_roles")
2025-11-29 18:59:15,495 INFO sqlalchemy.engine.Engine [raw sql] ()
2025-11-29 18:59:15,495 INFO sqlalchemy.engine.Engine PRAGMA temp.table_info("user_roles")
2025-11-29 18:59:15,495 INFO sqlalchemy.engine.Engine [raw sql] ()
2025-11-29 18:59:15,496 INFO sqlalchemy.engine.Engine PRAGMA main.table_info("roles")
2025-11-29 18:59:15,496 INFO sqlalchemy.engine.Engine [raw sql] ()
2025-11-29 18:59:15,496 INFO sqlalchemy.engine.Engine PRAGMA temp.table_info("roles")
2025-11-29 18:59:15,496 INFO sqlalchemy.engine.Engine [raw sql] ()
2025-11-29 18:59:15,497 INFO sqlalchemy.engine.Engine PRAGMA main.table_info("permissions")
2025-11-29 18:59:15,497 INFO sqlalchemy.engine.Engine [raw sql] ()
2025-11-29 18:59:15,498 INFO sqlalchemy.engine.Engine PRAGMA temp.table_info("permissions")
2025-11-29 18:59:15,498 INFO sqlalchemy.engine.Engine [raw sql] ()
2025-11-29 18:59:15,498 INFO sqlalchemy.engine.Engine PRAGMA main.table_info("users")
2025-11-29 18:59:15,499 INFO sqlalchemy.engine.Engine [raw sql] ()
2025-11-29 18:59:15,499 INFO sqlalchemy.engine.Engine PRAGMA temp.table_info("users")
2025-11-29 18:59:15,499 INFO sqlalchemy.engine.Engine [raw sql] ()
2025-11-29 18:59:15,500 INFO sqlalchemy.engine.Engine PRAGMA main.table_info("tasks")
2025-11-29 18:59:15,500 INFO sqlalchemy.engine.Engine [raw sql] ()
2025-11-29 18:59:15,500 INFO sqlalchemy.engine.Engine PRAGMA temp.table_info("tasks")
2025-11-29 18:59:15,500 INFO sqlalchemy.engine.Engine [raw sql] ()
2025-11-29 18:59:15,501 INFO sqlalchemy.engine.Engine PRAGMA main.table_info("groups")
2025-11-29 18:59:15,501 INFO sqlalchemy.engine.Engine [raw sql] ()
2025-11-29 18:59:15,502 INFO sqlalchemy.engine.Engine PRAGMA temp.table_info("groups")
2025-11-29 18:59:15,502 INFO sqlalchemy.engine.Engine [raw sql] ()
2025-11-29 18:59:15,503 INFO sqlalchemy.engine.Engine PRAGMA main.table_info("meditation_sessions")
2025-11-29 18:59:15,503 INFO sqlalchemy.engine.Engine [raw sql] ()
2025-11-29 18:59:15,504 INFO sqlalchemy.engine.Engine PRAGMA temp.table_info("meditation_sessions")
2025-11-29 18:59:15,504 INFO sqlalchemy.engine.Engine [raw sql] ()
2025-11-29 18:59:15,504 INFO sqlalchemy.engine.Engine PRAGMA main.table_info("activity_logs")
2025-11-29 18:59:15,504 INFO sqlalchemy.engine.Engine [raw sql] ()
2025-11-29 18:59:15,505 INFO sqlalchemy.engine.Engine PRAGMA temp.table_info("activity_logs")
2025-11-29 18:59:15,505 INFO sqlalchemy.engine.Engine [raw sql] ()
2025-11-29 18:59:15,505 INFO sqlalchemy.engine.Engine PRAGMA main.table_info("handwriting_submissions")
2025-11-29 18:59:15,505 INFO sqlalchemy.engine.Engine [raw sql] ()
2025-11-29 18:59:15,506 INFO sqlalchemy.engine.Engine PRAGMA temp.table_info("handwriting_submissions")
2025-11-29 18:59:15,506 INFO sqlalchemy.engine.Engine [raw sql] ()
2025-11-29 18:59:15,506 INFO sqlalchemy.engine.Engine PRAGMA main.table_info("rewards")
2025-11-29 18:59:15,506 INFO sqlalchemy.engine.Engine [raw sql] ()
2025-11-29 18:59:15,507 INFO sqlalchemy.engine.Engine PRAGMA temp.table_info("rewards")
2025-11-29 18:59:15,507 INFO sqlalchemy.engine.Engine [raw sql] ()
2025-11-29 18:59:15,507 INFO sqlalchemy.engine.Engine PRAGMA main.table_info("user_rewards")
2025-11-29 18:59:15,507 INFO sqlalchemy.engine.Engine [raw sql] ()
2025-11-29 18:59:15,508 INFO sqlalchemy.engine.Engine PRAGMA temp.table_info("user_rewards")
2025-11-29 18:59:15,508 INFO sqlalchemy.engine.Engine [raw sql] ()
2025-11-29 18:59:15,508 INFO sqlalchemy.engine.Engine PRAGMA main.table_info("lesson_progress")
2025-11-29 18:59:15,508 INFO sqlalchemy.engine.Engine [raw sql] ()
2025-11-29 18:59:15,509 INFO sqlalchemy.engine.Engine PRAGMA temp.table_info("lesson_progress")
2025-11-29 18:59:15,509 INFO sqlalchemy.engine.Engine [raw sql] ()
2025-11-29 18:59:15,509 INFO sqlalchemy.engine.Engine PRAGMA main.table_info("lesson_drip_settings")
2025-11-29 18:59:15,509 INFO sqlalchemy.engine.Engine [raw sql] ()
2025-11-29 18:59:15,510 INFO sqlalchemy.engine.Engine PRAGMA temp.table_info("lesson_drip_settings")
2025-11-29 18:59:15,510 INFO sqlalchemy.engine.Engine [raw sql] ()
2025-11-29 18:59:15,510 INFO sqlalchemy.engine.Engine PRAGMA main.table_info("course_reviews")
2025-11-29 18:59:15,510 INFO sqlalchemy.engine.Engine [raw sql] ()
2025-11-29 18:59:15,511 INFO sqlalchemy.engine.Engine PRAGMA temp.table_info("course_reviews")
2025-11-29 18:59:15,511 INFO sqlalchemy.engine.Engine [raw sql] ()
2025-11-29 18:59:15,511 INFO sqlalchemy.engine.Engine PRAGMA main.table_info("review_helpful")
2025-11-29 18:59:15,511 INFO sqlalchemy.engine.Engine [raw sql] ()
2025-11-29 18:59:15,511 INFO sqlalchemy.engine.Engine PRAGMA temp.table_info("review_helpful")
2025-11-29 18:59:15,511 INFO sqlalchemy.engine.Engine [raw sql] ()
2025-11-29 18:59:15,512 INFO sqlalchemy.engine.Engine PRAGMA main.table_info("course_payments")
2025-11-29 18:59:15,512 INFO sqlalchemy.engine.Engine [raw sql] ()
2025-11-29 18:59:15,512 INFO sqlalchemy.engine.Engine PRAGMA temp.table_info("course_payments")
2025-11-29 18:59:15,512 INFO sqlalchemy.engine.Engine [raw sql] ()
2025-11-29 18:59:15,512 INFO sqlalchemy.engine.Engine PRAGMA main.table_info("certificates")
2025-11-29 18:59:15,512 INFO sqlalchemy.engine.Engine [raw sql] ()
2025-11-29 18:59:15,513 INFO sqlalchemy.engine.Engine PRAGMA temp.table_info("certificates")
2025-11-29 18:59:15,513 INFO sqlalchemy.engine.Engine [raw sql] ()
2025-11-29 18:59:15,513 INFO sqlalchemy.engine.Engine PRAGMA main.table_info("course_tags")
2025-11-29 18:59:15,513 INFO sqlalchemy.engine.Engine [raw sql] ()
2025-11-29 18:59:15,513 INFO sqlalchemy.engine.Engine PRAGMA temp.table_info("course_tags")
2025-11-29 18:59:15,513 INFO sqlalchemy.engine.Engine [raw sql] ()
2025-11-29 18:59:15,514 INFO sqlalchemy.engine.Engine PRAGMA main.table_info("categories")
2025-11-29 18:59:15,514 INFO sqlalchemy.engine.Engine [raw sql] ()
2025-11-29 18:59:15,514 INFO sqlalchemy.engine.Engine PRAGMA temp.table_info("categories")
2025-11-29 18:59:15,514 INFO sqlalchemy.engine.Engine [raw sql] ()
2025-11-29 18:59:15,515 INFO sqlalchemy.engine.Engine PRAGMA main.table_info("tags")
2025-11-29 18:59:15,515 INFO sqlalchemy.engine.Engine [raw sql] ()
2025-11-29 18:59:15,515 INFO sqlalchemy.engine.Engine PRAGMA temp.table_info("tags")
2025-11-29 18:59:15,515 INFO sqlalchemy.engine.Engine [raw sql] ()
2025-11-29 18:59:15,516 INFO sqlalchemy.engine.Engine PRAGMA main.table_info("assignments")
2025-11-29 18:59:15,516 INFO sqlalchemy.engine.Engine [raw sql] ()
2025-11-29 18:59:15,516 INFO sqlalchemy.engine.Engine PRAGMA temp.table_info("assignments")
2025-11-29 18:59:15,516 INFO sqlalchemy.engine.Engine [raw sql] ()
2025-11-29 18:59:15,517 INFO sqlalchemy.engine.Engine PRAGMA main.table_info("submissions")
2025-11-29 18:59:15,517 INFO sqlalchemy.engine.Engine [raw sql] ()
2025-11-29 18:59:15,518 INFO sqlalchemy.engine.Engine PRAGMA temp.table_info("submissions")
2025-11-29 18:59:15,518 INFO sqlalchemy.engine.Engine [raw sql] ()
2025-11-29 18:59:15,518 INFO sqlalchemy.engine.Engine PRAGMA main.table_info("discussion_categories")
2025-11-29 18:59:15,518 INFO sqlalchemy.engine.Engine [raw sql] ()
2025-11-29 18:59:15,519 INFO sqlalchemy.engine.Engine PRAGMA temp.table_info("discussion_categories")
2025-11-29 18:59:15,519 INFO sqlalchemy.engine.Engine [raw sql] ()
2025-11-29 18:59:15,519 INFO sqlalchemy.engine.Engine PRAGMA main.table_info("discussion_threads")
2025-11-29 18:59:15,519 INFO sqlalchemy.engine.Engine [raw sql] ()
2025-11-29 18:59:15,520 INFO sqlalchemy.engine.Engine PRAGMA temp.table_info("discussion_threads")
2025-11-29 18:59:15,520 INFO sqlalchemy.engine.Engine [raw sql] ()
2025-11-29 18:59:15,521 INFO sqlalchemy.engine.Engine PRAGMA main.table_info("discussion_posts")
2025-11-29 18:59:15,521 INFO sqlalchemy.engine.Engine [raw sql] ()
2025-11-29 18:59:15,521 INFO sqlalchemy.engine.Engine PRAGMA temp.table_info("discussion_posts")
2025-11-29 18:59:15,521 INFO sqlalchemy.engine.Engine [raw sql] ()
2025-11-29 18:59:15,522 INFO sqlalchemy.engine.Engine PRAGMA main.table_info("post_votes")
2025-11-29 18:59:15,522 INFO sqlalchemy.engine.Engine [raw sql] ()
2025-11-29 18:59:15,522 INFO sqlalchemy.engine.Engine PRAGMA temp.table_info("post_votes")
2025-11-29 18:59:15,523 INFO sqlalchemy.engine.Engine [raw sql] ()
2025-11-29 18:59:15,523 INFO sqlalchemy.engine.Engine PRAGMA main.table_info("course_announcements")
2025-11-29 18:59:15,523 INFO sqlalchemy.engine.Engine [raw sql] ()
2025-11-29 18:59:15,523 INFO sqlalchemy.engine.Engine PRAGMA temp.table_info("course_announcements")
2025-11-29 18:59:15,523 INFO sqlalchemy.engine.Engine [raw sql] ()
2025-11-29 18:59:15,524 INFO sqlalchemy.engine.Engine PRAGMA main.table_info("announcement_reads")
2025-11-29 18:59:15,524 INFO sqlalchemy.engine.Engine [raw sql] ()
2025-11-29 18:59:15,525 INFO sqlalchemy.engine.Engine PRAGMA temp.table_info("announcement_reads")
2025-11-29 18:59:15,525 INFO sqlalchemy.engine.Engine [raw sql] ()
2025-11-29 18:59:15,525 INFO sqlalchemy.engine.Engine PRAGMA main.table_info("lesson_notes")
2025-11-29 18:59:15,525 INFO sqlalchemy.engine.Engine [raw sql] ()
2025-11-29 18:59:15,526 INFO sqlalchemy.engine.Engine PRAGMA temp.table_info("lesson_notes")
2025-11-29 18:59:15,527 INFO sqlalchemy.engine.Engine [raw sql] ()
2025-11-29 18:59:15,527 INFO sqlalchemy.engine.Engine PRAGMA main.table_info("lesson_bookmarks")
2025-11-29 18:59:15,528 INFO sqlalchemy.engine.Engine [raw sql] ()
2025-11-29 18:59:15,529 INFO sqlalchemy.engine.Engine PRAGMA temp.table_info("lesson_bookmarks")
2025-11-29 18:59:15,529 INFO sqlalchemy.engine.Engine [raw sql] ()
2025-11-29 18:59:15,529 INFO sqlalchemy.engine.Engine PRAGMA main.table_info("course_bookmarks")
2025-11-29 18:59:15,529 INFO sqlalchemy.engine.Engine [raw sql] ()
2025-11-29 18:59:15,530 INFO sqlalchemy.engine.Engine PRAGMA temp.table_info("course_bookmarks")
2025-11-29 18:59:15,530 INFO sqlalchemy.engine.Engine [raw sql] ()
2025-11-29 18:59:15,530 INFO sqlalchemy.engine.Engine PRAGMA main.table_info("question_bank_questions")
2025-11-29 18:59:15,530 INFO sqlalchemy.engine.Engine [raw sql] ()
2025-11-29 18:59:15,531 INFO sqlalchemy.engine.Engine PRAGMA temp.table_info("question_bank_questions")
2025-11-29 18:59:15,531 INFO sqlalchemy.engine.Engine [raw sql] ()
2025-11-29 18:59:15,531 INFO sqlalchemy.engine.Engine PRAGMA main.table_info("question_banks")
2025-11-29 18:59:15,531 INFO sqlalchemy.engine.Engine [raw sql] ()
2025-11-29 18:59:15,531 INFO sqlalchemy.engine.Engine PRAGMA temp.table_info("question_banks")
2025-11-29 18:59:15,531 INFO sqlalchemy.engine.Engine [raw sql] ()
2025-11-29 18:59:15,532 INFO sqlalchemy.engine.Engine PRAGMA main.table_info("bank_questions")
2025-11-29 18:59:15,532 INFO sqlalchemy.engine.Engine [raw sql] ()
2025-11-29 18:59:15,532 INFO sqlalchemy.engine.Engine PRAGMA temp.table_info("bank_questions")
2025-11-29 18:59:15,532 INFO sqlalchemy.engine.Engine [raw sql] ()
2025-11-29 18:59:15,532 INFO sqlalchemy.engine.Engine PRAGMA main.table_info("quiz_question_pools")
2025-11-29 18:59:15,532 INFO sqlalchemy.engine.Engine [raw sql] ()
2025-11-29 18:59:15,532 INFO sqlalchemy.engine.Engine PRAGMA temp.table_info("quiz_question_pools")
2025-11-29 18:59:15,532 INFO sqlalchemy.engine.Engine [raw sql] ()
2025-11-29 18:59:15,532 INFO sqlalchemy.engine.Engine PRAGMA main.table_info("peer_review_assignments")
2025-11-29 18:59:15,533 INFO sqlalchemy.engine.Engine [raw sql] ()
2025-11-29 18:59:15,533 INFO sqlalchemy.engine.Engine PRAGMA temp.table_info("peer_review_assignments")
2025-11-29 18:59:15,533 INFO sqlalchemy.engine.Engine [raw sql] ()
2025-11-29 18:59:15,533 INFO sqlalchemy.engine.Engine PRAGMA main.table_info("peer_reviews")
2025-11-29 18:59:15,533 INFO sqlalchemy.engine.Engine [raw sql] ()
2025-11-29 18:59:15,533 INFO sqlalchemy.engine.Engine PRAGMA temp.table_info("peer_reviews")
2025-11-29 18:59:15,533 INFO sqlalchemy.engine.Engine [raw sql] ()
2025-11-29 18:59:15,534 INFO sqlalchemy.engine.Engine PRAGMA main.table_info("live_classes")
2025-11-29 18:59:15,534 INFO sqlalchemy.engine.Engine [raw sql] ()
2025-11-29 18:59:15,534 INFO sqlalchemy.engine.Engine PRAGMA temp.table_info("live_classes")
2025-11-29 18:59:15,534 INFO sqlalchemy.engine.Engine [raw sql] ()
2025-11-29 18:59:15,534 INFO sqlalchemy.engine.Engine PRAGMA main.table_info("live_class_attendance")
2025-11-29 18:59:15,534 INFO sqlalchemy.engine.Engine [raw sql] ()
2025-11-29 18:59:15,534 INFO sqlalchemy.engine.Engine PRAGMA temp.table_info("live_class_attendance")
2025-11-29 18:59:15,535 INFO sqlalchemy.engine.Engine [raw sql] ()
2025-11-29 18:59:15,535 INFO sqlalchemy.engine.Engine PRAGMA main.table_info("live_class_polls")
2025-11-29 18:59:15,535 INFO sqlalchemy.engine.Engine [raw sql] ()
2025-11-29 18:59:15,535 INFO sqlalchemy.engine.Engine PRAGMA temp.table_info("live_class_polls")
2025-11-29 18:59:15,536 INFO sqlalchemy.engine.Engine [raw sql] ()
2025-11-29 18:59:15,536 INFO sqlalchemy.engine.Engine PRAGMA main.table_info("live_class_poll_responses")
2025-11-29 18:59:15,536 INFO sqlalchemy.engine.Engine [raw sql] ()
2025-11-29 18:59:15,536 INFO sqlalchemy.engine.Engine PRAGMA temp.table_info("live_class_poll_responses")
2025-11-29 18:59:15,536 INFO sqlalchemy.engine.Engine [raw sql] ()
2025-11-29 18:59:15,537 INFO sqlalchemy.engine.Engine PRAGMA main.table_info("live_class_questions")
2025-11-29 18:59:15,537 INFO sqlalchemy.engine.Engine [raw sql] ()
2025-11-29 18:59:15,537 INFO sqlalchemy.engine.Engine PRAGMA temp.table_info("live_class_questions")
2025-11-29 18:59:15,537 INFO sqlalchemy.engine.Engine [raw sql] ()
2025-11-29 18:59:15,538 INFO sqlalchemy.engine.Engine PRAGMA main.table_info("live_class_reactions")
2025-11-29 18:59:15,538 INFO sqlalchemy.engine.Engine [raw sql] ()
2025-11-29 18:59:15,538 INFO sqlalchemy.engine.Engine PRAGMA temp.table_info("live_class_reactions")
2025-11-29 18:59:15,538 INFO sqlalchemy.engine.Engine [raw sql] ()
2025-11-29 18:59:15,538 INFO sqlalchemy.engine.Engine PRAGMA main.table_info("live_class_chat_messages")
2025-11-29 18:59:15,539 INFO sqlalchemy.engine.Engine [raw sql] ()
2025-11-29 18:59:15,539 INFO sqlalchemy.engine.Engine PRAGMA temp.table_info("live_class_chat_messages")
2025-11-29 18:59:15,539 INFO sqlalchemy.engine.Engine [raw sql] ()
2025-11-29 18:59:15,539 INFO sqlalchemy.engine.Engine PRAGMA main.table_info("learning_paths")
2025-11-29 18:59:15,539 INFO sqlalchemy.engine.Engine [raw sql] ()
2025-11-29 18:59:15,540 INFO sqlalchemy.engine.Engine PRAGMA temp.table_info("learning_paths")
2025-11-29 18:59:15,540 INFO sqlalchemy.engine.Engine [raw sql] ()
2025-11-29 18:59:15,540 INFO sqlalchemy.engine.Engine PRAGMA main.table_info("path_courses")
2025-11-29 18:59:15,540 INFO sqlalchemy.engine.Engine [raw sql] ()
2025-11-29 18:59:15,540 INFO sqlalchemy.engine.Engine PRAGMA temp.table_info("path_courses")
2025-11-29 18:59:15,540 INFO sqlalchemy.engine.Engine [raw sql] ()
2025-11-29 18:59:15,541 INFO sqlalchemy.engine.Engine PRAGMA main.table_info("path_enrollments")
2025-11-29 18:59:15,541 INFO sqlalchemy.engine.Engine [raw sql] ()
2025-11-29 18:59:15,541 INFO sqlalchemy.engine.Engine PRAGMA temp.table_info("path_enrollments")
2025-11-29 18:59:15,541 INFO sqlalchemy.engine.Engine [raw sql] ()
2025-11-29 18:59:15,541 INFO sqlalchemy.engine.Engine PRAGMA main.table_info("certificate_templates")
2025-11-29 18:59:15,542 INFO sqlalchemy.engine.Engine [raw sql] ()
2025-11-29 18:59:15,542 INFO sqlalchemy.engine.Engine PRAGMA temp.table_info("certificate_templates")
2025-11-29 18:59:15,542 INFO sqlalchemy.engine.Engine [raw sql] ()
2025-11-29 18:59:15,542 INFO sqlalchemy.engine.Engine PRAGMA main.table_info("course_bundle_items")
2025-11-29 18:59:15,542 INFO sqlalchemy.engine.Engine [raw sql] ()
2025-11-29 18:59:15,543 INFO sqlalchemy.engine.Engine PRAGMA temp.table_info("course_bundle_items")
2025-11-29 18:59:15,543 INFO sqlalchemy.engine.Engine [raw sql] ()
2025-11-29 18:59:15,543 INFO sqlalchemy.engine.Engine PRAGMA main.table_info("course_bundles")
2025-11-29 18:59:15,543 INFO sqlalchemy.engine.Engine [raw sql] ()
2025-11-29 18:59:15,544 INFO sqlalchemy.engine.Engine PRAGMA temp.table_info("course_bundles")
2025-11-29 18:59:15,544 INFO sqlalchemy.engine.Engine [raw sql] ()
2025-11-29 18:59:15,544 INFO sqlalchemy.engine.Engine PRAGMA main.table_info("bundle_enrollments")
2025-11-29 18:59:15,544 INFO sqlalchemy.engine.Engine [raw sql] ()
2025-11-29 18:59:15,545 INFO sqlalchemy.engine.Engine PRAGMA temp.table_info("bundle_enrollments")
2025-11-29 18:59:15,545 INFO sqlalchemy.engine.Engine [raw sql] ()
2025-11-29 18:59:15,545 INFO sqlalchemy.engine.Engine PRAGMA main.table_info("courses")
2025-11-29 18:59:15,545 INFO sqlalchemy.engine.Engine [raw sql] ()
2025-11-29 18:59:15,546 INFO sqlalchemy.engine.Engine PRAGMA temp.table_info("courses")
2025-11-29 18:59:15,546 INFO sqlalchemy.engine.Engine [raw sql] ()
2025-11-29 18:59:15,546 INFO sqlalchemy.engine.Engine PRAGMA main.table_info("modules")
2025-11-29 18:59:15,546 INFO sqlalchemy.engine.Engine [raw sql] ()
2025-11-29 18:59:15,547 INFO sqlalchemy.engine.Engine PRAGMA temp.table_info("modules")
2025-11-29 18:59:15,547 INFO sqlalchemy.engine.Engine [raw sql] ()
2025-11-29 18:59:15,547 INFO sqlalchemy.engine.Engine PRAGMA main.table_info("lessons")
2025-11-29 18:59:15,547 INFO sqlalchemy.engine.Engine [raw sql] ()
2025-11-29 18:59:15,548 INFO sqlalchemy.engine.Engine PRAGMA temp.table_info("lessons")
2025-11-29 18:59:15,548 INFO sqlalchemy.engine.Engine [raw sql] ()
2025-11-29 18:59:15,549 INFO sqlalchemy.engine.Engine PRAGMA main.table_info("enrollments")
2025-11-29 18:59:15,549 INFO sqlalchemy.engine.Engine [raw sql] ()
2025-11-29 18:59:15,549 INFO sqlalchemy.engine.Engine PRAGMA temp.table_info("enrollments")
2025-11-29 18:59:15,549 INFO sqlalchemy.engine.Engine [raw sql] ()
2025-11-29 18:59:15,550 INFO sqlalchemy.engine.Engine PRAGMA main.table_info("quizzes")
2025-11-29 18:59:15,550 INFO sqlalchemy.engine.Engine [raw sql] ()
2025-11-29 18:59:15,550 INFO sqlalchemy.engine.Engine PRAGMA temp.table_info("quizzes")
2025-11-29 18:59:15,551 INFO sqlalchemy.engine.Engine [raw sql] ()
2025-11-29 18:59:15,551 INFO sqlalchemy.engine.Engine PRAGMA main.table_info("questions")
2025-11-29 18:59:15,551 INFO sqlalchemy.engine.Engine [raw sql] ()
2025-11-29 18:59:15,552 INFO sqlalchemy.engine.Engine PRAGMA temp.table_info("questions")
2025-11-29 18:59:15,552 INFO sqlalchemy.engine.Engine [raw sql] ()
2025-11-29 18:59:15,552 INFO sqlalchemy.engine.Engine PRAGMA main.table_info("question_options")
2025-11-29 18:59:15,552 INFO sqlalchemy.engine.Engine [raw sql] ()
2025-11-29 18:59:15,553 INFO sqlalchemy.engine.Engine PRAGMA temp.table_info("question_options")
2025-11-29 18:59:15,553 INFO sqlalchemy.engine.Engine [raw sql] ()
2025-11-29 18:59:15,553 INFO sqlalchemy.engine.Engine PRAGMA main.table_info("quiz_attempts")
2025-11-29 18:59:15,553 INFO sqlalchemy.engine.Engine [raw sql] ()
2025-11-29 18:59:15,554 INFO sqlalchemy.engine.Engine PRAGMA temp.table_info("quiz_attempts")
2025-11-29 18:59:15,554 INFO sqlalchemy.engine.Engine [raw sql] ()
2025-11-29 18:59:15,554 INFO sqlalchemy.engine.Engine PRAGMA main.table_info("student_answers")
2025-11-29 18:59:15,554 INFO sqlalchemy.engine.Engine [raw sql] ()
2025-11-29 18:59:15,555 INFO sqlalchemy.engine.Engine PRAGMA temp.table_info("student_answers")
2025-11-29 18:59:15,555 INFO sqlalchemy.engine.Engine [raw sql] ()
2025-11-29 18:59:15,555 INFO sqlalchemy.engine.Engine PRAGMA main.table_info("quiz_feedback")
2025-11-29 18:59:15,555 INFO sqlalchemy.engine.Engine [raw sql] ()
2025-11-29 18:59:15,555 INFO sqlalchemy.engine.Engine PRAGMA temp.table_info("quiz_feedback")
2025-11-29 18:59:15,556 INFO sqlalchemy.engine.Engine [raw sql] ()
2025-11-29 18:59:15,556 INFO sqlalchemy.engine.Engine PRAGMA main.table_info("quiz_attempt_analytics")
2025-11-29 18:59:15,556 INFO sqlalchemy.engine.Engine [raw sql] ()
2025-11-29 18:59:15,556 INFO sqlalchemy.engine.Engine PRAGMA temp.table_info("quiz_attempt_analytics")
2025-11-29 18:59:15,557 INFO sqlalchemy.engine.Engine [raw sql] ()
2025-11-29 18:59:15,557 INFO sqlalchemy.engine.Engine PRAGMA main.table_info("assessment_rubrics")
2025-11-29 18:59:15,557 INFO sqlalchemy.engine.Engine [raw sql] ()
2025-11-29 18:59:15,558 INFO sqlalchemy.engine.Engine PRAGMA temp.table_info("assessment_rubrics")
2025-11-29 18:59:15,558 INFO sqlalchemy.engine.Engine [raw sql] ()
2025-11-29 18:59:15,558 INFO sqlalchemy.engine.Engine PRAGMA main.table_info("ai_grading_results")
2025-11-29 18:59:15,558 INFO sqlalchemy.engine.Engine [raw sql] ()
2025-11-29 18:59:15,559 INFO sqlalchemy.engine.Engine PRAGMA temp.table_info("ai_grading_results")
2025-11-29 18:59:15,559 INFO sqlalchemy.engine.Engine [raw sql] ()
2025-11-29 18:59:15,559 INFO sqlalchemy.engine.Engine PRAGMA main.table_info("mood_entries")
2025-11-29 18:59:15,559 INFO sqlalchemy.engine.Engine [raw sql] ()
2025-11-29 18:59:15,559 INFO sqlalchemy.engine.Engine PRAGMA temp.table_info("mood_entries")
2025-11-29 18:59:15,560 INFO sqlalchemy.engine.Engine [raw sql] ()
2025-11-29 18:59:15,560 INFO sqlalchemy.engine.Engine PRAGMA main.table_info("exam_sessions")
2025-11-29 18:59:15,560 INFO sqlalchemy.engine.Engine [raw sql] ()
2025-11-29 18:59:15,560 INFO sqlalchemy.engine.Engine PRAGMA temp.table_info("exam_sessions")
2025-11-29 18:59:15,560 INFO sqlalchemy.engine.Engine [raw sql] ()
2025-11-29 18:59:15,560 INFO sqlalchemy.engine.Engine PRAGMA main.table_info("shadow_mode_sessions")
2025-11-29 18:59:15,561 INFO sqlalchemy.engine.Engine [raw sql] ()
2025-11-29 18:59:15,561 INFO sqlalchemy.engine.Engine PRAGMA temp.table_info("shadow_mode_sessions")
2025-11-29 18:59:15,561 INFO sqlalchemy.engine.Engine [raw sql] ()
2025-11-29 18:59:15,561 INFO sqlalchemy.engine.Engine PRAGMA main.table_info("study_rooms")
2025-11-29 18:59:15,561 INFO sqlalchemy.engine.Engine [raw sql] ()
2025-11-29 18:59:15,561 INFO sqlalchemy.engine.Engine PRAGMA temp.table_info("study_rooms")
2025-11-29 18:59:15,562 INFO sqlalchemy.engine.Engine [raw sql] ()
2025-11-29 18:59:15,562 INFO sqlalchemy.engine.Engine PRAGMA main.table_info("group_members")
2025-11-29 18:59:15,562 INFO sqlalchemy.engine.Engine [raw sql] ()
2025-11-29 18:59:15,562 INFO sqlalchemy.engine.Engine PRAGMA temp.table_info("group_members")
2025-11-29 18:59:15,562 INFO sqlalchemy.engine.Engine [raw sql] ()
2025-11-29 18:59:15,562 INFO sqlalchemy.engine.Engine PRAGMA main.table_info("study_groups")
2025-11-29 18:59:15,562 INFO sqlalchemy.engine.Engine [raw sql] ()
2025-11-29 18:59:15,562 INFO sqlalchemy.engine.Engine PRAGMA temp.table_info("study_groups")
2025-11-29 18:59:15,563 INFO sqlalchemy.engine.Engine [raw sql] ()
2025-11-29 18:59:15,563 INFO sqlalchemy.engine.Engine PRAGMA main.table_info("learning_groups")
2025-11-29 18:59:15,563 INFO sqlalchemy.engine.Engine [raw sql] ()
2025-11-29 18:59:15,563 INFO sqlalchemy.engine.Engine PRAGMA temp.table_info("learning_groups")
2025-11-29 18:59:15,563 INFO sqlalchemy.engine.Engine [raw sql] ()
2025-11-29 18:59:15,564 INFO sqlalchemy.engine.Engine PRAGMA main.table_info("group_memberships")
2025-11-29 18:59:15,564 INFO sqlalchemy.engine.Engine [raw sql] ()
2025-11-29 18:59:15,564 INFO sqlalchemy.engine.Engine PRAGMA temp.table_info("group_memberships")
2025-11-29 18:59:15,564 INFO sqlalchemy.engine.Engine [raw sql] ()
2025-11-29 18:59:15,565 INFO sqlalchemy.engine.Engine PRAGMA main.table_info("group_posts")
2025-11-29 18:59:15,565 INFO sqlalchemy.engine.Engine [raw sql] ()
2025-11-29 18:59:15,566 INFO sqlalchemy.engine.Engine PRAGMA temp.table_info("group_posts")
2025-11-29 18:59:15,566 INFO sqlalchemy.engine.Engine [raw sql] ()
2025-11-29 18:59:15,567 INFO sqlalchemy.engine.Engine PRAGMA main.table_info("group_post_comments")
2025-11-29 18:59:15,567 INFO sqlalchemy.engine.Engine [raw sql] ()
2025-11-29 18:59:15,568 INFO sqlalchemy.engine.Engine PRAGMA temp.table_info("group_post_comments")
2025-11-29 18:59:15,568 INFO sqlalchemy.engine.Engine [raw sql] ()
2025-11-29 18:59:15,569 INFO sqlalchemy.engine.Engine PRAGMA main.table_info("collaborative_projects")
2025-11-29 18:59:15,569 INFO sqlalchemy.engine.Engine [raw sql] ()
2025-11-29 18:59:15,569 INFO sqlalchemy.engine.Engine PRAGMA temp.table_info("collaborative_projects")
2025-11-29 18:59:15,569 INFO sqlalchemy.engine.Engine [raw sql] ()
2025-11-29 18:59:15,569 INFO sqlalchemy.engine.Engine PRAGMA main.table_info("project_teams")
2025-11-29 18:59:15,569 INFO sqlalchemy.engine.Engine [raw sql] ()
2025-11-29 18:59:15,570 INFO sqlalchemy.engine.Engine PRAGMA temp.table_info("project_teams")
2025-11-29 18:59:15,570 INFO sqlalchemy.engine.Engine [raw sql] ()
2025-11-29 18:59:15,570 INFO sqlalchemy.engine.Engine PRAGMA main.table_info("project_team_members")
2025-11-29 18:59:15,570 INFO sqlalchemy.engine.Engine [raw sql] ()
2025-11-29 18:59:15,571 INFO sqlalchemy.engine.Engine PRAGMA temp.table_info("project_team_members")
2025-11-29 18:59:15,571 INFO sqlalchemy.engine.Engine [raw sql] ()
2025-11-29 18:59:15,571 INFO sqlalchemy.engine.Engine PRAGMA main.table_info("project_milestones")
2025-11-29 18:59:15,571 INFO sqlalchemy.engine.Engine [raw sql] ()
2025-11-29 18:59:15,572 INFO sqlalchemy.engine.Engine PRAGMA temp.table_info("project_milestones")
2025-11-29 18:59:15,572 INFO sqlalchemy.engine.Engine [raw sql] ()
2025-11-29 18:59:15,573 INFO sqlalchemy.engine.Engine PRAGMA main.table_info("project_submissions")
2025-11-29 18:59:15,573 INFO sqlalchemy.engine.Engine [raw sql] ()
2025-11-29 18:59:15,574 INFO sqlalchemy.engine.Engine PRAGMA temp.table_info("project_submissions")
2025-11-29 18:59:15,575 INFO sqlalchemy.engine.Engine [raw sql] ()
2025-11-29 18:59:15,575 INFO sqlalchemy.engine.Engine PRAGMA main.table_info("realtime_chat_messages")
2025-11-29 18:59:15,575 INFO sqlalchemy.engine.Engine [raw sql] ()
2025-11-29 18:59:15,575 INFO sqlalchemy.engine.Engine PRAGMA temp.table_info("realtime_chat_messages")
2025-11-29 18:59:15,575 INFO sqlalchemy.engine.Engine [raw sql] ()
2025-11-29 18:59:15,575 INFO sqlalchemy.engine.Engine PRAGMA main.table_info("realtime_user_presence")
2025-11-29 18:59:15,576 INFO sqlalchemy.engine.Engine [raw sql] ()
2025-11-29 18:59:15,576 INFO sqlalchemy.engine.Engine PRAGMA temp.table_info("realtime_user_presence")
2025-11-29 18:59:15,576 INFO sqlalchemy.engine.Engine [raw sql] ()
2025-11-29 18:59:15,576 INFO sqlalchemy.engine.Engine PRAGMA main.table_info("chat_sessions")
2025-11-29 18:59:15,576 INFO sqlalchemy.engine.Engine [raw sql] ()
2025-11-29 18:59:15,577 INFO sqlalchemy.engine.Engine PRAGMA temp.table_info("chat_sessions")
2025-11-29 18:59:15,577 INFO sqlalchemy.engine.Engine [raw sql] ()
2025-11-29 18:59:15,577 INFO sqlalchemy.engine.Engine PRAGMA main.table_info("chatbot_messages")
2025-11-29 18:59:15,578 INFO sqlalchemy.engine.Engine [raw sql] ()
2025-11-29 18:59:15,578 INFO sqlalchemy.engine.Engine PRAGMA temp.table_info("chatbot_messages")
2025-11-29 18:59:15,578 INFO sqlalchemy.engine.Engine [raw sql] ()
2025-11-29 18:59:15,579 INFO sqlalchemy.engine.Engine PRAGMA main.table_info("chat_feedback")
2025-11-29 18:59:15,579 INFO sqlalchemy.engine.Engine [raw sql] ()
2025-11-29 18:59:15,579 INFO sqlalchemy.engine.Engine PRAGMA temp.table_info("chat_feedback")
2025-11-29 18:59:15,579 INFO sqlalchemy.engine.Engine [raw sql] ()
2025-11-29 18:59:15,580 INFO sqlalchemy.engine.Engine PRAGMA main.table_info("user_activities")
2025-11-29 18:59:15,580 INFO sqlalchemy.engine.Engine [raw sql] ()
2025-11-29 18:59:15,580 INFO sqlalchemy.engine.Engine PRAGMA temp.table_info("user_activities")
2025-11-29 18:59:15,580 INFO sqlalchemy.engine.Engine [raw sql] ()
2025-11-29 18:59:15,581 INFO sqlalchemy.engine.Engine PRAGMA main.table_info("course_recommendations")
2025-11-29 18:59:15,581 INFO sqlalchemy.engine.Engine [raw sql] ()
2025-11-29 18:59:15,581 INFO sqlalchemy.engine.Engine PRAGMA temp.table_info("course_recommendations")
2025-11-29 18:59:15,581 INFO sqlalchemy.engine.Engine [raw sql] ()
2025-11-29 18:59:15,581 INFO sqlalchemy.engine.Engine PRAGMA main.table_info("user_preferences")
2025-11-29 18:59:15,581 INFO sqlalchemy.engine.Engine [raw sql] ()
2025-11-29 18:59:15,582 INFO sqlalchemy.engine.Engine PRAGMA temp.table_info("user_preferences")
2025-11-29 18:59:15,582 INFO sqlalchemy.engine.Engine [raw sql] ()
2025-11-29 18:59:15,582 INFO sqlalchemy.engine.Engine PRAGMA main.table_info("ai_conversations")
2025-11-29 18:59:15,582 INFO sqlalchemy.engine.Engine [raw sql] ()
2025-11-29 18:59:15,583 INFO sqlalchemy.engine.Engine PRAGMA temp.table_info("ai_conversations")
2025-11-29 18:59:15,583 INFO sqlalchemy.engine.Engine [raw sql] ()
2025-11-29 18:59:15,583 INFO sqlalchemy.engine.Engine PRAGMA main.table_info("notifications")
2025-11-29 18:59:15,583 INFO sqlalchemy.engine.Engine [raw sql] ()
2025-11-29 18:59:15,584 INFO sqlalchemy.engine.Engine PRAGMA temp.table_info("notifications")
2025-11-29 18:59:15,584 INFO sqlalchemy.engine.Engine [raw sql] ()
2025-11-29 18:59:15,584 INFO sqlalchemy.engine.Engine PRAGMA main.table_info("user_email_preferences")
2025-11-29 18:59:15,585 INFO sqlalchemy.engine.Engine [raw sql] ()
2025-11-29 18:59:15,585 INFO sqlalchemy.engine.Engine PRAGMA temp.table_info("user_email_preferences")
2025-11-29 18:59:15,585 INFO sqlalchemy.engine.Engine [raw sql] ()
2025-11-29 18:59:15,585 INFO sqlalchemy.engine.Engine PRAGMA main.table_info("email_templates")
2025-11-29 18:59:15,586 INFO sqlalchemy.engine.Engine [raw sql] ()
2025-11-29 18:59:15,586 INFO sqlalchemy.engine.Engine PRAGMA temp.table_info("email_templates")
2025-11-29 18:59:15,586 INFO sqlalchemy.engine.Engine [raw sql] ()
2025-11-29 18:59:15,586 INFO sqlalchemy.engine.Engine PRAGMA main.table_info("email_logs")
2025-11-29 18:59:15,587 INFO sqlalchemy.engine.Engine [raw sql] ()
2025-11-29 18:59:15,587 INFO sqlalchemy.engine.Engine PRAGMA temp.table_info("email_logs")
2025-11-29 18:59:15,587 INFO sqlalchemy.engine.Engine [raw sql] ()
2025-11-29 18:59:15,587 INFO sqlalchemy.engine.Engine PRAGMA main.table_info("coupons")
2025-11-29 18:59:15,588 INFO sqlalchemy.engine.Engine [raw sql] ()
2025-11-29 18:59:15,588 INFO sqlalchemy.engine.Engine PRAGMA temp.table_info("coupons")
2025-11-29 18:59:15,588 INFO sqlalchemy.engine.Engine [raw sql] ()
2025-11-29 18:59:15,588 INFO sqlalchemy.engine.Engine PRAGMA main.table_info("coupon_usages")
2025-11-29 18:59:15,588 INFO sqlalchemy.engine.Engine [raw sql] ()
2025-11-29 18:59:15,588 INFO sqlalchemy.engine.Engine PRAGMA temp.table_info("coupon_usages")
2025-11-29 18:59:15,588 INFO sqlalchemy.engine.Engine [raw sql] ()
2025-11-29 18:59:15,588 INFO sqlalchemy.engine.Engine PRAGMA main.table_info("shopping_carts")
2025-11-29 18:59:15,589 INFO sqlalchemy.engine.Engine [raw sql] ()
2025-11-29 18:59:15,589 INFO sqlalchemy.engine.Engine PRAGMA temp.table_info("shopping_carts")
2025-11-29 18:59:15,589 INFO sqlalchemy.engine.Engine [raw sql] ()
2025-11-29 18:59:15,589 INFO sqlalchemy.engine.Engine PRAGMA main.table_info("cart_items")
2025-11-29 18:59:15,589 INFO sqlalchemy.engine.Engine [raw sql] ()
2025-11-29 18:59:15,589 INFO sqlalchemy.engine.Engine PRAGMA temp.table_info("cart_items")
2025-11-29 18:59:15,589 INFO sqlalchemy.engine.Engine [raw sql] ()
2025-11-29 18:59:15,589 INFO sqlalchemy.engine.Engine PRAGMA main.table_info("orders")
2025-11-29 18:59:15,590 INFO sqlalchemy.engine.Engine [raw sql] ()
2025-11-29 18:59:15,590 INFO sqlalchemy.engine.Engine PRAGMA temp.table_info("orders")
2025-11-29 18:59:15,590 INFO sqlalchemy.engine.Engine [raw sql] ()
2025-11-29 18:59:15,590 INFO sqlalchemy.engine.Engine PRAGMA main.table_info("order_items")
2025-11-29 18:59:15,590 INFO sqlalchemy.engine.Engine [raw sql] ()
2025-11-29 18:59:15,590 INFO sqlalchemy.engine.Engine PRAGMA temp.table_info("order_items")
2025-11-29 18:59:15,590 INFO sqlalchemy.engine.Engine [raw sql] ()
2025-11-29 18:59:15,590 INFO sqlalchemy.engine.Engine PRAGMA main.table_info("invoices")
2025-11-29 18:59:15,591 INFO sqlalchemy.engine.Engine [raw sql] ()
2025-11-29 18:59:15,591 INFO sqlalchemy.engine.Engine PRAGMA temp.table_info("invoices")
2025-11-29 18:59:15,591 INFO sqlalchemy.engine.Engine [raw sql] ()
2025-11-29 18:59:15,592 INFO sqlalchemy.engine.Engine PRAGMA main.table_info("instructor_analytics")
2025-11-29 18:59:15,592 INFO sqlalchemy.engine.Engine [raw sql] ()
2025-11-29 18:59:15,592 INFO sqlalchemy.engine.Engine PRAGMA temp.table_info("instructor_analytics")
2025-11-29 18:59:15,593 INFO sqlalchemy.engine.Engine [raw sql] ()
2025-11-29 18:59:15,593 INFO sqlalchemy.engine.Engine PRAGMA main.table_info("student_analytics")
2025-11-29 18:59:15,593 INFO sqlalchemy.engine.Engine [raw sql] ()
2025-11-29 18:59:15,594 INFO sqlalchemy.engine.Engine PRAGMA temp.table_info("student_analytics")
2025-11-29 18:59:15,595 INFO sqlalchemy.engine.Engine [raw sql] ()
2025-11-29 18:59:15,596 INFO sqlalchemy.engine.Engine PRAGMA main.table_info("platform_analytics")
2025-11-29 18:59:15,596 INFO sqlalchemy.engine.Engine [raw sql] ()
2025-11-29 18:59:15,597 INFO sqlalchemy.engine.Engine PRAGMA temp.table_info("platform_analytics")
2025-11-29 18:59:15,597 INFO sqlalchemy.engine.Engine [raw sql] ()
2025-11-29 18:59:15,597 INFO sqlalchemy.engine.Engine PRAGMA main.table_info("analytics_events")
2025-11-29 18:59:15,598 INFO sqlalchemy.engine.Engine [raw sql] ()
2025-11-29 18:59:15,599 INFO sqlalchemy.engine.Engine PRAGMA temp.table_info("analytics_events")
2025-11-29 18:59:15,599 INFO sqlalchemy.engine.Engine [raw sql] ()
2025-11-29 18:59:15,600 INFO sqlalchemy.engine.Engine PRAGMA main.table_info("languages")
2025-11-29 18:59:15,600 INFO sqlalchemy.engine.Engine [raw sql] ()
2025-11-29 18:59:15,601 INFO sqlalchemy.engine.Engine PRAGMA temp.table_info("languages")
2025-11-29 18:59:15,601 INFO sqlalchemy.engine.Engine [raw sql] ()
2025-11-29 18:59:15,602 INFO sqlalchemy.engine.Engine PRAGMA main.table_info("translations")
2025-11-29 18:59:15,602 INFO sqlalchemy.engine.Engine [raw sql] ()
2025-11-29 18:59:15,603 INFO sqlalchemy.engine.Engine PRAGMA temp.table_info("translations")
2025-11-29 18:59:15,603 INFO sqlalchemy.engine.Engine [raw sql] ()
2025-11-29 18:59:15,603 INFO sqlalchemy.engine.Engine PRAGMA main.table_info("content_translations")
2025-11-29 18:59:15,604 INFO sqlalchemy.engine.Engine [raw sql] ()
2025-11-29 18:59:15,604 INFO sqlalchemy.engine.Engine PRAGMA temp.table_info("content_translations")
2025-11-29 18:59:15,605 INFO sqlalchemy.engine.Engine [raw sql] ()
2025-11-29 18:59:15,605 INFO sqlalchemy.engine.Engine PRAGMA main.table_info("user_language_preferences")
2025-11-29 18:59:15,606 INFO sqlalchemy.engine.Engine [raw sql] ()
2025-11-29 18:59:15,606 INFO sqlalchemy.engine.Engine PRAGMA temp.table_info("user_language_preferences")
2025-11-29 18:59:15,606 INFO sqlalchemy.engine.Engine [raw sql] ()
2025-11-29 18:59:15,607 INFO sqlalchemy.engine.Engine PRAGMA main.table_info("revenue_shares")
2025-11-29 18:59:15,607 INFO sqlalchemy.engine.Engine [raw sql] ()
2025-11-29 18:59:15,607 INFO sqlalchemy.engine.Engine PRAGMA temp.table_info("revenue_shares")
2025-11-29 18:59:15,607 INFO sqlalchemy.engine.Engine [raw sql] ()
2025-11-29 18:59:15,607 INFO sqlalchemy.engine.Engine PRAGMA main.table_info("instructor_payouts")
2025-11-29 18:59:15,608 INFO sqlalchemy.engine.Engine [raw sql] ()
2025-11-29 18:59:15,608 INFO sqlalchemy.engine.Engine PRAGMA temp.table_info("instructor_payouts")
2025-11-29 18:59:15,608 INFO sqlalchemy.engine.Engine [raw sql] ()
2025-11-29 18:59:15,608 INFO sqlalchemy.engine.Engine PRAGMA main.table_info("instructor_payment_info")
2025-11-29 18:59:15,608 INFO sqlalchemy.engine.Engine [raw sql] ()
2025-11-29 18:59:15,609 INFO sqlalchemy.engine.Engine PRAGMA temp.table_info("instructor_payment_info")
2025-11-29 18:59:15,609 INFO sqlalchemy.engine.Engine [raw sql] ()
2025-11-29 18:59:15,609 INFO sqlalchemy.engine.Engine PRAGMA main.table_info("marketplace_listings")
2025-11-29 18:59:15,609 INFO sqlalchemy.engine.Engine [raw sql] ()
2025-11-29 18:59:15,609 INFO sqlalchemy.engine.Engine PRAGMA temp.table_info("marketplace_listings")
2025-11-29 18:59:15,609 INFO sqlalchemy.engine.Engine [raw sql] ()
2025-11-29 18:59:15,610 INFO sqlalchemy.engine.Engine PRAGMA main.table_info("revenue_transactions")
2025-11-29 18:59:15,610 INFO sqlalchemy.engine.Engine [raw sql] ()
2025-11-29 18:59:15,610 INFO sqlalchemy.engine.Engine PRAGMA temp.table_info("revenue_transactions")
2025-11-29 18:59:15,610 INFO sqlalchemy.engine.Engine [raw sql] ()
2025-11-29 18:59:15,611 INFO sqlalchemy.engine.Engine PRAGMA main.table_info("subscription_plans")
2025-11-29 18:59:15,611 INFO sqlalchemy.engine.Engine [raw sql] ()
2025-11-29 18:59:15,611 INFO sqlalchemy.engine.Engine PRAGMA temp.table_info("subscription_plans")
2025-11-29 18:59:15,611 INFO sqlalchemy.engine.Engine [raw sql] ()
2025-11-29 18:59:15,611 INFO sqlalchemy.engine.Engine PRAGMA main.table_info("user_subscriptions")
2025-11-29 18:59:15,611 INFO sqlalchemy.engine.Engine [raw sql] ()
2025-11-29 18:59:15,612 INFO sqlalchemy.engine.Engine PRAGMA temp.table_info("user_subscriptions")
2025-11-29 18:59:15,612 INFO sqlalchemy.engine.Engine [raw sql] ()
2025-11-29 18:59:15,612 INFO sqlalchemy.engine.Engine PRAGMA main.table_info("subscription_invoices")
2025-11-29 18:59:15,613 INFO sqlalchemy.engine.Engine [raw sql] ()
2025-11-29 18:59:15,613 INFO sqlalchemy.engine.Engine PRAGMA temp.table_info("subscription_invoices")
2025-11-29 18:59:15,613 INFO sqlalchemy.engine.Engine [raw sql] ()
2025-11-29 18:59:15,614 INFO sqlalchemy.engine.Engine PRAGMA main.table_info("subscription_coupons")
2025-11-29 18:59:15,614 INFO sqlalchemy.engine.Engine [raw sql] ()
2025-11-29 18:59:15,614 INFO sqlalchemy.engine.Engine PRAGMA temp.table_info("subscription_coupons")
2025-11-29 18:59:15,615 INFO sqlalchemy.engine.Engine [raw sql] ()
2025-11-29 18:59:15,615 INFO sqlalchemy.engine.Engine PRAGMA main.table_info("affiliate_partners")
2025-11-29 18:59:15,615 INFO sqlalchemy.engine.Engine [raw sql] ()
2025-11-29 18:59:15,615 INFO sqlalchemy.engine.Engine PRAGMA temp.table_info("affiliate_partners")
2025-11-29 18:59:15,615 INFO sqlalchemy.engine.Engine [raw sql] ()
2025-11-29 18:59:15,615 INFO sqlalchemy.engine.Engine PRAGMA main.table_info("affiliate_clicks")
2025-11-29 18:59:15,616 INFO sqlalchemy.engine.Engine [raw sql] ()
2025-11-29 18:59:15,616 INFO sqlalchemy.engine.Engine PRAGMA temp.table_info("affiliate_clicks")
2025-11-29 18:59:15,616 INFO sqlalchemy.engine.Engine [raw sql] ()
2025-11-29 18:59:15,616 INFO sqlalchemy.engine.Engine PRAGMA main.table_info("affiliate_referrals")
2025-11-29 18:59:15,616 INFO sqlalchemy.engine.Engine [raw sql] ()
2025-11-29 18:59:15,617 INFO sqlalchemy.engine.Engine PRAGMA temp.table_info("affiliate_referrals")
2025-11-29 18:59:15,617 INFO sqlalchemy.engine.Engine [raw sql] ()
2025-11-29 18:59:15,617 INFO sqlalchemy.engine.Engine PRAGMA main.table_info("affiliate_commissions")
2025-11-29 18:59:15,617 INFO sqlalchemy.engine.Engine [raw sql] ()
2025-11-29 18:59:15,617 INFO sqlalchemy.engine.Engine PRAGMA temp.table_info("affiliate_commissions")
2025-11-29 18:59:15,617 INFO sqlalchemy.engine.Engine [raw sql] ()
2025-11-29 18:59:15,618 INFO sqlalchemy.engine.Engine PRAGMA main.table_info("affiliate_payouts")
2025-11-29 18:59:15,618 INFO sqlalchemy.engine.Engine [raw sql] ()
2025-11-29 18:59:15,618 INFO sqlalchemy.engine.Engine PRAGMA temp.table_info("affiliate_payouts")
2025-11-29 18:59:15,619 INFO sqlalchemy.engine.Engine [raw sql] ()
2025-11-29 18:59:15,619 INFO sqlalchemy.engine.Engine PRAGMA main.table_info("content_embeddings")
2025-11-29 18:59:15,619 INFO sqlalchemy.engine.Engine [raw sql] ()
2025-11-29 18:59:15,619 INFO sqlalchemy.engine.Engine PRAGMA temp.table_info("content_embeddings")
2025-11-29 18:59:15,619 INFO sqlalchemy.engine.Engine [raw sql] ()
2025-11-29 18:59:15,620 INFO sqlalchemy.engine.Engine PRAGMA main.table_info("plagiarism_checks")
2025-11-29 18:59:15,620 INFO sqlalchemy.engine.Engine [raw sql] ()
2025-11-29 18:59:15,620 INFO sqlalchemy.engine.Engine PRAGMA temp.table_info("plagiarism_checks")
2025-11-29 18:59:15,620 INFO sqlalchemy.engine.Engine [raw sql] ()
2025-11-29 18:59:15,621 INFO sqlalchemy.engine.Engine PRAGMA main.table_info("ai_generated_quizzes")
2025-11-29 18:59:15,621 INFO sqlalchemy.engine.Engine [raw sql] ()
2025-11-29 18:59:15,621 INFO sqlalchemy.engine.Engine PRAGMA temp.table_info("ai_generated_quizzes")
2025-11-29 18:59:15,622 INFO sqlalchemy.engine.Engine [raw sql] ()
2025-11-29 18:59:15,623 INFO sqlalchemy.engine.Engine PRAGMA main.table_info("content_difficulty_analyses")
2025-11-29 18:59:15,623 INFO sqlalchemy.engine.Engine [raw sql] ()
2025-11-29 18:59:15,623 INFO sqlalchemy.engine.Engine PRAGMA temp.table_info("content_difficulty_analyses")
2025-11-29 18:59:15,624 INFO sqlalchemy.engine.Engine [raw sql] ()
2025-11-29 18:59:15,624 INFO sqlalchemy.engine.Engine PRAGMA main.table_info("ai_usage_logs")
2025-11-29 18:59:15,625 INFO sqlalchemy.engine.Engine [raw sql] ()
2025-11-29 18:59:15,625 INFO sqlalchemy.engine.Engine PRAGMA temp.table_info("ai_usage_logs")
2025-11-29 18:59:15,626 INFO sqlalchemy.engine.Engine [raw sql] ()
2025-11-29 18:59:15,626 INFO sqlalchemy.engine.Engine PRAGMA main.table_info("organizations")
2025-11-29 18:59:15,626 INFO sqlalchemy.engine.Engine [raw sql] ()
2025-11-29 18:59:15,627 INFO sqlalchemy.engine.Engine PRAGMA temp.table_info("organizations")
2025-11-29 18:59:15,627 INFO sqlalchemy.engine.Engine [raw sql] ()
2025-11-29 18:59:15,627 INFO sqlalchemy.engine.Engine PRAGMA main.table_info("sso_configs")
2025-11-29 18:59:15,627 INFO sqlalchemy.engine.Engine [raw sql] ()
2025-11-29 18:59:15,628 INFO sqlalchemy.engine.Engine PRAGMA temp.table_info("sso_configs")
2025-11-29 18:59:15,628 INFO sqlalchemy.engine.Engine [raw sql] ()
2025-11-29 18:59:15,628 INFO sqlalchemy.engine.Engine PRAGMA main.table_info("sso_sessions")
2025-11-29 18:59:15,629 INFO sqlalchemy.engine.Engine [raw sql] ()
2025-11-29 18:59:15,629 INFO sqlalchemy.engine.Engine PRAGMA temp.table_info("sso_sessions")
2025-11-29 18:59:15,629 INFO sqlalchemy.engine.Engine [raw sql] ()
2025-11-29 18:59:15,630 INFO sqlalchemy.engine.Engine PRAGMA main.table_info("sso_audit_logs")
2025-11-29 18:59:15,630 INFO sqlalchemy.engine.Engine [raw sql] ()
2025-11-29 18:59:15,631 INFO sqlalchemy.engine.Engine PRAGMA temp.table_info("sso_audit_logs")
2025-11-29 18:59:15,631 INFO sqlalchemy.engine.Engine [raw sql] ()
2025-11-29 18:59:15,631 INFO sqlalchemy.engine.Engine PRAGMA main.table_info("two_factor_auth")
2025-11-29 18:59:15,631 INFO sqlalchemy.engine.Engine [raw sql] ()
2025-11-29 18:59:15,631 INFO sqlalchemy.engine.Engine PRAGMA temp.table_info("two_factor_auth")
2025-11-29 18:59:15,632 INFO sqlalchemy.engine.Engine [raw sql] ()
2025-11-29 18:59:15,632 INFO sqlalchemy.engine.Engine PRAGMA main.table_info("two_factor_backup_codes")
2025-11-29 18:59:15,632 INFO sqlalchemy.engine.Engine [raw sql] ()
2025-11-29 18:59:15,632 INFO sqlalchemy.engine.Engine PRAGMA temp.table_info("two_factor_backup_codes")
2025-11-29 18:59:15,632 INFO sqlalchemy.engine.Engine [raw sql] ()
2025-11-29 18:59:15,632 INFO sqlalchemy.engine.Engine PRAGMA main.table_info("achievements")
2025-11-29 18:59:15,633 INFO sqlalchemy.engine.Engine [raw sql] ()
2025-11-29 18:59:15,633 INFO sqlalchemy.engine.Engine PRAGMA temp.table_info("achievements")
2025-11-29 18:59:15,633 INFO sqlalchemy.engine.Engine [raw sql] ()
2025-11-29 18:59:15,634 INFO sqlalchemy.engine.Engine PRAGMA main.table_info("user_achievements")
2025-11-29 18:59:15,634 INFO sqlalchemy.engine.Engine [raw sql] ()
2025-11-29 18:59:15,635 INFO sqlalchemy.engine.Engine PRAGMA temp.table_info("user_achievements")
2025-11-29 18:59:15,635 INFO sqlalchemy.engine.Engine [raw sql] ()
2025-11-29 18:59:15,635 INFO sqlalchemy.engine.Engine PRAGMA main.table_info("challenges")
2025-11-29 18:59:15,635 INFO sqlalchemy.engine.Engine [raw sql] ()
2025-11-29 18:59:15,635 INFO sqlalchemy.engine.Engine PRAGMA temp.table_info("challenges")
2025-11-29 18:59:15,635 INFO sqlalchemy.engine.Engine [raw sql] ()
2025-11-29 18:59:15,636 INFO sqlalchemy.engine.Engine PRAGMA main.table_info("user_challenges")
2025-11-29 18:59:15,636 INFO sqlalchemy.engine.Engine [raw sql] ()
2025-11-29 18:59:15,636 INFO sqlalchemy.engine.Engine PRAGMA temp.table_info("user_challenges")
2025-11-29 18:59:15,637 INFO sqlalchemy.engine.Engine [raw sql] ()
2025-11-29 18:59:15,637 INFO sqlalchemy.engine.Engine PRAGMA main.table_info("coin_transactions")
2025-11-29 18:59:15,637 INFO sqlalchemy.engine.Engine [raw sql] ()
2025-11-29 18:59:15,638 INFO sqlalchemy.engine.Engine PRAGMA temp.table_info("coin_transactions")
2025-11-29 18:59:15,638 INFO sqlalchemy.engine.Engine [raw sql] ()
2025-11-29 18:59:15,638 INFO sqlalchemy.engine.Engine PRAGMA main.table_info("admin_logs")
2025-11-29 18:59:15,638 INFO sqlalchemy.engine.Engine [raw sql] ()
2025-11-29 18:59:15,638 INFO sqlalchemy.engine.Engine PRAGMA temp.table_info("admin_logs")
2025-11-29 18:59:15,639 INFO sqlalchemy.engine.Engine [raw sql] ()
2025-11-29 18:59:15,639 INFO sqlalchemy.engine.Engine PRAGMA main.table_info("assets")
2025-11-29 18:59:15,639 INFO sqlalchemy.engine.Engine [raw sql] ()
2025-11-29 18:59:15,640 INFO sqlalchemy.engine.Engine PRAGMA temp.table_info("assets")
2025-11-29 18:59:15,640 INFO sqlalchemy.engine.Engine [raw sql] ()
2025-11-29 18:59:15,640 INFO sqlalchemy.engine.Engine PRAGMA main.table_info("blockchain_blocks")
2025-11-29 18:59:15,640 INFO sqlalchemy.engine.Engine [raw sql] ()
2025-11-29 18:59:15,641 INFO sqlalchemy.engine.Engine PRAGMA temp.table_info("blockchain_blocks")
2025-11-29 18:59:15,641 INFO sqlalchemy.engine.Engine [raw sql] ()
2025-11-29 18:59:15,641 INFO sqlalchemy.engine.Engine PRAGMA main.table_info("digital_products")
2025-11-29 18:59:15,641 INFO sqlalchemy.engine.Engine [raw sql] ()
2025-11-29 18:59:15,641 INFO sqlalchemy.engine.Engine PRAGMA temp.table_info("digital_products")
2025-11-29 18:59:15,642 INFO sqlalchemy.engine.Engine [raw sql] ()
2025-11-29 18:59:15,642 INFO sqlalchemy.engine.Engine PRAGMA main.table_info("direct_messages")
2025-11-29 18:59:15,642 INFO sqlalchemy.engine.Engine [raw sql] ()
2025-11-29 18:59:15,642 INFO sqlalchemy.engine.Engine PRAGMA temp.table_info("direct_messages")
2025-11-29 18:59:15,642 INFO sqlalchemy.engine.Engine [raw sql] ()
2025-11-29 18:59:15,643 INFO sqlalchemy.engine.Engine PRAGMA main.table_info("enquiries")
2025-11-29 18:59:15,643 INFO sqlalchemy.engine.Engine [raw sql] ()
2025-11-29 18:59:15,643 INFO sqlalchemy.engine.Engine PRAGMA temp.table_info("enquiries")
2025-11-29 18:59:15,643 INFO sqlalchemy.engine.Engine [raw sql] ()
2025-11-29 18:59:15,643 INFO sqlalchemy.engine.Engine PRAGMA main.table_info("friendships")
2025-11-29 18:59:15,643 INFO sqlalchemy.engine.Engine [raw sql] ()
2025-11-29 18:59:15,644 INFO sqlalchemy.engine.Engine PRAGMA temp.table_info("friendships")
2025-11-29 18:59:15,644 INFO sqlalchemy.engine.Engine [raw sql] ()
2025-11-29 18:59:15,644 INFO sqlalchemy.engine.Engine PRAGMA main.table_info("payment_methods")
2025-11-29 18:59:15,644 INFO sqlalchemy.engine.Engine [raw sql] ()
2025-11-29 18:59:15,644 INFO sqlalchemy.engine.Engine PRAGMA temp.table_info("payment_methods")
2025-11-29 18:59:15,644 INFO sqlalchemy.engine.Engine [raw sql] ()
2025-11-29 18:59:15,645 INFO sqlalchemy.engine.Engine PRAGMA main.table_info("tax_rates")
2025-11-29 18:59:15,645 INFO sqlalchemy.engine.Engine [raw sql] ()
2025-11-29 18:59:15,645 INFO sqlalchemy.engine.Engine PRAGMA temp.table_info("tax_rates")
2025-11-29 18:59:15,645 INFO sqlalchemy.engine.Engine [raw sql] ()
2025-11-29 18:59:15,645 INFO sqlalchemy.engine.Engine PRAGMA main.table_info("tax_calculations")
2025-11-29 18:59:15,645 INFO sqlalchemy.engine.Engine [raw sql] ()
2025-11-29 18:59:15,646 INFO sqlalchemy.engine.Engine PRAGMA temp.table_info("tax_calculations")
2025-11-29 18:59:15,646 INFO sqlalchemy.engine.Engine [raw sql] ()
2025-11-29 18:59:15,646 INFO sqlalchemy.engine.Engine PRAGMA main.table_info("tax_exemptions")
2025-11-29 18:59:15,646 INFO sqlalchemy.engine.Engine [raw sql] ()
2025-11-29 18:59:15,646 INFO sqlalchemy.engine.Engine PRAGMA temp.table_info("tax_exemptions")
2025-11-29 18:59:15,647 INFO sqlalchemy.engine.Engine [raw sql] ()
2025-11-29 18:59:15,655 INFO sqlalchemy.engine.Engine 
CREATE TABLE roles (
	id INTEGER NOT NULL, 
	name VARCHAR(50) NOT NULL, 
	display_name VARCHAR(100) NOT NULL, 
	description VARCHAR(500), 
	is_system_role BOOLEAN NOT NULL, 
	created_at DATETIME DEFAULT CURRENT_TIMESTAMP NOT NULL, 
	updated_at DATETIME DEFAULT CURRENT_TIMESTAMP NOT NULL, 
	PRIMARY KEY (id)
)


2025-11-29 18:59:15,655 INFO sqlalchemy.engine.Engine [no key 0.00031s] ()
2025-11-29 18:59:16,101 INFO sqlalchemy.engine.Engine CREATE UNIQUE INDEX ix_roles_name ON roles (name)
2025-11-29 18:59:16,101 INFO sqlalchemy.engine.Engine [no key 0.00030s] ()
2025-11-29 18:59:16,358 INFO sqlalchemy.engine.Engine CREATE INDEX ix_roles_id ON roles (id)
2025-11-29 18:59:16,358 INFO sqlalchemy.engine.Engine [no key 0.00047s] ()
2025-11-29 18:59:16,722 INFO sqlalchemy.engine.Engine 
CREATE TABLE permissions (
	id INTEGER NOT NULL, 
	name VARCHAR(100) NOT NULL, 
	display_name VARCHAR(200) NOT NULL, 
	description VARCHAR(500), 
	resource VARCHAR(50) NOT NULL, 
	action VARCHAR(50) NOT NULL, 
	created_at DATETIME DEFAULT CURRENT_TIMESTAMP NOT NULL, 
	PRIMARY KEY (id)
)


2025-11-29 18:59:16,722 INFO sqlalchemy.engine.Engine [no key 0.00024s] ()
2025-11-29 18:59:17,001 INFO sqlalchemy.engine.Engine CREATE INDEX ix_permissions_resource ON permissions (resource)
2025-11-29 18:59:17,001 INFO sqlalchemy.engine.Engine [no key 0.00036s] ()
2025-11-29 18:59:17,324 INFO sqlalchemy.engine.Engine CREATE INDEX ix_permissions_action ON permissions (action)
2025-11-29 18:59:17,324 INFO sqlalchemy.engine.Engine [no key 0.00030s] ()
2025-11-29 18:59:17,603 INFO sqlalchemy.engine.Engine CREATE INDEX ix_permissions_id ON permissions (id)
2025-11-29 18:59:17,604 INFO sqlalchemy.engine.Engine [no key 0.00028s] ()
2025-11-29 18:59:17,788 INFO sqlalchemy.engine.Engine CREATE UNIQUE INDEX ix_permissions_name ON permissions (name)
2025-11-29 18:59:17,788 INFO sqlalchemy.engine.Engine [no key 0.00018s] ()
2025-11-29 18:59:17,863 INFO sqlalchemy.engine.Engine 
CREATE TABLE groups (
	id INTEGER NOT NULL, 
	name VARCHAR, 
	description VARCHAR, 
	avatar_url VARCHAR, 
	PRIMARY KEY (id)
)


2025-11-29 18:59:17,863 INFO sqlalchemy.engine.Engine [no key 0.00020s] ()
2025-11-29 18:59:17,927 INFO sqlalchemy.engine.Engine CREATE INDEX ix_groups_id ON groups (id)
2025-11-29 18:59:17,927 INFO sqlalchemy.engine.Engine [no key 0.00021s] ()
2025-11-29 18:59:17,991 INFO sqlalchemy.engine.Engine CREATE UNIQUE INDEX ix_groups_name ON groups (name)
2025-11-29 18:59:17,992 INFO sqlalchemy.engine.Engine [no key 0.00022s] ()
2025-11-29 18:59:18,115 INFO sqlalchemy.engine.Engine 
CREATE TABLE rewards (
	id INTEGER NOT NULL, 
	name VARCHAR, 
	description VARCHAR, 
	cost INTEGER, 
	type VARCHAR, 
	image_url VARCHAR, 
	PRIMARY KEY (id)
)


2025-11-29 18:59:18,115 INFO sqlalchemy.engine.Engine [no key 0.00028s] ()
2025-11-29 18:59:18,277 INFO sqlalchemy.engine.Engine CREATE INDEX ix_rewards_name ON rewards (name)
2025-11-29 18:59:18,277 INFO sqlalchemy.engine.Engine [no key 0.00022s] ()
2025-11-29 18:59:18,333 INFO sqlalchemy.engine.Engine CREATE INDEX ix_rewards_id ON rewards (id)
2025-11-29 18:59:18,333 INFO sqlalchemy.engine.Engine [no key 0.00019s] ()
2025-11-29 18:59:18,390 INFO sqlalchemy.engine.Engine 
CREATE TABLE categories (
	id INTEGER NOT NULL, 
	name VARCHAR NOT NULL, 
	slug VARCHAR NOT NULL, 
	description TEXT, 
	icon VARCHAR, 
	PRIMARY KEY (id)
)


2025-11-29 18:59:18,390 INFO sqlalchemy.engine.Engine [no key 0.00026s] ()
2025-11-29 18:59:18,454 INFO sqlalchemy.engine.Engine CREATE UNIQUE INDEX ix_categories_slug ON categories (slug)
2025-11-29 18:59:18,454 INFO sqlalchemy.engine.Engine [no key 0.00021s] ()
2025-11-29 18:59:18,519 INFO sqlalchemy.engine.Engine CREATE INDEX ix_categories_id ON categories (id)
2025-11-29 18:59:18,519 INFO sqlalchemy.engine.Engine [no key 0.00028s] ()
2025-11-29 18:59:18,582 INFO sqlalchemy.engine.Engine CREATE UNIQUE INDEX ix_categories_name ON categories (name)
2025-11-29 18:59:18,583 INFO sqlalchemy.engine.Engine [no key 0.00021s] ()
2025-11-29 18:59:18,639 INFO sqlalchemy.engine.Engine 
CREATE TABLE tags (
	id INTEGER NOT NULL, 
	name VARCHAR NOT NULL, 
	slug VARCHAR NOT NULL, 
	PRIMARY KEY (id)
)


2025-11-29 18:59:18,639 INFO sqlalchemy.engine.Engine [no key 0.00022s] ()
2025-11-29 18:59:18,703 INFO sqlalchemy.engine.Engine CREATE UNIQUE INDEX ix_tags_name ON tags (name)
2025-11-29 18:59:18,703 INFO sqlalchemy.engine.Engine [no key 0.00022s] ()
2025-11-29 18:59:18,767 INFO sqlalchemy.engine.Engine CREATE UNIQUE INDEX ix_tags_slug ON tags (slug)
2025-11-29 18:59:18,768 INFO sqlalchemy.engine.Engine [no key 0.00024s] ()
2025-11-29 18:59:18,832 INFO sqlalchemy.engine.Engine CREATE INDEX ix_tags_id ON tags (id)
2025-11-29 18:59:18,832 INFO sqlalchemy.engine.Engine [no key 0.00023s] ()
2025-11-29 18:59:18,897 INFO sqlalchemy.engine.Engine 
CREATE TABLE modules (
	id INTEGER NOT NULL, 
	course_id INTEGER NOT NULL, 
	title VARCHAR NOT NULL, 
	description TEXT, 
	order_index INTEGER, 
	quiz_id INTEGER, 
	assignment_prompts JSON, 
	duration_minutes INTEGER, 
	created_at DATETIME, 
	updated_at DATETIME, 
	PRIMARY KEY (id), 
	FOREIGN KEY(course_id) REFERENCES courses (id) ON DELETE CASCADE, 
	FOREIGN KEY(quiz_id) REFERENCES quizzes (id)
)


2025-11-29 18:59:18,897 INFO sqlalchemy.engine.Engine [no key 0.00028s] ()
2025-11-29 18:59:18,961 INFO sqlalchemy.engine.Engine CREATE INDEX ix_modules_course_id ON modules (course_id)
2025-11-29 18:59:18,961 INFO sqlalchemy.engine.Engine [no key 0.00025s] ()
2025-11-29 18:59:19,025 INFO sqlalchemy.engine.Engine CREATE INDEX ix_modules_id ON modules (id)
2025-11-29 18:59:19,025 INFO sqlalchemy.engine.Engine [no key 0.00025s] ()
2025-11-29 18:59:19,090 INFO sqlalchemy.engine.Engine CREATE INDEX ix_modules_order_index ON modules (order_index)
2025-11-29 18:59:19,090 INFO sqlalchemy.engine.Engine [no key 0.00029s] ()
2025-11-29 18:59:19,298 INFO sqlalchemy.engine.Engine 
CREATE TABLE lessons (
	id INTEGER NOT NULL, 
	module_id INTEGER NOT NULL, 
	title VARCHAR NOT NULL, 
	description TEXT, 
	type VARCHAR(11), 
	content JSON, 
	video_url VARCHAR, 
	video_duration_seconds INTEGER, 
	video_provider VARCHAR, 
	video_id VARCHAR, 
	video_thumbnail_url VARCHAR, 
	video_status VARCHAR, 
	video_uploaded_at DATETIME, 
	attachments JSON, 
	order_index INTEGER, 
	is_preview BOOLEAN, 
	available_after_days INTEGER, 
	prerequisite_lesson_ids JSON, 
	duration_minutes INTEGER, 
	created_at DATETIME, 
	updated_at DATETIME, 
	PRIMARY KEY (id), 
	FOREIGN KEY(module_id) REFERENCES modules (id) ON DELETE CASCADE
)


2025-11-29 18:59:19,298 INFO sqlalchemy.engine.Engine [no key 0.00025s] ()
2025-11-29 18:59:19,362 INFO sqlalchemy.engine.Engine CREATE INDEX ix_lessons_order_index ON lessons (order_index)
2025-11-29 18:59:19,362 INFO sqlalchemy.engine.Engine [no key 0.00024s] ()
2025-11-29 18:59:19,427 INFO sqlalchemy.engine.Engine CREATE INDEX ix_lessons_type ON lessons (type)
2025-11-29 18:59:19,427 INFO sqlalchemy.engine.Engine [no key 0.00029s] ()
2025-11-29 18:59:19,491 INFO sqlalchemy.engine.Engine CREATE INDEX ix_lessons_id ON lessons (id)
2025-11-29 18:59:19,491 INFO sqlalchemy.engine.Engine [no key 0.00021s] ()
2025-11-29 18:59:19,555 INFO sqlalchemy.engine.Engine CREATE INDEX ix_lessons_module_id ON lessons (module_id)
2025-11-29 18:59:19,556 INFO sqlalchemy.engine.Engine [no key 0.00026s] ()
2025-11-29 18:59:19,620 INFO sqlalchemy.engine.Engine 
CREATE TABLE quizzes (
	id INTEGER NOT NULL, 
	title VARCHAR, 
	description TEXT, 
	course_id INTEGER, 
	lesson_id INTEGER, 
	time_limit_minutes INTEGER, 
	passing_score FLOAT, 
	max_attempts INTEGER, 
	is_published BOOLEAN, 
	shuffle_questions BOOLEAN, 
	show_correct_answers BOOLEAN, 
	instant_feedback BOOLEAN, 
	show_score_immediately BOOLEAN, 
	randomize_options BOOLEAN, 
	allow_review_answers BOOLEAN, 
	show_hints BOOLEAN, 
	require_all_questions BOOLEAN, 
	allow_backtrack BOOLEAN, 
	enable_ai_grading BOOLEAN, 
	ai_grading_model VARCHAR, 
	manual_review_threshold FLOAT, 
	created_at DATETIME DEFAULT CURRENT_TIMESTAMP, 
	updated_at DATETIME, 
	PRIMARY KEY (id), 
	FOREIGN KEY(course_id) REFERENCES courses (id), 
	FOREIGN KEY(lesson_id) REFERENCES lessons (id)
)


2025-11-29 18:59:19,621 INFO sqlalchemy.engine.Engine [no key 0.00030s] ()
2025-11-29 18:59:19,685 INFO sqlalchemy.engine.Engine CREATE INDEX ix_quizzes_title ON quizzes (title)
2025-11-29 18:59:19,685 INFO sqlalchemy.engine.Engine [no key 0.00035s] ()
2025-11-29 18:59:19,749 INFO sqlalchemy.engine.Engine CREATE INDEX ix_quizzes_id ON quizzes (id)
2025-11-29 18:59:19,749 INFO sqlalchemy.engine.Engine [no key 0.00048s] ()
2025-11-29 18:59:19,847 INFO sqlalchemy.engine.Engine 
CREATE TABLE study_rooms (
	id INTEGER NOT NULL, 
	name VARCHAR, 
	topic VARCHAR, 
	participants_count INTEGER, 
	thumbnail_url VARCHAR, 
	PRIMARY KEY (id)
)


2025-11-29 18:59:19,847 INFO sqlalchemy.engine.Engine [no key 0.00030s] ()
2025-11-29 18:59:19,936 INFO sqlalchemy.engine.Engine CREATE INDEX ix_study_rooms_id ON study_rooms (id)
2025-11-29 18:59:19,936 INFO sqlalchemy.engine.Engine [no key 0.00029s] ()
2025-11-29 18:59:20,000 INFO sqlalchemy.engine.Engine CREATE INDEX ix_study_rooms_name ON study_rooms (name)
2025-11-29 18:59:20,000 INFO sqlalchemy.engine.Engine [no key 0.00021s] ()
2025-11-29 18:59:20,065 INFO sqlalchemy.engine.Engine 
CREATE TABLE realtime_user_presence (
	id INTEGER NOT NULL, 
	user_id INTEGER NOT NULL, 
	status VARCHAR(20), 
	status_message VARCHAR(200), 
	last_seen DATETIME, 
	last_activity DATETIME, 
	current_location VARCHAR(100), 
	created_at DATETIME, 
	updated_at DATETIME, 
	PRIMARY KEY (id), 
	CONSTRAINT fk_presence_user FOREIGN KEY(user_id) REFERENCES users (id)
)


2025-11-29 18:59:20,065 INFO sqlalchemy.engine.Engine [no key 0.00026s] ()
2025-11-29 18:59:20,139 INFO sqlalchemy.engine.Engine CREATE UNIQUE INDEX ix_realtime_user_presence_user_id ON realtime_user_presence (user_id)
2025-11-29 18:59:20,139 INFO sqlalchemy.engine.Engine [no key 0.00020s] ()
2025-11-29 18:59:20,204 INFO sqlalchemy.engine.Engine CREATE INDEX ix_realtime_user_presence_id ON realtime_user_presence (id)
2025-11-29 18:59:20,204 INFO sqlalchemy.engine.Engine [no key 0.00034s] ()
2025-11-29 18:59:20,269 INFO sqlalchemy.engine.Engine 
CREATE TABLE platform_analytics (
	id INTEGER NOT NULL, 
	date DATE NOT NULL, 
	total_users INTEGER, 
	active_users INTEGER, 
	new_users INTEGER, 
	dau INTEGER, 
	mau INTEGER, 
	wau INTEGER, 
	total_students INTEGER, 
	total_instructors INTEGER, 
	new_students INTEGER, 
	new_instructors INTEGER, 
	total_courses INTEGER, 
	active_courses INTEGER, 
	published_courses INTEGER, 
	new_courses INTEGER, 
	total_enrollments INTEGER, 
	enrollments_today INTEGER, 
	active_enrollments INTEGER, 
	completions_today INTEGER, 
	total_completions INTEGER, 
	revenue_today FLOAT, 
	revenue_mtd FLOAT, 
	total_revenue FLOAT, 
	mrr FLOAT, 
	arr FLOAT, 
	quiz_attempts INTEGER, 
	assignments_submitted INTEGER, 
	discussion_posts INTEGER, 
	live_class_attendees INTEGER, 
	certificates_issued INTEGER, 
	total_lessons INTEGER, 
	total_quizzes INTEGER, 
	total_assignments INTEGER, 
	video_hours_watched FLOAT, 
	avg_response_time FLOAT, 
	error_rate FLOAT, 
	uptime FLOAT, 
	avg_course_rating FLOAT, 
	total_reviews INTEGER, 
	new_reviews INTEGER, 
	user_growth_rate FLOAT, 
	revenue_growth_rate FLOAT, 
	enrollment_growth_rate FLOAT, 
	created_at DATETIME DEFAULT CURRENT_TIMESTAMP NOT NULL, 
	PRIMARY KEY (id)
)


2025-11-29 18:59:20,269 INFO sqlalchemy.engine.Engine [no key 0.00030s] ()
2025-11-29 18:59:20,332 INFO sqlalchemy.engine.Engine CREATE INDEX ix_platform_analytics_id ON platform_analytics (id)
2025-11-29 18:59:20,333 INFO sqlalchemy.engine.Engine [no key 0.00029s] ()
2025-11-29 18:59:20,397 INFO sqlalchemy.engine.Engine CREATE UNIQUE INDEX ix_platform_analytics_date ON platform_analytics (date)
2025-11-29 18:59:20,397 INFO sqlalchemy.engine.Engine [no key 0.00023s] ()
2025-11-29 18:59:20,462 INFO sqlalchemy.engine.Engine 
CREATE TABLE languages (
	id INTEGER NOT NULL, 
	code VARCHAR(10) NOT NULL, 
	name VARCHAR(100) NOT NULL, 
	native_name VARCHAR(100) NOT NULL, 
	is_rtl BOOLEAN NOT NULL, 
	is_active BOOLEAN NOT NULL, 
	flag_emoji VARCHAR(10), 
	sort_order INTEGER, 
	created_at DATETIME DEFAULT CURRENT_TIMESTAMP, 
	updated_at DATETIME, 
	PRIMARY KEY (id)
)


2025-11-29 18:59:20,462 INFO sqlalchemy.engine.Engine [no key 0.00026s] ()
2025-11-29 18:59:20,526 INFO sqlalchemy.engine.Engine CREATE UNIQUE INDEX ix_languages_code ON languages (code)
2025-11-29 18:59:20,526 INFO sqlalchemy.engine.Engine [no key 0.00027s] ()
2025-11-29 18:59:20,598 INFO sqlalchemy.engine.Engine CREATE INDEX ix_languages_id ON languages (id)
2025-11-29 18:59:20,598 INFO sqlalchemy.engine.Engine [no key 0.00027s] ()
2025-11-29 18:59:20,663 INFO sqlalchemy.engine.Engine 
CREATE TABLE translations (
	id INTEGER NOT NULL, 
	"key" VARCHAR(255) NOT NULL, 
	language_code VARCHAR(10) NOT NULL, 
	value TEXT NOT NULL, 
	namespace VARCHAR(100), 
	description TEXT, 
	is_html BOOLEAN, 
	created_at DATETIME DEFAULT CURRENT_TIMESTAMP, 
	updated_at DATETIME, 
	PRIMARY KEY (id), 
	CONSTRAINT uix_translation_key_lang_ns UNIQUE ("key", language_code, namespace)
)


2025-11-29 18:59:20,664 INFO sqlalchemy.engine.Engine [no key 0.00031s] ()
2025-11-29 18:59:20,727 INFO sqlalchemy.engine.Engine CREATE INDEX ix_translations_key ON translations ("key")
2025-11-29 18:59:20,727 INFO sqlalchemy.engine.Engine [no key 0.00026s] ()
2025-11-29 18:59:20,800 INFO sqlalchemy.engine.Engine CREATE INDEX ix_translations_language_code ON translations (language_code)
2025-11-29 18:59:20,801 INFO sqlalchemy.engine.Engine [no key 0.00042s] ()
2025-11-29 18:59:20,865 INFO sqlalchemy.engine.Engine CREATE INDEX ix_translations_id ON translations (id)
2025-11-29 18:59:20,866 INFO sqlalchemy.engine.Engine [no key 0.00054s] ()
2025-11-29 18:59:20,929 INFO sqlalchemy.engine.Engine CREATE INDEX ix_translations_namespace ON translations (namespace)
2025-11-29 18:59:20,929 INFO sqlalchemy.engine.Engine [no key 0.00024s] ()
2025-11-29 18:59:20,994 INFO sqlalchemy.engine.Engine 
CREATE TABLE content_translations (
	id INTEGER NOT NULL, 
	content_type VARCHAR(50) NOT NULL, 
	content_id INTEGER NOT NULL, 
	field_name VARCHAR(100) NOT NULL, 
	language_code VARCHAR(10) NOT NULL, 
	translated_value TEXT NOT NULL, 
	is_machine_translated BOOLEAN, 
	translator_notes TEXT, 
	created_at DATETIME DEFAULT CURRENT_TIMESTAMP, 
	updated_at DATETIME, 
	PRIMARY KEY (id), 
	CONSTRAINT uix_content_translation UNIQUE (content_type, content_id, field_name, language_code)
)


2025-11-29 18:59:20,994 INFO sqlalchemy.engine.Engine [no key 0.00028s] ()
2025-11-29 18:59:21,058 INFO sqlalchemy.engine.Engine CREATE INDEX ix_content_translations_content_id ON content_translations (content_id)
2025-11-29 18:59:21,058 INFO sqlalchemy.engine.Engine [no key 0.00040s] ()
2025-11-29 18:59:21,122 INFO sqlalchemy.engine.Engine CREATE INDEX ix_content_translations_id ON content_translations (id)
2025-11-29 18:59:21,122 INFO sqlalchemy.engine.Engine [no key 0.00030s] ()
2025-11-29 18:59:21,186 INFO sqlalchemy.engine.Engine CREATE INDEX ix_content_translations_language_code ON content_translations (language_code)
2025-11-29 18:59:21,187 INFO sqlalchemy.engine.Engine [no key 0.00033s] ()
2025-11-29 18:59:21,267 INFO sqlalchemy.engine.Engine CREATE INDEX ix_content_translations_content_type ON content_translations (content_type)
2025-11-29 18:59:21,267 INFO sqlalchemy.engine.Engine [no key 0.00028s] ()
2025-11-29 18:59:21,374 INFO sqlalchemy.engine.Engine 
CREATE TABLE user_language_preferences (
	id INTEGER NOT NULL, 
	user_id INTEGER NOT NULL, 
	preferred_language VARCHAR(10) NOT NULL, 
	content_languages VARCHAR(255), 
	auto_translate BOOLEAN, 
	created_at DATETIME DEFAULT CURRENT_TIMESTAMP, 
	updated_at DATETIME, 
	PRIMARY KEY (id)
)


2025-11-29 18:59:21,375 INFO sqlalchemy.engine.Engine [no key 0.00038s] ()
2025-11-29 18:59:21,438 INFO sqlalchemy.engine.Engine CREATE INDEX ix_user_language_preferences_id ON user_language_preferences (id)
2025-11-29 18:59:21,438 INFO sqlalchemy.engine.Engine [no key 0.00030s] ()
2025-11-29 18:59:21,503 INFO sqlalchemy.engine.Engine CREATE UNIQUE INDEX ix_user_language_preferences_user_id ON user_language_preferences (user_id)
2025-11-29 18:59:21,503 INFO sqlalchemy.engine.Engine [no key 0.00039s] ()
2025-11-29 18:59:21,567 INFO sqlalchemy.engine.Engine 
CREATE TABLE subscription_plans (
	id INTEGER NOT NULL, 
	name VARCHAR(100) NOT NULL, 
	slug VARCHAR(100) NOT NULL, 
	description TEXT, 
	short_description VARCHAR(500), 
	monthly_price NUMERIC(10, 2) NOT NULL, 
	yearly_price NUMERIC(10, 2), 
	currency VARCHAR(3), 
	trial_days INTEGER, 
	access_level VARCHAR(20), 
	max_courses INTEGER, 
	max_live_classes INTEGER, 
	features TEXT, 
	included_features TEXT, 
	is_active BOOLEAN, 
	is_featured BOOLEAN, 
	is_popular BOOLEAN, 
	display_order INTEGER, 
	stripe_price_id_monthly VARCHAR(100), 
	stripe_price_id_yearly VARCHAR(100), 
	stripe_product_id VARCHAR(100), 
	total_subscriptions INTEGER, 
	active_subscriptions INTEGER, 
	total_revenue NUMERIC(10, 2), 
	created_at DATETIME DEFAULT CURRENT_TIMESTAMP, 
	updated_at DATETIME, 
	PRIMARY KEY (id), 
	UNIQUE (name)
)


2025-11-29 18:59:21,568 INFO sqlalchemy.engine.Engine [no key 0.00034s] ()
2025-11-29 18:59:21,631 INFO sqlalchemy.engine.Engine CREATE UNIQUE INDEX ix_subscription_plans_slug ON subscription_plans (slug)
2025-11-29 18:59:21,631 INFO sqlalchemy.engine.Engine [no key 0.00025s] ()
2025-11-29 18:59:21,695 INFO sqlalchemy.engine.Engine CREATE INDEX ix_subscription_plans_id ON subscription_plans (id)
2025-11-29 18:59:21,696 INFO sqlalchemy.engine.Engine [no key 0.00030s] ()
2025-11-29 18:59:21,760 INFO sqlalchemy.engine.Engine 
CREATE TABLE subscription_coupons (
	id INTEGER NOT NULL, 
	code VARCHAR(50) NOT NULL, 
	name VARCHAR(100) NOT NULL, 
	description TEXT, 
	discount_type VARCHAR(20) NOT NULL, 
	discount_value NUMERIC(10, 2) NOT NULL, 
	currency VARCHAR(3), 
	applies_to_plans TEXT, 
	duration VARCHAR(20) NOT NULL, 
	duration_months INTEGER, 
	is_active BOOLEAN, 
	valid_from DATETIME, 
	valid_until DATETIME, 
	max_redemptions INTEGER, 
	max_redemptions_per_user INTEGER, 
	times_redeemed INTEGER, 
	created_at DATETIME DEFAULT CURRENT_TIMESTAMP, 
	updated_at DATETIME, 
	PRIMARY KEY (id)
)


2025-11-29 18:59:21,760 INFO sqlalchemy.engine.Engine [no key 0.00023s] ()
2025-11-29 18:59:21,825 INFO sqlalchemy.engine.Engine CREATE UNIQUE INDEX ix_subscription_coupons_code ON subscription_coupons (code)
2025-11-29 18:59:21,825 INFO sqlalchemy.engine.Engine [no key 0.00026s] ()
2025-11-29 18:59:21,889 INFO sqlalchemy.engine.Engine CREATE INDEX ix_subscription_coupons_id ON subscription_coupons (id)
2025-11-29 18:59:21,889 INFO sqlalchemy.engine.Engine [no key 0.00027s] ()
2025-11-29 18:59:21,954 INFO sqlalchemy.engine.Engine 
CREATE TABLE content_embeddings (
	id INTEGER NOT NULL, 
	content_id INTEGER NOT NULL, 
	content_type VARCHAR(50) NOT NULL, 
	embedding_model VARCHAR(50), 
	embedding_dimension INTEGER, 
	embedding_vector JSON NOT NULL, 
	content_title VARCHAR(500), 
	content_excerpt TEXT, 
	last_updated DATETIME DEFAULT CURRENT_TIMESTAMP, 
	created_at DATETIME DEFAULT CURRENT_TIMESTAMP, 
	PRIMARY KEY (id)
)


2025-11-29 18:59:21,954 INFO sqlalchemy.engine.Engine [no key 0.00035s] ()
2025-11-29 18:59:22,018 INFO sqlalchemy.engine.Engine CREATE INDEX ix_content_embeddings_content_id ON content_embeddings (content_id)
2025-11-29 18:59:22,018 INFO sqlalchemy.engine.Engine [no key 0.00035s] ()
2025-11-29 18:59:22,082 INFO sqlalchemy.engine.Engine CREATE INDEX ix_content_embeddings_id ON content_embeddings (id)
2025-11-29 18:59:22,083 INFO sqlalchemy.engine.Engine [no key 0.00038s] ()
2025-11-29 18:59:22,147 INFO sqlalchemy.engine.Engine 
CREATE TABLE content_difficulty_analyses (
	id INTEGER NOT NULL, 
	content_id INTEGER NOT NULL, 
	content_type VARCHAR(50) NOT NULL, 
	flesch_reading_ease FLOAT, 
	flesch_kincaid_grade FLOAT, 
	gunning_fog_index FLOAT, 
	smog_index FLOAT, 
	avg_sentence_length FLOAT, 
	avg_word_length FLOAT, 
	vocabulary_complexity FLOAT, 
	concept_density FLOAT, 
	recommended_level VARCHAR(50), 
	target_audience VARCHAR(100), 
	estimated_reading_time INTEGER, 
	simplification_suggestions JSON, 
	difficult_terms JSON, 
	analyzed_at DATETIME DEFAULT CURRENT_TIMESTAMP, 
	created_at DATETIME DEFAULT CURRENT_TIMESTAMP, 
	PRIMARY KEY (id)
)


2025-11-29 18:59:22,148 INFO sqlalchemy.engine.Engine [no key 0.00037s] ()
2025-11-29 18:59:22,211 INFO sqlalchemy.engine.Engine CREATE INDEX ix_content_difficulty_analyses_id ON content_difficulty_analyses (id)
2025-11-29 18:59:22,211 INFO sqlalchemy.engine.Engine [no key 0.00027s] ()
2025-11-29 18:59:22,275 INFO sqlalchemy.engine.Engine CREATE INDEX ix_content_difficulty_analyses_content_id ON content_difficulty_analyses (content_id)
2025-11-29 18:59:22,275 INFO sqlalchemy.engine.Engine [no key 0.00040s] ()
2025-11-29 18:59:22,340 INFO sqlalchemy.engine.Engine 
CREATE TABLE organizations (
	id INTEGER NOT NULL, 
	name VARCHAR(200) NOT NULL, 
	domain VARCHAR(255) NOT NULL, 
	slug VARCHAR(100) NOT NULL, 
	sso_enabled BOOLEAN, 
	sso_provider VARCHAR(50), 
	sso_enforced BOOLEAN, 
	is_active BOOLEAN, 
	max_users INTEGER, 
	settings JSON, 
	created_at DATETIME DEFAULT CURRENT_TIMESTAMP, 
	updated_at DATETIME, 
	PRIMARY KEY (id)
)


2025-11-29 18:59:22,340 INFO sqlalchemy.engine.Engine [no key 0.00028s] ()
2025-11-29 18:59:22,404 INFO sqlalchemy.engine.Engine CREATE INDEX ix_organizations_id ON organizations (id)
2025-11-29 18:59:22,405 INFO sqlalchemy.engine.Engine [no key 0.00034s] ()
2025-11-29 18:59:22,468 INFO sqlalchemy.engine.Engine CREATE UNIQUE INDEX ix_organizations_slug ON organizations (slug)
2025-11-29 18:59:22,469 INFO sqlalchemy.engine.Engine [no key 0.00033s] ()
2025-11-29 18:59:22,533 INFO sqlalchemy.engine.Engine CREATE UNIQUE INDEX ix_organizations_domain ON organizations (domain)
2025-11-29 18:59:22,533 INFO sqlalchemy.engine.Engine [no key 0.00030s] ()
2025-11-29 18:59:22,632 INFO sqlalchemy.engine.Engine 
CREATE TABLE achievements (
	id INTEGER NOT NULL, 
	name VARCHAR(100) NOT NULL, 
	description TEXT NOT NULL, 
	category VARCHAR(9) NOT NULL, 
	rarity VARCHAR(9), 
	icon VARCHAR(50), 
	coin_reward INTEGER, 
	unlock_condition JSON NOT NULL, 
	is_hidden BOOLEAN, 
	is_active BOOLEAN, 
	display_order INTEGER, 
	created_at DATETIME DEFAULT CURRENT_TIMESTAMP, 
	updated_at DATETIME, 
	PRIMARY KEY (id)
)


2025-11-29 18:59:22,632 INFO sqlalchemy.engine.Engine [no key 0.00033s] ()
2025-11-29 18:59:22,695 INFO sqlalchemy.engine.Engine CREATE INDEX ix_achievements_name ON achievements (name)
2025-11-29 18:59:22,695 INFO sqlalchemy.engine.Engine [no key 0.00027s] ()
2025-11-29 18:59:22,760 INFO sqlalchemy.engine.Engine CREATE INDEX ix_achievements_id ON achievements (id)
2025-11-29 18:59:22,760 INFO sqlalchemy.engine.Engine [no key 0.00033s] ()
2025-11-29 18:59:22,825 INFO sqlalchemy.engine.Engine CREATE INDEX ix_achievements_category ON achievements (category)
2025-11-29 18:59:22,826 INFO sqlalchemy.engine.Engine [no key 0.00048s] ()
2025-11-29 18:59:22,888 INFO sqlalchemy.engine.Engine 
CREATE TABLE blockchain_blocks (
	id INTEGER NOT NULL, 
	"index" INTEGER NOT NULL, 
	timestamp DATETIME NOT NULL, 
	data JSON NOT NULL, 
	previous_hash VARCHAR NOT NULL, 
	hash VARCHAR NOT NULL, 
	nonce INTEGER NOT NULL, 
	PRIMARY KEY (id)
)


2025-11-29 18:59:22,889 INFO sqlalchemy.engine.Engine [no key 0.00035s] ()
2025-11-29 18:59:22,953 INFO sqlalchemy.engine.Engine CREATE INDEX ix_blockchain_blocks_id ON blockchain_blocks (id)
2025-11-29 18:59:22,953 INFO sqlalchemy.engine.Engine [no key 0.00053s] ()
2025-11-29 18:59:23,018 INFO sqlalchemy.engine.Engine CREATE UNIQUE INDEX ix_blockchain_blocks_index ON blockchain_blocks ("index")
2025-11-29 18:59:23,018 INFO sqlalchemy.engine.Engine [no key 0.00038s] ()
2025-11-29 18:59:23,082 INFO sqlalchemy.engine.Engine CREATE UNIQUE INDEX ix_blockchain_blocks_hash ON blockchain_blocks (hash)
2025-11-29 18:59:23,082 INFO sqlalchemy.engine.Engine [no key 0.00034s] ()
2025-11-29 18:59:23,147 INFO sqlalchemy.engine.Engine 
CREATE TABLE tax_rates (
	id INTEGER NOT NULL, 
	country_code VARCHAR(2) NOT NULL, 
	state_code VARCHAR(10), 
	region_name VARCHAR(100) NOT NULL, 
	tax_name VARCHAR(50) NOT NULL, 
	tax_rate NUMERIC(5, 4) NOT NULL, 
	tax_type VARCHAR(20) NOT NULL, 
	applies_to_digital_goods BOOLEAN, 
	applies_to_physical_goods BOOLEAN, 
	applies_to_services BOOLEAN, 
	applies_to_subscriptions BOOLEAN, 
	is_compound BOOLEAN, 
	compound_order INTEGER, 
	is_active BOOLEAN NOT NULL, 
	effective_from DATETIME, 
	effective_until DATETIME, 
	description TEXT, 
	tax_id_required BOOLEAN, 
	created_at DATETIME DEFAULT CURRENT_TIMESTAMP NOT NULL, 
	updated_at DATETIME, 
	PRIMARY KEY (id)
)


2025-11-29 18:59:23,147 INFO sqlalchemy.engine.Engine [no key 0.00033s] ()
2025-11-29 18:59:23,211 INFO sqlalchemy.engine.Engine CREATE INDEX ix_tax_rates_id ON tax_rates (id)
2025-11-29 18:59:23,211 INFO sqlalchemy.engine.Engine [no key 0.00042s] ()
2025-11-29 18:59:23,275 INFO sqlalchemy.engine.Engine CREATE INDEX ix_tax_rates_state_code ON tax_rates (state_code)
2025-11-29 18:59:23,275 INFO sqlalchemy.engine.Engine [no key 0.00042s] ()
2025-11-29 18:59:23,340 INFO sqlalchemy.engine.Engine CREATE INDEX ix_tax_rates_country_code ON tax_rates (country_code)
2025-11-29 18:59:23,340 INFO sqlalchemy.engine.Engine [no key 0.00057s] ()
2025-11-29 18:59:23,404 INFO sqlalchemy.engine.Engine 
CREATE TABLE role_permissions (
	role_id INTEGER NOT NULL, 
	permission_id INTEGER NOT NULL, 
	created_at DATETIME DEFAULT CURRENT_TIMESTAMP NOT NULL, 
	PRIMARY KEY (role_id, permission_id), 
	FOREIGN KEY(role_id) REFERENCES roles (id) ON DELETE CASCADE, 
	FOREIGN KEY(permission_id) REFERENCES permissions (id) ON DELETE CASCADE
)


2025-11-29 18:59:23,404 INFO sqlalchemy.engine.Engine [no key 0.00030s] ()
2025-11-29 18:59:23,469 INFO sqlalchemy.engine.Engine 
CREATE TABLE users (
	id INTEGER NOT NULL, 
	email VARCHAR, 
	username VARCHAR, 
	hashed_password VARCHAR, 
	is_active BOOLEAN, 
	is_superuser BOOLEAN, 
	full_name VARCHAR, 
	coins INTEGER, 
	streak_days INTEGER, 
	token_version INTEGER, 
	group_id INTEGER, 
	role VARCHAR, 
	last_login DATETIME, 
	is_banned BOOLEAN, 
	email_notifications BOOLEAN, 
	is_premium BOOLEAN, 
	stripe_customer_id VARCHAR, 
	subscription_status VARCHAR, 
	organization_id INTEGER, 
	is_sso_user BOOLEAN, 
	sso_external_id VARCHAR, 
	is_verified BOOLEAN, 
	PRIMARY KEY (id), 
	FOREIGN KEY(group_id) REFERENCES groups (id), 
	FOREIGN KEY(organization_id) REFERENCES organizations (id) ON DELETE SET NULL
)


2025-11-29 18:59:23,469 INFO sqlalchemy.engine.Engine [no key 0.00052s] ()
2025-11-29 18:59:23,532 INFO sqlalchemy.engine.Engine CREATE UNIQUE INDEX ix_users_username ON users (username)
2025-11-29 18:59:23,533 INFO sqlalchemy.engine.Engine [no key 0.00030s] ()
2025-11-29 18:59:23,596 INFO sqlalchemy.engine.Engine CREATE UNIQUE INDEX ix_users_email ON users (email)
2025-11-29 18:59:23,597 INFO sqlalchemy.engine.Engine [no key 0.00030s] ()
2025-11-29 18:59:23,661 INFO sqlalchemy.engine.Engine CREATE INDEX ix_users_group_id ON users (group_id)
2025-11-29 18:59:23,661 INFO sqlalchemy.engine.Engine [no key 0.00025s] ()
2025-11-29 18:59:23,725 INFO sqlalchemy.engine.Engine CREATE INDEX ix_users_organization_id ON users (organization_id)
2025-11-29 18:59:23,725 INFO sqlalchemy.engine.Engine [no key 0.00025s] ()
2025-11-29 18:59:23,790 INFO sqlalchemy.engine.Engine CREATE INDEX ix_users_full_name ON users (full_name)
2025-11-29 18:59:23,790 INFO sqlalchemy.engine.Engine [no key 0.00031s] ()
2025-11-29 18:59:23,854 INFO sqlalchemy.engine.Engine CREATE INDEX ix_users_sso_external_id ON users (sso_external_id)
2025-11-29 18:59:23,854 INFO sqlalchemy.engine.Engine [no key 0.00029s] ()
2025-11-29 18:59:23,918 INFO sqlalchemy.engine.Engine CREATE INDEX ix_users_id ON users (id)
2025-11-29 18:59:23,919 INFO sqlalchemy.engine.Engine [no key 0.00031s] ()
2025-11-29 18:59:23,983 INFO sqlalchemy.engine.Engine CREATE INDEX ix_users_role ON users (role)
2025-11-29 18:59:23,983 INFO sqlalchemy.engine.Engine [no key 0.00031s] ()
2025-11-29 18:59:24,048 INFO sqlalchemy.engine.Engine 
CREATE TABLE lesson_drip_settings (
	id INTEGER NOT NULL, 
	lesson_id INTEGER NOT NULL, 
	unlock_type VARCHAR(20) NOT NULL, 
	unlock_date DATETIME, 
	unlock_after_days INTEGER, 
	prerequisite_lesson_id INTEGER, 
	is_active BOOLEAN, 
	created_at DATETIME, 
	updated_at DATETIME, 
	PRIMARY KEY (id), 
	UNIQUE (lesson_id), 
	FOREIGN KEY(lesson_id) REFERENCES lessons (id) ON DELETE CASCADE, 
	FOREIGN KEY(prerequisite_lesson_id) REFERENCES lessons (id)
)


2025-11-29 18:59:24,048 INFO sqlalchemy.engine.Engine [no key 0.00049s] ()
2025-11-29 18:59:24,111 INFO sqlalchemy.engine.Engine CREATE INDEX ix_lesson_drip_settings_id ON lesson_drip_settings (id)
2025-11-29 18:59:24,112 INFO sqlalchemy.engine.Engine [no key 0.00023s] ()
2025-11-29 18:59:24,176 INFO sqlalchemy.engine.Engine 
CREATE TABLE questions (
	id INTEGER NOT NULL, 
	quiz_id INTEGER, 
	text TEXT NOT NULL, 
	type VARCHAR NOT NULL, 
	points INTEGER, 
	order_index INTEGER, 
	explanation TEXT, 
	PRIMARY KEY (id), 
	FOREIGN KEY(quiz_id) REFERENCES quizzes (id)
)


2025-11-29 18:59:24,177 INFO sqlalchemy.engine.Engine [no key 0.00039s] ()
2025-11-29 18:59:24,241 INFO sqlalchemy.engine.Engine CREATE INDEX ix_questions_id ON questions (id)
2025-11-29 18:59:24,241 INFO sqlalchemy.engine.Engine [no key 0.00021s] ()
2025-11-29 18:59:24,305 INFO sqlalchemy.engine.Engine 
CREATE TABLE sso_configs (
	id INTEGER NOT NULL, 
	organization_id INTEGER NOT NULL, 
	provider_type VARCHAR(5) NOT NULL, 
	provider_name VARCHAR(100), 
	entity_id VARCHAR(500), 
	idp_entity_id VARCHAR(500), 
	sso_url VARCHAR(500), 
	slo_url VARCHAR(500), 
	x509_cert TEXT, 
	certificate_expires_at DATETIME, 
	client_id VARCHAR(500), 
	client_secret VARCHAR(500), 
	authorization_endpoint VARCHAR(500), 
	token_endpoint VARCHAR(500), 
	userinfo_endpoint VARCHAR(500), 
	scopes JSON, 
	attribute_mapping JSON, 
	role_mapping JSON, 
	settings JSON, 
	is_active BOOLEAN, 
	jit_enabled BOOLEAN, 
	auto_assign_roles BOOLEAN, 
	created_at DATETIME DEFAULT CURRENT_TIMESTAMP, 
	updated_at DATETIME, 
	last_tested_at DATETIME, 
	PRIMARY KEY (id), 
	FOREIGN KEY(organization_id) REFERENCES organizations (id) ON DELETE CASCADE
)


2025-11-29 18:59:24,306 INFO sqlalchemy.engine.Engine [no key 0.00026s] ()
2025-11-29 18:59:24,378 INFO sqlalchemy.engine.Engine CREATE INDEX ix_sso_configs_id ON sso_configs (id)
2025-11-29 18:59:24,378 INFO sqlalchemy.engine.Engine [no key 0.00031s] ()
2025-11-29 18:59:24,576 INFO sqlalchemy.engine.Engine 
CREATE TABLE challenges (
	id INTEGER NOT NULL, 
	title VARCHAR(200) NOT NULL, 
	description TEXT NOT NULL, 
	type VARCHAR(7) NOT NULL, 
	start_date DATE NOT NULL, 
	end_date DATE NOT NULL, 
	requirement JSON NOT NULL, 
	reward_coins INTEGER, 
	reward_achievement_id INTEGER, 
	is_active BOOLEAN, 
	difficulty INTEGER, 
	created_at DATETIME DEFAULT CURRENT_TIMESTAMP, 
	PRIMARY KEY (id), 
	FOREIGN KEY(reward_achievement_id) REFERENCES achievements (id)
)


2025-11-29 18:59:24,577 INFO sqlalchemy.engine.Engine [no key 0.00043s] ()
2025-11-29 18:59:24,640 INFO sqlalchemy.engine.Engine CREATE INDEX ix_challenges_end_date ON challenges (end_date)
2025-11-29 18:59:24,640 INFO sqlalchemy.engine.Engine [no key 0.00026s] ()
2025-11-29 18:59:24,704 INFO sqlalchemy.engine.Engine CREATE INDEX ix_challenges_type ON challenges (type)
2025-11-29 18:59:24,704 INFO sqlalchemy.engine.Engine [no key 0.00024s] ()
2025-11-29 18:59:24,935 INFO sqlalchemy.engine.Engine CREATE INDEX ix_challenges_start_date ON challenges (start_date)
2025-11-29 18:59:24,935 INFO sqlalchemy.engine.Engine [no key 0.00027s] ()
2025-11-29 18:59:24,999 INFO sqlalchemy.engine.Engine CREATE INDEX ix_challenges_id ON challenges (id)
2025-11-29 18:59:25,000 INFO sqlalchemy.engine.Engine [no key 0.00031s] ()
2025-11-29 18:59:25,064 INFO sqlalchemy.engine.Engine 
CREATE TABLE user_roles (
	user_id INTEGER NOT NULL, 
	role_id INTEGER NOT NULL, 
	created_at DATETIME DEFAULT CURRENT_TIMESTAMP NOT NULL, 
	PRIMARY KEY (user_id, role_id), 
	FOREIGN KEY(user_id) REFERENCES users (id) ON DELETE CASCADE, 
	FOREIGN KEY(role_id) REFERENCES roles (id) ON DELETE CASCADE
)


2025-11-29 18:59:25,064 INFO sqlalchemy.engine.Engine [no key 0.00032s] ()
2025-11-29 18:59:25,128 INFO sqlalchemy.engine.Engine 
CREATE TABLE tasks (
	id INTEGER NOT NULL, 
	title VARCHAR, 
	description VARCHAR, 
	task_type VARCHAR, 
	duration_minutes INTEGER, 
	is_master BOOLEAN, 
	user_id INTEGER, 
	scheduled_date DATETIME, 
	is_completed BOOLEAN, 
	PRIMARY KEY (id), 
	FOREIGN KEY(user_id) REFERENCES users (id)
)


2025-11-29 18:59:25,129 INFO sqlalchemy.engine.Engine [no key 0.00027s] ()
2025-11-29 18:59:25,193 INFO sqlalchemy.engine.Engine CREATE INDEX ix_tasks_user_id ON tasks (user_id)
2025-11-29 18:59:25,193 INFO sqlalchemy.engine.Engine [no key 0.00025s] ()
2025-11-29 18:59:25,274 INFO sqlalchemy.engine.Engine CREATE INDEX ix_tasks_scheduled_date ON tasks (scheduled_date)
2025-11-29 18:59:25,274 INFO sqlalchemy.engine.Engine [no key 0.00022s] ()
2025-11-29 18:59:25,381 INFO sqlalchemy.engine.Engine CREATE INDEX ix_tasks_id ON tasks (id)
2025-11-29 18:59:25,381 INFO sqlalchemy.engine.Engine [no key 0.00022s] ()
2025-11-29 18:59:25,445 INFO sqlalchemy.engine.Engine CREATE INDEX ix_tasks_title ON tasks (title)
2025-11-29 18:59:25,445 INFO sqlalchemy.engine.Engine [no key 0.00020s] ()
2025-11-29 18:59:25,510 INFO sqlalchemy.engine.Engine 
CREATE TABLE meditation_sessions (
	id INTEGER NOT NULL, 
	user_id INTEGER, 
	minutes_listened INTEGER, 
	created_at DATETIME DEFAULT CURRENT_TIMESTAMP, 
	PRIMARY KEY (id), 
	FOREIGN KEY(user_id) REFERENCES users (id)
)


2025-11-29 18:59:25,510 INFO sqlalchemy.engine.Engine [no key 0.00022s] ()
2025-11-29 18:59:25,574 INFO sqlalchemy.engine.Engine CREATE INDEX ix_meditation_sessions_id ON meditation_sessions (id)
2025-11-29 18:59:25,574 INFO sqlalchemy.engine.Engine [no key 0.00019s] ()
2025-11-29 18:59:25,639 INFO sqlalchemy.engine.Engine 
CREATE TABLE activity_logs (
	id INTEGER NOT NULL, 
	user_id INTEGER, 
	action VARCHAR, 
	details VARCHAR, 
	timestamp DATETIME, 
	PRIMARY KEY (id), 
	FOREIGN KEY(user_id) REFERENCES users (id)
)


2025-11-29 18:59:25,639 INFO sqlalchemy.engine.Engine [no key 0.00022s] ()
2025-11-29 18:59:25,703 INFO sqlalchemy.engine.Engine CREATE INDEX ix_activity_logs_action ON activity_logs (action)
2025-11-29 18:59:25,703 INFO sqlalchemy.engine.Engine [no key 0.00019s] ()
2025-11-29 18:59:25,768 INFO sqlalchemy.engine.Engine CREATE INDEX ix_activity_logs_id ON activity_logs (id)
2025-11-29 18:59:25,768 INFO sqlalchemy.engine.Engine [no key 0.00016s] ()
2025-11-29 18:59:25,832 INFO sqlalchemy.engine.Engine CREATE INDEX ix_activity_logs_user_id ON activity_logs (user_id)
2025-11-29 18:59:25,832 INFO sqlalchemy.engine.Engine [no key 0.00021s] ()
2025-11-29 18:59:25,897 INFO sqlalchemy.engine.Engine 
CREATE TABLE handwriting_submissions (
	id INTEGER NOT NULL, 
	user_id INTEGER, 
	image_url VARCHAR NOT NULL, 
	quiz_data TEXT, 
	report_content TEXT, 
	report_level INTEGER, 
	created_at DATETIME DEFAULT CURRENT_TIMESTAMP, 
	PRIMARY KEY (id), 
	FOREIGN KEY(user_id) REFERENCES users (id)
)


2025-11-29 18:59:25,897 INFO sqlalchemy.engine.Engine [no key 0.00032s] ()
2025-11-29 18:59:25,961 INFO sqlalchemy.engine.Engine CREATE INDEX ix_handwriting_submissions_id ON handwriting_submissions (id)
2025-11-29 18:59:25,961 INFO sqlalchemy.engine.Engine [no key 0.00022s] ()
2025-11-29 18:59:26,025 INFO sqlalchemy.engine.Engine CREATE INDEX ix_handwriting_submissions_user_id ON handwriting_submissions (user_id)
2025-11-29 18:59:26,025 INFO sqlalchemy.engine.Engine [no key 0.00020s] ()
2025-11-29 18:59:26,090 INFO sqlalchemy.engine.Engine 
CREATE TABLE user_rewards (
	id INTEGER NOT NULL, 
	user_id INTEGER, 
	reward_id INTEGER, 
	PRIMARY KEY (id), 
	FOREIGN KEY(user_id) REFERENCES users (id), 
	FOREIGN KEY(reward_id) REFERENCES rewards (id)
)


2025-11-29 18:59:26,090 INFO sqlalchemy.engine.Engine [no key 0.00018s] ()
2025-11-29 18:59:26,154 INFO sqlalchemy.engine.Engine CREATE INDEX ix_user_rewards_id ON user_rewards (id)
2025-11-29 18:59:26,154 INFO sqlalchemy.engine.Engine [no key 0.00021s] ()
2025-11-29 18:59:26,219 INFO sqlalchemy.engine.Engine 
CREATE TABLE lesson_progress (
	id INTEGER NOT NULL, 
	user_id INTEGER NOT NULL, 
	lesson_id INTEGER NOT NULL, 
	status VARCHAR(11), 
	time_spent_seconds INTEGER, 
	first_accessed_at DATETIME, 
	last_accessed_at DATETIME, 
	completed_at DATETIME, 
	video_progress_seconds INTEGER, 
	video_completed_percentage FLOAT, 
	result_data JSON, 
	PRIMARY KEY (id), 
	FOREIGN KEY(user_id) REFERENCES users (id) ON DELETE CASCADE, 
	FOREIGN KEY(lesson_id) REFERENCES lessons (id) ON DELETE CASCADE
)


2025-11-29 18:59:26,219 INFO sqlalchemy.engine.Engine [no key 0.00021s] ()
2025-11-29 18:59:26,282 INFO sqlalchemy.engine.Engine CREATE INDEX ix_lesson_progress_status ON lesson_progress (status)
2025-11-29 18:59:26,283 INFO sqlalchemy.engine.Engine [no key 0.00021s] ()
2025-11-29 18:59:26,347 INFO sqlalchemy.engine.Engine CREATE INDEX ix_lesson_progress_user_id ON lesson_progress (user_id)
2025-11-29 18:59:26,347 INFO sqlalchemy.engine.Engine [no key 0.00024s] ()
2025-11-29 18:59:26,411 INFO sqlalchemy.engine.Engine CREATE INDEX ix_lesson_progress_lesson_id ON lesson_progress (lesson_id)
2025-11-29 18:59:26,411 INFO sqlalchemy.engine.Engine [no key 0.00024s] ()
2025-11-29 18:59:26,476 INFO sqlalchemy.engine.Engine CREATE INDEX ix_lesson_progress_id ON lesson_progress (id)
2025-11-29 18:59:26,476 INFO sqlalchemy.engine.Engine [no key 0.00032s] ()
2025-11-29 18:59:26,540 INFO sqlalchemy.engine.Engine 
CREATE TABLE lesson_notes (
	id INTEGER NOT NULL, 
	lesson_id INTEGER NOT NULL, 
	user_id INTEGER NOT NULL, 
	title VARCHAR(200), 
	content TEXT NOT NULL, 
	timestamp INTEGER, 
	is_private BOOLEAN, 
	color VARCHAR(20), 
	created_at DATETIME DEFAULT CURRENT_TIMESTAMP, 
	updated_at DATETIME, 
	PRIMARY KEY (id), 
	FOREIGN KEY(lesson_id) REFERENCES lessons (id), 
	FOREIGN KEY(user_id) REFERENCES users (id)
)


2025-11-29 18:59:26,541 INFO sqlalchemy.engine.Engine [no key 0.00023s] ()
2025-11-29 18:59:26,604 INFO sqlalchemy.engine.Engine CREATE INDEX ix_lesson_notes_id ON lesson_notes (id)
2025-11-29 18:59:26,605 INFO sqlalchemy.engine.Engine [no key 0.00021s] ()
2025-11-29 18:59:26,669 INFO sqlalchemy.engine.Engine 
CREATE TABLE bank_questions (
	id INTEGER NOT NULL, 
	instructor_id INTEGER NOT NULL, 
	text TEXT NOT NULL, 
	type VARCHAR(50) NOT NULL, 
	points INTEGER, 
	difficulty VARCHAR(20), 
	options TEXT, 
	correct_answer TEXT, 
	explanation TEXT, 
	tags TEXT, 
	usage_count INTEGER, 
	created_at DATETIME DEFAULT CURRENT_TIMESTAMP, 
	updated_at DATETIME, 
	PRIMARY KEY (id), 
	FOREIGN KEY(instructor_id) REFERENCES users (id)
)


2025-11-29 18:59:26,669 INFO sqlalchemy.engine.Engine [no key 0.00024s] ()
2025-11-29 18:59:26,733 INFO sqlalchemy.engine.Engine CREATE INDEX ix_bank_questions_id ON bank_questions (id)
2025-11-29 18:59:26,734 INFO sqlalchemy.engine.Engine [no key 0.00024s] ()
2025-11-29 18:59:26,798 INFO sqlalchemy.engine.Engine 
CREATE TABLE learning_paths (
	id INTEGER NOT NULL, 
	title VARCHAR NOT NULL, 
	description TEXT, 
	slug VARCHAR, 
	thumbnail_url VARCHAR, 
	cover_image_url VARCHAR, 
	difficulty_level VARCHAR, 
	estimated_duration_hours INTEGER, 
	price FLOAT, 
	is_published BOOLEAN, 
	creator_id INTEGER NOT NULL, 
	created_at DATETIME, 
	updated_at DATETIME, 
	PRIMARY KEY (id), 
	FOREIGN KEY(creator_id) REFERENCES users (id)
)


2025-11-29 18:59:26,798 INFO sqlalchemy.engine.Engine [no key 0.00021s] ()
2025-11-29 18:59:26,862 INFO sqlalchemy.engine.Engine CREATE INDEX ix_learning_paths_title ON learning_paths (title)
2025-11-29 18:59:26,862 INFO sqlalchemy.engine.Engine [no key 0.00018s] ()
2025-11-29 18:59:26,927 INFO sqlalchemy.engine.Engine CREATE UNIQUE INDEX ix_learning_paths_slug ON learning_paths (slug)
2025-11-29 18:59:26,927 INFO sqlalchemy.engine.Engine [no key 0.00024s] ()
2025-11-29 18:59:26,991 INFO sqlalchemy.engine.Engine CREATE INDEX ix_learning_paths_id ON learning_paths (id)
2025-11-29 18:59:26,991 INFO sqlalchemy.engine.Engine [no key 0.00019s] ()
2025-11-29 18:59:27,147 INFO sqlalchemy.engine.Engine 
CREATE TABLE certificate_templates (
	id INTEGER NOT NULL, 
	name VARCHAR NOT NULL, 
	description TEXT, 
	background_url VARCHAR, 
	background_color VARCHAR, 
	layout JSON, 
	title_font VARCHAR, 
	title_font_size INTEGER, 
	title_color VARCHAR, 
	body_font VARCHAR, 
	body_font_size INTEGER, 
	body_color VARCHAR, 
	border_style VARCHAR, 
	border_color VARCHAR, 
	logo_url VARCHAR, 
	signature_url VARCHAR, 
	is_default BOOLEAN, 
	is_public BOOLEAN, 
	creator_id INTEGER NOT NULL, 
	created_at DATETIME, 
	updated_at DATETIME, 
	PRIMARY KEY (id), 
	FOREIGN KEY(creator_id) REFERENCES users (id)
)


2025-11-29 18:59:27,150 INFO sqlalchemy.engine.Engine [no key 0.00030s] ()
2025-11-29 18:59:27,229 INFO sqlalchemy.engine.Engine CREATE INDEX ix_certificate_templates_id ON certificate_templates (id)
2025-11-29 18:59:27,229 INFO sqlalchemy.engine.Engine [no key 0.00027s] ()
2025-11-29 18:59:27,293 INFO sqlalchemy.engine.Engine 
CREATE TABLE course_bundles (
	id INTEGER NOT NULL, 
	title VARCHAR(255) NOT NULL, 
	slug VARCHAR(255), 
	description TEXT, 
	short_description VARCHAR(500), 
	price NUMERIC(10, 2) NOT NULL, 
	original_price NUMERIC(10, 2), 
	discount_percentage NUMERIC(5, 2), 
	currency VARCHAR(3), 
	thumbnail_url VARCHAR(500), 
	banner_url VARCHAR(500), 
	is_published BOOLEAN, 
	is_active BOOLEAN, 
	is_featured BOOLEAN, 
	instructor_id INTEGER NOT NULL, 
	total_enrollments INTEGER, 
	total_revenue NUMERIC(10, 2), 
	view_count INTEGER, 
	valid_from DATETIME, 
	valid_until DATETIME, 
	meta_title VARCHAR(255), 
	meta_description TEXT, 
	meta_keywords VARCHAR(500), 
	created_at DATETIME DEFAULT CURRENT_TIMESTAMP, 
	updated_at DATETIME, 
	PRIMARY KEY (id), 
	FOREIGN KEY(instructor_id) REFERENCES users (id)
)


2025-11-29 18:59:27,293 INFO sqlalchemy.engine.Engine [no key 0.00027s] ()
2025-11-29 18:59:27,357 INFO sqlalchemy.engine.Engine CREATE UNIQUE INDEX ix_course_bundles_slug ON course_bundles (slug)
2025-11-29 18:59:27,357 INFO sqlalchemy.engine.Engine [no key 0.00018s] ()
2025-11-29 18:59:27,421 INFO sqlalchemy.engine.Engine CREATE INDEX ix_course_bundles_id ON course_bundles (id)
2025-11-29 18:59:27,421 INFO sqlalchemy.engine.Engine [no key 0.00021s] ()
2025-11-29 18:59:27,486 INFO sqlalchemy.engine.Engine CREATE INDEX ix_course_bundles_title ON course_bundles (title)
2025-11-29 18:59:27,486 INFO sqlalchemy.engine.Engine [no key 0.00022s] ()
2025-11-29 18:59:27,551 INFO sqlalchemy.engine.Engine 
CREATE TABLE courses (
	id INTEGER NOT NULL, 
	title VARCHAR NOT NULL, 
	slug VARCHAR NOT NULL, 
	description TEXT, 
	long_description TEXT, 
	thumbnail_url VARCHAR, 
	preview_video_url VARCHAR, 
	instructor_id INTEGER NOT NULL, 
	category_id INTEGER, 
	level VARCHAR(12), 
	prerequisites JSON, 
	is_published BOOLEAN, 
	is_featured BOOLEAN, 
	is_password_protected BOOLEAN, 
	password_hash VARCHAR, 
	price FLOAT, 
	currency VARCHAR, 
	created_at DATETIME, 
	updated_at DATETIME, 
	published_at DATETIME, 
	total_enrollments INTEGER, 
	average_rating FLOAT, 
	total_reviews INTEGER, 
	total_duration_minutes INTEGER, 
	PRIMARY KEY (id), 
	FOREIGN KEY(instructor_id) REFERENCES users (id), 
	FOREIGN KEY(category_id) REFERENCES categories (id)
)


2025-11-29 18:59:27,551 INFO sqlalchemy.engine.Engine [no key 0.00023s] ()
2025-11-29 18:59:27,615 INFO sqlalchemy.engine.Engine CREATE INDEX ix_courses_is_published ON courses (is_published)
2025-11-29 18:59:27,616 INFO sqlalchemy.engine.Engine [no key 0.00046s] ()
2025-11-29 18:59:27,679 INFO sqlalchemy.engine.Engine CREATE UNIQUE INDEX ix_courses_slug ON courses (slug)
2025-11-29 18:59:27,679 INFO sqlalchemy.engine.Engine [no key 0.00023s] ()
2025-11-29 18:59:27,744 INFO sqlalchemy.engine.Engine CREATE INDEX ix_courses_level ON courses (level)
2025-11-29 18:59:27,744 INFO sqlalchemy.engine.Engine [no key 0.00026s] ()
2025-11-29 18:59:27,808 INFO sqlalchemy.engine.Engine CREATE INDEX ix_courses_category_id ON courses (category_id)
2025-11-29 18:59:27,808 INFO sqlalchemy.engine.Engine [no key 0.00026s] ()
2025-11-29 18:59:27,997 INFO sqlalchemy.engine.Engine CREATE INDEX ix_courses_instructor_id ON courses (instructor_id)
2025-11-29 18:59:27,997 INFO sqlalchemy.engine.Engine [no key 0.00026s] ()
2025-11-29 18:59:28,262 INFO sqlalchemy.engine.Engine CREATE INDEX ix_courses_title ON courses (title)
2025-11-29 18:59:28,262 INFO sqlalchemy.engine.Engine [no key 0.00039s] ()
2025-11-29 18:59:28,518 INFO sqlalchemy.engine.Engine CREATE INDEX ix_courses_id ON courses (id)
2025-11-29 18:59:28,518 INFO sqlalchemy.engine.Engine [no key 0.00025s] ()
2025-11-29 18:59:28,791 INFO sqlalchemy.engine.Engine 
CREATE TABLE question_options (
	id INTEGER NOT NULL, 
	question_id INTEGER, 
	text TEXT NOT NULL, 
	is_correct BOOLEAN, 
	order_index INTEGER, 
	match_text TEXT, 
	PRIMARY KEY (id), 
	FOREIGN KEY(question_id) REFERENCES questions (id)
)


2025-11-29 18:59:28,792 INFO sqlalchemy.engine.Engine [no key 0.00056s] ()
2025-11-29 18:59:29,064 INFO sqlalchemy.engine.Engine CREATE INDEX ix_question_options_id ON question_options (id)
2025-11-29 18:59:29,064 INFO sqlalchemy.engine.Engine [no key 0.00036s] ()
2025-11-29 18:59:29,328 INFO sqlalchemy.engine.Engine 
CREATE TABLE quiz_attempts (
	id INTEGER NOT NULL, 
	quiz_id INTEGER, 
	user_id INTEGER, 
	score FLOAT, 
	passed BOOLEAN, 
	started_at DATETIME DEFAULT CURRENT_TIMESTAMP, 
	completed_at DATETIME, 
	PRIMARY KEY (id), 
	FOREIGN KEY(quiz_id) REFERENCES quizzes (id), 
	FOREIGN KEY(user_id) REFERENCES users (id)
)


2025-11-29 18:59:29,328 INFO sqlalchemy.engine.Engine [no key 0.00033s] ()
2025-11-29 18:59:29,584 INFO sqlalchemy.engine.Engine CREATE INDEX ix_quiz_attempts_id ON quiz_attempts (id)
2025-11-29 18:59:29,584 INFO sqlalchemy.engine.Engine [no key 0.00033s] ()
2025-11-29 18:59:29,857 INFO sqlalchemy.engine.Engine 
CREATE TABLE quiz_feedback (
	id INTEGER NOT NULL, 
	question_id INTEGER NOT NULL, 
	feedback_text TEXT, 
	feedback_for_correct TEXT, 
	feedback_for_incorrect TEXT, 
	hint_text TEXT, 
	explanation_url VARCHAR, 
	media_url VARCHAR, 
	PRIMARY KEY (id), 
	FOREIGN KEY(question_id) REFERENCES questions (id)
)


2025-11-29 18:59:29,857 INFO sqlalchemy.engine.Engine [no key 0.00026s] ()
2025-11-29 18:59:30,130 INFO sqlalchemy.engine.Engine CREATE INDEX ix_quiz_feedback_id ON quiz_feedback (id)
2025-11-29 18:59:30,131 INFO sqlalchemy.engine.Engine [no key 0.00031s] ()
2025-11-29 18:59:30,481 INFO sqlalchemy.engine.Engine 
CREATE TABLE assessment_rubrics (
	id INTEGER NOT NULL, 
	question_id INTEGER NOT NULL, 
	criteria_name VARCHAR NOT NULL, 
	max_points INTEGER NOT NULL, 
	description TEXT, 
	order_index INTEGER, 
	levels TEXT, 
	created_at DATETIME DEFAULT CURRENT_TIMESTAMP, 
	PRIMARY KEY (id), 
	FOREIGN KEY(question_id) REFERENCES questions (id)
)


2025-11-29 18:59:30,481 INFO sqlalchemy.engine.Engine [no key 0.00027s] ()
2025-11-29 18:59:30,810 INFO sqlalchemy.engine.Engine CREATE INDEX ix_assessment_rubrics_id ON assessment_rubrics (id)
2025-11-29 18:59:30,810 INFO sqlalchemy.engine.Engine [no key 0.00036s] ()
2025-11-29 18:59:30,875 INFO sqlalchemy.engine.Engine 
CREATE TABLE mood_entries (
	id INTEGER NOT NULL, 
	user_id INTEGER, 
	mood VARCHAR, 
	note VARCHAR, 
	timestamp DATETIME, 
	PRIMARY KEY (id), 
	FOREIGN KEY(user_id) REFERENCES users (id)
)


2025-11-29 18:59:30,875 INFO sqlalchemy.engine.Engine [no key 0.00023s] ()
2025-11-29 18:59:30,938 INFO sqlalchemy.engine.Engine CREATE INDEX ix_mood_entries_id ON mood_entries (id)
2025-11-29 18:59:30,938 INFO sqlalchemy.engine.Engine [no key 0.00019s] ()
2025-11-29 18:59:31,003 INFO sqlalchemy.engine.Engine 
CREATE TABLE exam_sessions (
	id INTEGER NOT NULL, 
	user_id INTEGER, 
	exam_name VARCHAR, 
	start_time DATETIME, 
	end_time DATETIME, 
	is_active BOOLEAN, 
	violations INTEGER, 
	PRIMARY KEY (id), 
	FOREIGN KEY(user_id) REFERENCES users (id)
)


2025-11-29 18:59:31,004 INFO sqlalchemy.engine.Engine [no key 0.00023s] ()
2025-11-29 18:59:31,068 INFO sqlalchemy.engine.Engine CREATE INDEX ix_exam_sessions_id ON exam_sessions (id)
2025-11-29 18:59:31,068 INFO sqlalchemy.engine.Engine [no key 0.00029s] ()
2025-11-29 18:59:31,132 INFO sqlalchemy.engine.Engine 
CREATE TABLE shadow_mode_sessions (
	id INTEGER NOT NULL, 
	user_id INTEGER, 
	day_number INTEGER, 
	start_time DATETIME, 
	end_time DATETIME, 
	duration_minutes INTEGER, 
	goals_completed INTEGER, 
	total_goals INTEGER, 
	focus_score FLOAT, 
	notes VARCHAR, 
	is_active BOOLEAN, 
	PRIMARY KEY (id), 
	FOREIGN KEY(user_id) REFERENCES users (id)
)


2025-11-29 18:59:31,132 INFO sqlalchemy.engine.Engine [no key 0.00023s] ()
2025-11-29 18:59:31,196 INFO sqlalchemy.engine.Engine CREATE INDEX ix_shadow_mode_sessions_id ON shadow_mode_sessions (id)
2025-11-29 18:59:31,196 INFO sqlalchemy.engine.Engine [no key 0.00022s] ()
2025-11-29 18:59:31,260 INFO sqlalchemy.engine.Engine CREATE INDEX ix_shadow_mode_sessions_user_id ON shadow_mode_sessions (user_id)
2025-11-29 18:59:31,261 INFO sqlalchemy.engine.Engine [no key 0.00018s] ()
2025-11-29 18:59:31,393 INFO sqlalchemy.engine.Engine 
CREATE TABLE study_groups (
	id INTEGER NOT NULL, 
	name VARCHAR NOT NULL, 
	description TEXT, 
	creator_id INTEGER NOT NULL, 
	is_private BOOLEAN, 
	max_members INTEGER, 
	created_at DATETIME NOT NULL, 
	PRIMARY KEY (id), 
	FOREIGN KEY(creator_id) REFERENCES users (id) ON DELETE CASCADE
)


2025-11-29 18:59:31,393 INFO sqlalchemy.engine.Engine [no key 0.00024s] ()
2025-11-29 18:59:31,457 INFO sqlalchemy.engine.Engine CREATE INDEX ix_study_groups_name ON study_groups (name)
2025-11-29 18:59:31,457 INFO sqlalchemy.engine.Engine [no key 0.00024s] ()
2025-11-29 18:59:31,521 INFO sqlalchemy.engine.Engine CREATE INDEX ix_study_groups_id ON study_groups (id)
2025-11-29 18:59:31,521 INFO sqlalchemy.engine.Engine [no key 0.00021s] ()
2025-11-29 18:59:31,586 INFO sqlalchemy.engine.Engine 
CREATE TABLE user_activities (
	id INTEGER NOT NULL, 
	user_id INTEGER NOT NULL, 
	activity_type VARCHAR NOT NULL, 
	target_type VARCHAR NOT NULL, 
	target_id INTEGER NOT NULL, 
	meta_data JSON, 
	created_at DATETIME, 
	PRIMARY KEY (id), 
	FOREIGN KEY(user_id) REFERENCES users (id) ON DELETE CASCADE
)


2025-11-29 18:59:31,586 INFO sqlalchemy.engine.Engine [no key 0.00024s] ()
2025-11-29 18:59:31,650 INFO sqlalchemy.engine.Engine CREATE INDEX ix_user_activities_created_at ON user_activities (created_at)
2025-11-29 18:59:31,650 INFO sqlalchemy.engine.Engine [no key 0.00028s] ()
2025-11-29 18:59:31,714 INFO sqlalchemy.engine.Engine CREATE INDEX ix_user_activities_id ON user_activities (id)
2025-11-29 18:59:31,715 INFO sqlalchemy.engine.Engine [no key 0.00025s] ()
2025-11-29 18:59:31,779 INFO sqlalchemy.engine.Engine 
CREATE TABLE user_preferences (
	id INTEGER NOT NULL, 
	user_id INTEGER NOT NULL, 
	preferred_categories JSON, 
	preferred_difficulty VARCHAR, 
	preferred_duration VARCHAR, 
	learning_goals JSON, 
	interests JSON, 
	updated_at DATETIME, 
	PRIMARY KEY (id), 
	UNIQUE (user_id), 
	FOREIGN KEY(user_id) REFERENCES users (id) ON DELETE CASCADE
)


2025-11-29 18:59:31,779 INFO sqlalchemy.engine.Engine [no key 0.00022s] ()
2025-11-29 18:59:31,843 INFO sqlalchemy.engine.Engine CREATE INDEX ix_user_preferences_id ON user_preferences (id)
2025-11-29 18:59:31,844 INFO sqlalchemy.engine.Engine [no key 0.00019s] ()
2025-11-29 18:59:31,908 INFO sqlalchemy.engine.Engine 
CREATE TABLE ai_conversations (
	id INTEGER NOT NULL, 
	user_id INTEGER NOT NULL, 
	title VARCHAR, 
	context VARCHAR, 
	messages JSON, 
	created_at DATETIME DEFAULT CURRENT_TIMESTAMP, 
	updated_at DATETIME DEFAULT CURRENT_TIMESTAMP, 
	PRIMARY KEY (id), 
	FOREIGN KEY(user_id) REFERENCES users (id)
)


2025-11-29 18:59:31,908 INFO sqlalchemy.engine.Engine [no key 0.00026s] ()
2025-11-29 18:59:31,972 INFO sqlalchemy.engine.Engine CREATE INDEX ix_ai_conversations_id ON ai_conversations (id)
2025-11-29 18:59:31,972 INFO sqlalchemy.engine.Engine [no key 0.00023s] ()
2025-11-29 18:59:32,037 INFO sqlalchemy.engine.Engine 
CREATE TABLE notifications (
	id INTEGER NOT NULL, 
	user_id INTEGER NOT NULL, 
	type VARCHAR(20) NOT NULL, 
	title VARCHAR(200) NOT NULL, 
	message TEXT NOT NULL, 
	data JSON, 
	action_url VARCHAR(500), 
	priority VARCHAR(6), 
	is_read BOOLEAN, 
	read_at DATETIME, 
	delivered_realtime BOOLEAN, 
	delivered_push BOOLEAN, 
	delivered_email BOOLEAN, 
	created_at DATETIME, 
	PRIMARY KEY (id), 
	FOREIGN KEY(user_id) REFERENCES users (id) ON DELETE CASCADE
)


2025-11-29 18:59:32,037 INFO sqlalchemy.engine.Engine [no key 0.00029s] ()
2025-11-29 18:59:32,101 INFO sqlalchemy.engine.Engine CREATE INDEX ix_notifications_is_read ON notifications (is_read)
2025-11-29 18:59:32,101 INFO sqlalchemy.engine.Engine [no key 0.00024s] ()
2025-11-29 18:59:32,165 INFO sqlalchemy.engine.Engine CREATE INDEX ix_notifications_type ON notifications (type)
2025-11-29 18:59:32,166 INFO sqlalchemy.engine.Engine [no key 0.00023s] ()
2025-11-29 18:59:32,230 INFO sqlalchemy.engine.Engine CREATE INDEX ix_notifications_user_id ON notifications (user_id)
2025-11-29 18:59:32,230 INFO sqlalchemy.engine.Engine [no key 0.00026s] ()
2025-11-29 18:59:32,294 INFO sqlalchemy.engine.Engine CREATE INDEX ix_notifications_id ON notifications (id)
2025-11-29 18:59:32,294 INFO sqlalchemy.engine.Engine [no key 0.00026s] ()
2025-11-29 18:59:32,359 INFO sqlalchemy.engine.Engine CREATE INDEX ix_notifications_priority ON notifications (priority)
2025-11-29 18:59:32,359 INFO sqlalchemy.engine.Engine [no key 0.00026s] ()
2025-11-29 18:59:32,423 INFO sqlalchemy.engine.Engine CREATE INDEX ix_notifications_created_at ON notifications (created_at)
2025-11-29 18:59:32,423 INFO sqlalchemy.engine.Engine [no key 0.00033s] ()
2025-11-29 18:59:32,488 INFO sqlalchemy.engine.Engine 
CREATE TABLE user_email_preferences (
	id INTEGER NOT NULL, 
	user_id INTEGER NOT NULL, 
	enrollment_enabled BOOLEAN, 
	assignment_enabled BOOLEAN, 
	quiz_enabled BOOLEAN, 
	certificate_enabled BOOLEAN, 
	announcement_enabled BOOLEAN, 
	review_enabled BOOLEAN, 
	course_update_enabled BOOLEAN, 
	general_enabled BOOLEAN, 
	all_emails_enabled BOOLEAN, 
	created_at DATETIME, 
	updated_at DATETIME, 
	PRIMARY KEY (id), 
	FOREIGN KEY(user_id) REFERENCES users (id) ON DELETE CASCADE
)


2025-11-29 18:59:32,488 INFO sqlalchemy.engine.Engine [no key 0.00023s] ()
2025-11-29 18:59:32,552 INFO sqlalchemy.engine.Engine CREATE UNIQUE INDEX ix_user_email_preferences_user_id ON user_email_preferences (user_id)
2025-11-29 18:59:32,552 INFO sqlalchemy.engine.Engine [no key 0.00023s] ()
2025-11-29 18:59:32,616 INFO sqlalchemy.engine.Engine CREATE INDEX ix_user_email_preferences_id ON user_email_preferences (id)
2025-11-29 18:59:32,616 INFO sqlalchemy.engine.Engine [no key 0.00018s] ()
2025-11-29 18:59:32,681 INFO sqlalchemy.engine.Engine 
CREATE TABLE email_templates (
	id INTEGER NOT NULL, 
	name VARCHAR NOT NULL, 
	display_name VARCHAR NOT NULL, 
	subject VARCHAR NOT NULL, 
	body_html TEXT NOT NULL, 
	body_text TEXT, 
	variables JSON, 
	is_system BOOLEAN, 
	notification_type VARCHAR(20) NOT NULL, 
	created_by INTEGER, 
	created_at DATETIME, 
	updated_at DATETIME, 
	PRIMARY KEY (id), 
	FOREIGN KEY(created_by) REFERENCES users (id) ON DELETE SET NULL
)


2025-11-29 18:59:32,681 INFO sqlalchemy.engine.Engine [no key 0.00024s] ()
2025-11-29 18:59:32,746 INFO sqlalchemy.engine.Engine CREATE UNIQUE INDEX ix_email_templates_name ON email_templates (name)
2025-11-29 18:59:32,746 INFO sqlalchemy.engine.Engine [no key 0.00035s] ()
2025-11-29 18:59:32,809 INFO sqlalchemy.engine.Engine CREATE INDEX ix_email_templates_notification_type ON email_templates (notification_type)
2025-11-29 18:59:32,809 INFO sqlalchemy.engine.Engine [no key 0.00021s] ()
2025-11-29 18:59:32,874 INFO sqlalchemy.engine.Engine CREATE INDEX ix_email_templates_id ON email_templates (id)
2025-11-29 18:59:32,874 INFO sqlalchemy.engine.Engine [no key 0.00019s] ()
2025-11-29 18:59:32,939 INFO sqlalchemy.engine.Engine 
CREATE TABLE shopping_carts (
	id INTEGER NOT NULL, 
	user_id INTEGER, 
	session_id VARCHAR(100), 
	created_at DATETIME DEFAULT CURRENT_TIMESTAMP NOT NULL, 
	updated_at DATETIME, 
	expires_at DATETIME, 
	is_active INTEGER, 
	PRIMARY KEY (id), 
	FOREIGN KEY(user_id) REFERENCES users (id) ON DELETE CASCADE
)


2025-11-29 18:59:32,939 INFO sqlalchemy.engine.Engine [no key 0.00017s] ()
2025-11-29 18:59:33,003 INFO sqlalchemy.engine.Engine CREATE INDEX ix_shopping_carts_id ON shopping_carts (id)
2025-11-29 18:59:33,003 INFO sqlalchemy.engine.Engine [no key 0.00026s] ()
2025-11-29 18:59:33,067 INFO sqlalchemy.engine.Engine CREATE INDEX ix_shopping_carts_user_id ON shopping_carts (user_id)
2025-11-29 18:59:33,067 INFO sqlalchemy.engine.Engine [no key 0.00028s] ()
2025-11-29 18:59:33,131 INFO sqlalchemy.engine.Engine CREATE UNIQUE INDEX ix_shopping_carts_session_id ON shopping_carts (session_id)
2025-11-29 18:59:33,131 INFO sqlalchemy.engine.Engine [no key 0.00024s] ()
2025-11-29 18:59:33,196 INFO sqlalchemy.engine.Engine 
CREATE TABLE instructor_payouts (
	id INTEGER NOT NULL, 
	instructor_id INTEGER NOT NULL, 
	amount NUMERIC(10, 2) NOT NULL, 
	currency VARCHAR(3) NOT NULL, 
	status VARCHAR(20) NOT NULL, 
	payment_method VARCHAR(20) NOT NULL, 
	payment_details TEXT, 
	stripe_transfer_id VARCHAR(100), 
	transaction_id VARCHAR(100), 
	requested_at DATETIME DEFAULT CURRENT_TIMESTAMP, 
	processed_at DATETIME, 
	completed_at DATETIME, 
	admin_notes TEXT, 
	failure_reason TEXT, 
	created_at DATETIME DEFAULT CURRENT_TIMESTAMP, 
	updated_at DATETIME, 
	PRIMARY KEY (id), 
	FOREIGN KEY(instructor_id) REFERENCES users (id)
)


2025-11-29 18:59:33,196 INFO sqlalchemy.engine.Engine [no key 0.00025s] ()
2025-11-29 18:59:33,260 INFO sqlalchemy.engine.Engine CREATE INDEX ix_instructor_payouts_instructor_id ON instructor_payouts (instructor_id)
2025-11-29 18:59:33,260 INFO sqlalchemy.engine.Engine [no key 0.00024s] ()
2025-11-29 18:59:33,325 INFO sqlalchemy.engine.Engine CREATE INDEX ix_instructor_payouts_id ON instructor_payouts (id)
2025-11-29 18:59:33,325 INFO sqlalchemy.engine.Engine [no key 0.00024s] ()
2025-11-29 18:59:33,389 INFO sqlalchemy.engine.Engine 
CREATE TABLE instructor_payment_info (
	id INTEGER NOT NULL, 
	instructor_id INTEGER NOT NULL, 
	stripe_account_id VARCHAR(100), 
	paypal_email VARCHAR(255), 
	bank_account_encrypted TEXT, 
	tax_country VARCHAR(2), 
	tax_id VARCHAR(50), 
	tax_form_type VARCHAR(20), 
	tax_form_submitted BOOLEAN, 
	tax_form_verified BOOLEAN, 
	minimum_payout_amount NUMERIC(10, 2), 
	payout_frequency VARCHAR(20), 
	verified BOOLEAN, 
	verified_at DATETIME, 
	created_at DATETIME DEFAULT CURRENT_TIMESTAMP, 
	updated_at DATETIME, 
	PRIMARY KEY (id), 
	FOREIGN KEY(instructor_id) REFERENCES users (id)
)


2025-11-29 18:59:33,389 INFO sqlalchemy.engine.Engine [no key 0.00025s] ()
2025-11-29 18:59:33,453 INFO sqlalchemy.engine.Engine CREATE UNIQUE INDEX ix_instructor_payment_info_instructor_id ON instructor_payment_info (instructor_id)
2025-11-29 18:59:33,453 INFO sqlalchemy.engine.Engine [no key 0.00027s] ()
2025-11-29 18:59:33,518 INFO sqlalchemy.engine.Engine CREATE INDEX ix_instructor_payment_info_id ON instructor_payment_info (id)
2025-11-29 18:59:33,518 INFO sqlalchemy.engine.Engine [no key 0.00026s] ()
2025-11-29 18:59:33,582 INFO sqlalchemy.engine.Engine 
CREATE TABLE user_subscriptions (
	id INTEGER NOT NULL, 
	user_id INTEGER NOT NULL, 
	plan_id INTEGER NOT NULL, 
	billing_cycle VARCHAR(20) NOT NULL, 
	status VARCHAR(20) NOT NULL, 
	started_at DATETIME DEFAULT CURRENT_TIMESTAMP, 
	trial_ends_at DATETIME, 
	current_period_start DATETIME, 
	current_period_end DATETIME, 
	cancelled_at DATETIME, 
	ended_at DATETIME, 
	stripe_subscription_id VARCHAR(100), 
	stripe_customer_id VARCHAR(100), 
	stripe_latest_invoice VARCHAR(100), 
	price_paid NUMERIC(10, 2) NOT NULL, 
	currency VARCHAR(3), 
	auto_renew BOOLEAN, 
	cancel_at_period_end BOOLEAN, 
	last_payment_date DATETIME, 
	next_payment_date DATETIME, 
	payment_failed_count INTEGER, 
	created_at DATETIME DEFAULT CURRENT_TIMESTAMP, 
	updated_at DATETIME, 
	PRIMARY KEY (id), 
	FOREIGN KEY(user_id) REFERENCES users (id), 
	FOREIGN KEY(plan_id) REFERENCES subscription_plans (id)
)


2025-11-29 18:59:33,583 INFO sqlalchemy.engine.Engine [no key 0.00027s] ()
2025-11-29 18:59:33,646 INFO sqlalchemy.engine.Engine CREATE INDEX ix_user_subscriptions_user_id ON user_subscriptions (user_id)
2025-11-29 18:59:33,647 INFO sqlalchemy.engine.Engine [no key 0.00020s] ()
2025-11-29 18:59:33,711 INFO sqlalchemy.engine.Engine CREATE UNIQUE INDEX ix_user_subscriptions_stripe_subscription_id ON user_subscriptions (stripe_subscription_id)
2025-11-29 18:59:33,711 INFO sqlalchemy.engine.Engine [no key 0.00028s] ()
2025-11-29 18:59:33,775 INFO sqlalchemy.engine.Engine CREATE INDEX ix_user_subscriptions_id ON user_subscriptions (id)
2025-11-29 18:59:33,775 INFO sqlalchemy.engine.Engine [no key 0.00020s] ()
2025-11-29 18:59:33,840 INFO sqlalchemy.engine.Engine CREATE INDEX ix_user_subscriptions_plan_id ON user_subscriptions (plan_id)
2025-11-29 18:59:33,840 INFO sqlalchemy.engine.Engine [no key 0.00030s] ()
2025-11-29 18:59:33,904 INFO sqlalchemy.engine.Engine 
CREATE TABLE affiliate_partners (
	id INTEGER NOT NULL, 
	user_id INTEGER NOT NULL, 
	referral_code VARCHAR(50) NOT NULL, 
	custom_slug VARCHAR(100), 
	commission_percentage NUMERIC(5, 2), 
	commission_tier VARCHAR(20), 
	total_earnings NUMERIC(10, 2), 
	pending_earnings NUMERIC(10, 2), 
	paid_earnings NUMERIC(10, 2), 
	total_clicks INTEGER, 
	total_conversions INTEGER, 
	conversion_rate NUMERIC(5, 2), 
	status VARCHAR(20), 
	is_verified BOOLEAN, 
	minimum_payout NUMERIC(10, 2), 
	payout_method VARCHAR(20), 
	payout_email VARCHAR(255), 
	last_click_date DATETIME, 
	last_conversion_date DATETIME, 
	last_payout_date DATETIME, 
	notes TEXT, 
	created_at DATETIME DEFAULT CURRENT_TIMESTAMP, 
	updated_at DATETIME, 
	PRIMARY KEY (id), 
	FOREIGN KEY(user_id) REFERENCES users (id), 
	UNIQUE (custom_slug)
)


2025-11-29 18:59:33,905 INFO sqlalchemy.engine.Engine [no key 0.00023s] ()
2025-11-29 18:59:33,968 INFO sqlalchemy.engine.Engine CREATE INDEX ix_affiliate_partners_id ON affiliate_partners (id)
2025-11-29 18:59:33,969 INFO sqlalchemy.engine.Engine [no key 0.00023s] ()
2025-11-29 18:59:34,033 INFO sqlalchemy.engine.Engine CREATE UNIQUE INDEX ix_affiliate_partners_user_id ON affiliate_partners (user_id)
2025-11-29 18:59:34,033 INFO sqlalchemy.engine.Engine [no key 0.00032s] ()
2025-11-29 18:59:34,097 INFO sqlalchemy.engine.Engine CREATE UNIQUE INDEX ix_affiliate_partners_referral_code ON affiliate_partners (referral_code)
2025-11-29 18:59:34,097 INFO sqlalchemy.engine.Engine [no key 0.00023s] ()
2025-11-29 18:59:34,162 INFO sqlalchemy.engine.Engine 
CREATE TABLE ai_usage_logs (
	id INTEGER NOT NULL, 
	user_id INTEGER NOT NULL, 
	feature VARCHAR(50) NOT NULL, 
	model_used VARCHAR(50) NOT NULL, 
	tokens_used INTEGER NOT NULL, 
	estimated_cost FLOAT NOT NULL, 
	request_data JSON, 
	response_time FLOAT, 
	success BOOLEAN, 
	error_message TEXT, 
	created_at DATETIME DEFAULT CURRENT_TIMESTAMP, 
	PRIMARY KEY (id), 
	FOREIGN KEY(user_id) REFERENCES users (id)
)


2025-11-29 18:59:34,162 INFO sqlalchemy.engine.Engine [no key 0.00030s] ()
2025-11-29 18:59:34,226 INFO sqlalchemy.engine.Engine CREATE INDEX ix_ai_usage_logs_feature ON ai_usage_logs (feature)
2025-11-29 18:59:34,226 INFO sqlalchemy.engine.Engine [no key 0.00023s] ()
2025-11-29 18:59:34,290 INFO sqlalchemy.engine.Engine CREATE INDEX ix_ai_usage_logs_created_at ON ai_usage_logs (created_at)
2025-11-29 18:59:34,291 INFO sqlalchemy.engine.Engine [no key 0.00024s] ()
2025-11-29 18:59:34,355 INFO sqlalchemy.engine.Engine CREATE INDEX ix_ai_usage_logs_id ON ai_usage_logs (id)
2025-11-29 18:59:34,355 INFO sqlalchemy.engine.Engine [no key 0.00018s] ()
2025-11-29 18:59:34,420 INFO sqlalchemy.engine.Engine CREATE INDEX ix_ai_usage_logs_user_id ON ai_usage_logs (user_id)
2025-11-29 18:59:34,420 INFO sqlalchemy.engine.Engine [no key 0.00038s] ()
2025-11-29 18:59:34,484 INFO sqlalchemy.engine.Engine 
CREATE TABLE sso_sessions (
	id INTEGER NOT NULL, 
	user_id INTEGER NOT NULL, 
	organization_id INTEGER NOT NULL, 
	session_id VARCHAR(255) NOT NULL, 
	provider_session_id VARCHAR(255), 
	name_id VARCHAR(500), 
	provider_type VARCHAR(5) NOT NULL, 
	login_method VARCHAR(50), 
	ip_address VARCHAR(50), 
	user_agent VARCHAR(500), 
	created_at DATETIME DEFAULT CURRENT_TIMESTAMP, 
	expires_at DATETIME NOT NULL, 
	last_activity_at DATETIME DEFAULT CURRENT_TIMESTAMP, 
	logged_out_at DATETIME, 
	PRIMARY KEY (id), 
	FOREIGN KEY(user_id) REFERENCES users (id) ON DELETE CASCADE, 
	FOREIGN KEY(organization_id) REFERENCES organizations (id) ON DELETE CASCADE
)


2025-11-29 18:59:34,485 INFO sqlalchemy.engine.Engine [no key 0.00025s] ()
2025-11-29 18:59:34,548 INFO sqlalchemy.engine.Engine CREATE INDEX ix_sso_sessions_provider_session_id ON sso_sessions (provider_session_id)
2025-11-29 18:59:34,548 INFO sqlalchemy.engine.Engine [no key 0.00023s] ()
2025-11-29 18:59:34,613 INFO sqlalchemy.engine.Engine CREATE INDEX ix_sso_sessions_id ON sso_sessions (id)
2025-11-29 18:59:34,613 INFO sqlalchemy.engine.Engine [no key 0.00023s] ()
2025-11-29 18:59:34,677 INFO sqlalchemy.engine.Engine CREATE UNIQUE INDEX ix_sso_sessions_session_id ON sso_sessions (session_id)
2025-11-29 18:59:34,677 INFO sqlalchemy.engine.Engine [no key 0.00023s] ()
2025-11-29 18:59:34,741 INFO sqlalchemy.engine.Engine CREATE INDEX ix_sso_sessions_user_id ON sso_sessions (user_id)
2025-11-29 18:59:34,741 INFO sqlalchemy.engine.Engine [no key 0.00027s] ()
2025-11-29 18:59:34,807 INFO sqlalchemy.engine.Engine 
CREATE TABLE sso_audit_logs (
	id INTEGER NOT NULL, 
	organization_id INTEGER, 
	user_id INTEGER, 
	event_type VARCHAR(50) NOT NULL, 
	event_status VARCHAR(20), 
	provider_type VARCHAR(20), 
	ip_address VARCHAR(50), 
	user_agent VARCHAR(500), 
	details JSON, 
	error_message TEXT, 
	created_at DATETIME DEFAULT CURRENT_TIMESTAMP, 
	PRIMARY KEY (id), 
	FOREIGN KEY(organization_id) REFERENCES organizations (id) ON DELETE CASCADE, 
	FOREIGN KEY(user_id) REFERENCES users (id) ON DELETE SET NULL
)


2025-11-29 18:59:34,807 INFO sqlalchemy.engine.Engine [no key 0.00035s] ()
2025-11-29 18:59:34,870 INFO sqlalchemy.engine.Engine CREATE INDEX ix_sso_audit_logs_event_type ON sso_audit_logs (event_type)
2025-11-29 18:59:34,871 INFO sqlalchemy.engine.Engine [no key 0.00029s] ()
2025-11-29 18:59:34,934 INFO sqlalchemy.engine.Engine CREATE INDEX ix_sso_audit_logs_user_id ON sso_audit_logs (user_id)
2025-11-29 18:59:34,935 INFO sqlalchemy.engine.Engine [no key 0.00023s] ()
2025-11-29 18:59:35,091 INFO sqlalchemy.engine.Engine CREATE INDEX ix_sso_audit_logs_organization_id ON sso_audit_logs (organization_id)
2025-11-29 18:59:35,091 INFO sqlalchemy.engine.Engine [no key 0.00025s] ()
2025-11-29 18:59:35,156 INFO sqlalchemy.engine.Engine CREATE INDEX ix_sso_audit_logs_created_at ON sso_audit_logs (created_at)
2025-11-29 18:59:35,157 INFO sqlalchemy.engine.Engine [no key 0.00052s] ()
2025-11-29 18:59:35,219 INFO sqlalchemy.engine.Engine CREATE INDEX ix_sso_audit_logs_id ON sso_audit_logs (id)
2025-11-29 18:59:35,219 INFO sqlalchemy.engine.Engine [no key 0.00021s] ()
2025-11-29 18:59:35,284 INFO sqlalchemy.engine.Engine 
CREATE TABLE two_factor_auth (
	id INTEGER NOT NULL, 
	user_id INTEGER NOT NULL, 
	secret VARCHAR(255) NOT NULL, 
	is_enabled BOOLEAN NOT NULL, 
	verified_at DATETIME, 
	created_at DATETIME NOT NULL, 
	updated_at DATETIME, 
	PRIMARY KEY (id), 
	FOREIGN KEY(user_id) REFERENCES users (id)
)


2025-11-29 18:59:35,284 INFO sqlalchemy.engine.Engine [no key 0.00026s] ()
2025-11-29 18:59:35,349 INFO sqlalchemy.engine.Engine CREATE INDEX ix_two_factor_auth_id ON two_factor_auth (id)
2025-11-29 18:59:35,349 INFO sqlalchemy.engine.Engine [no key 0.00027s] ()
2025-11-29 18:59:35,413 INFO sqlalchemy.engine.Engine CREATE UNIQUE INDEX ix_two_factor_auth_user_id ON two_factor_auth (user_id)
2025-11-29 18:59:35,413 INFO sqlalchemy.engine.Engine [no key 0.00028s] ()
2025-11-29 18:59:35,477 INFO sqlalchemy.engine.Engine 
CREATE TABLE user_achievements (
	id INTEGER NOT NULL PRIMARY KEY AUTOINCREMENT, 
	user_id INTEGER NOT NULL, 
	achievement_id INTEGER NOT NULL, 
	progress INTEGER, 
	unlocked_at DATETIME DEFAULT CURRENT_TIMESTAMP, 
	notified BOOLEAN, 
	FOREIGN KEY(user_id) REFERENCES users (id) ON DELETE CASCADE, 
	FOREIGN KEY(achievement_id) REFERENCES achievements (id) ON DELETE CASCADE
)


2025-11-29 18:59:35,477 INFO sqlalchemy.engine.Engine [no key 0.00022s] ()
2025-11-29 18:59:35,541 INFO sqlalchemy.engine.Engine CREATE INDEX ix_user_achievements_id ON user_achievements (id)
2025-11-29 18:59:35,542 INFO sqlalchemy.engine.Engine [no key 0.00030s] ()
2025-11-29 18:59:35,606 INFO sqlalchemy.engine.Engine CREATE INDEX ix_user_achievements_user_id ON user_achievements (user_id)
2025-11-29 18:59:35,606 INFO sqlalchemy.engine.Engine [no key 0.00025s] ()
2025-11-29 18:59:35,670 INFO sqlalchemy.engine.Engine CREATE INDEX ix_user_achievements_achievement_id ON user_achievements (achievement_id)
2025-11-29 18:59:35,670 INFO sqlalchemy.engine.Engine [no key 0.00022s] ()
2025-11-29 18:59:35,735 INFO sqlalchemy.engine.Engine 
CREATE TABLE user_challenges (
	id INTEGER NOT NULL PRIMARY KEY AUTOINCREMENT, 
	user_id INTEGER NOT NULL, 
	challenge_id INTEGER NOT NULL, 
	progress_data JSON, 
	progress_percentage INTEGER, 
	completed_at DATETIME, 
	reward_claimed BOOLEAN, 
	claimed_at DATETIME, 
	started_at DATETIME DEFAULT CURRENT_TIMESTAMP, 
	FOREIGN KEY(user_id) REFERENCES users (id) ON DELETE CASCADE, 
	FOREIGN KEY(challenge_id) REFERENCES challenges (id) ON DELETE CASCADE
)


2025-11-29 18:59:35,735 INFO sqlalchemy.engine.Engine [no key 0.00022s] ()
2025-11-29 18:59:35,799 INFO sqlalchemy.engine.Engine CREATE INDEX ix_user_challenges_id ON user_challenges (id)
2025-11-29 18:59:35,800 INFO sqlalchemy.engine.Engine [no key 0.00059s] ()
2025-11-29 18:59:35,863 INFO sqlalchemy.engine.Engine CREATE INDEX ix_user_challenges_user_id ON user_challenges (user_id)
2025-11-29 18:59:35,864 INFO sqlalchemy.engine.Engine [no key 0.00019s] ()
2025-11-29 18:59:35,928 INFO sqlalchemy.engine.Engine CREATE INDEX ix_user_challenges_challenge_id ON user_challenges (challenge_id)
2025-11-29 18:59:35,928 INFO sqlalchemy.engine.Engine [no key 0.00022s] ()
2025-11-29 18:59:36,172 INFO sqlalchemy.engine.Engine 
CREATE TABLE coin_transactions (
	id INTEGER NOT NULL, 
	user_id INTEGER NOT NULL, 
	amount INTEGER NOT NULL, 
	type VARCHAR(16) NOT NULL, 
	reason VARCHAR(200) NOT NULL, 
	description TEXT, 
	reference_type VARCHAR(50), 
	reference_id INTEGER, 
	balance_after INTEGER NOT NULL, 
	created_at DATETIME DEFAULT CURRENT_TIMESTAMP, 
	PRIMARY KEY (id), 
	FOREIGN KEY(user_id) REFERENCES users (id) ON DELETE CASCADE
)


2025-11-29 18:59:36,172 INFO sqlalchemy.engine.Engine [no key 0.00022s] ()
2025-11-29 18:59:36,240 INFO sqlalchemy.engine.Engine CREATE INDEX ix_coin_transactions_type ON coin_transactions (type)
2025-11-29 18:59:36,240 INFO sqlalchemy.engine.Engine [no key 0.00022s] ()
2025-11-29 18:59:36,304 INFO sqlalchemy.engine.Engine CREATE INDEX ix_coin_transactions_created_at ON coin_transactions (created_at)
2025-11-29 18:59:36,304 INFO sqlalchemy.engine.Engine [no key 0.00021s] ()
2025-11-29 18:59:36,369 INFO sqlalchemy.engine.Engine CREATE INDEX ix_coin_transactions_id ON coin_transactions (id)
2025-11-29 18:59:36,369 INFO sqlalchemy.engine.Engine [no key 0.00026s] ()
2025-11-29 18:59:36,545 INFO sqlalchemy.engine.Engine CREATE INDEX ix_coin_transactions_user_id ON coin_transactions (user_id)
2025-11-29 18:59:36,545 INFO sqlalchemy.engine.Engine [no key 0.00031s] ()
2025-11-29 18:59:36,859 INFO sqlalchemy.engine.Engine 
CREATE TABLE admin_logs (
	id INTEGER NOT NULL, 
	admin_id INTEGER, 
	action VARCHAR NOT NULL, 
	target_type VARCHAR, 
	target_id INTEGER, 
	details TEXT, 
	ip_address VARCHAR, 
	created_at DATETIME, 
	PRIMARY KEY (id), 
	FOREIGN KEY(admin_id) REFERENCES users (id)
)


2025-11-29 18:59:36,860 INFO sqlalchemy.engine.Engine [no key 0.00023s] ()
2025-11-29 18:59:37,075 INFO sqlalchemy.engine.Engine CREATE INDEX ix_admin_logs_created_at ON admin_logs (created_at)
2025-11-29 18:59:37,076 INFO sqlalchemy.engine.Engine [no key 0.00022s] ()
2025-11-29 18:59:37,222 INFO sqlalchemy.engine.Engine CREATE INDEX ix_admin_logs_admin_id ON admin_logs (admin_id)
2025-11-29 18:59:37,222 INFO sqlalchemy.engine.Engine [no key 0.00040s] ()
2025-11-29 18:59:37,286 INFO sqlalchemy.engine.Engine CREATE INDEX ix_admin_logs_action ON admin_logs (action)
2025-11-29 18:59:37,287 INFO sqlalchemy.engine.Engine [no key 0.00026s] ()
2025-11-29 18:59:37,351 INFO sqlalchemy.engine.Engine CREATE INDEX ix_admin_logs_id ON admin_logs (id)
2025-11-29 18:59:37,351 INFO sqlalchemy.engine.Engine [no key 0.00028s] ()
2025-11-29 18:59:37,416 INFO sqlalchemy.engine.Engine 
CREATE TABLE assets (
	id INTEGER NOT NULL, 
	filename VARCHAR NOT NULL, 
	original_name VARCHAR NOT NULL, 
	file_type VARCHAR NOT NULL, 
	url VARCHAR NOT NULL, 
	size INTEGER, 
	mime_type VARCHAR, 
	user_id INTEGER NOT NULL, 
	created_at DATETIME DEFAULT CURRENT_TIMESTAMP, 
	PRIMARY KEY (id), 
	FOREIGN KEY(user_id) REFERENCES users (id)
)


2025-11-29 18:59:37,416 INFO sqlalchemy.engine.Engine [no key 0.00028s] ()
2025-11-29 18:59:37,480 INFO sqlalchemy.engine.Engine CREATE INDEX ix_assets_filename ON assets (filename)
2025-11-29 18:59:37,480 INFO sqlalchemy.engine.Engine [no key 0.00037s] ()
2025-11-29 18:59:37,544 INFO sqlalchemy.engine.Engine CREATE INDEX ix_assets_id ON assets (id)
2025-11-29 18:59:37,544 INFO sqlalchemy.engine.Engine [no key 0.00021s] ()
2025-11-29 18:59:37,609 INFO sqlalchemy.engine.Engine 
CREATE TABLE digital_products (
	id INTEGER NOT NULL, 
	title VARCHAR NOT NULL, 
	description TEXT, 
	price NUMERIC(10, 2) NOT NULL, 
	file_url VARCHAR NOT NULL, 
	file_type VARCHAR, 
	is_active BOOLEAN, 
	sales_count INTEGER, 
	created_at DATETIME DEFAULT CURRENT_TIMESTAMP, 
	updated_at DATETIME, 
	instructor_id INTEGER NOT NULL, 
	PRIMARY KEY (id), 
	FOREIGN KEY(instructor_id) REFERENCES users (id)
)


2025-11-29 18:59:37,609 INFO sqlalchemy.engine.Engine [no key 0.00020s] ()
2025-11-29 18:59:37,673 INFO sqlalchemy.engine.Engine CREATE INDEX ix_digital_products_title ON digital_products (title)
2025-11-29 18:59:37,673 INFO sqlalchemy.engine.Engine [no key 0.00024s] ()
2025-11-29 18:59:37,737 INFO sqlalchemy.engine.Engine CREATE INDEX ix_digital_products_id ON digital_products (id)
2025-11-29 18:59:37,737 INFO sqlalchemy.engine.Engine [no key 0.00022s] ()
2025-11-29 18:59:37,802 INFO sqlalchemy.engine.Engine 
CREATE TABLE direct_messages (
	id INTEGER NOT NULL, 
	sender_id INTEGER NOT NULL, 
	receiver_id INTEGER NOT NULL, 
	message TEXT NOT NULL, 
	is_read BOOLEAN, 
	read_at DATETIME, 
	created_at DATETIME NOT NULL, 
	PRIMARY KEY (id), 
	FOREIGN KEY(sender_id) REFERENCES users (id) ON DELETE CASCADE, 
	FOREIGN KEY(receiver_id) REFERENCES users (id) ON DELETE CASCADE
)


2025-11-29 18:59:37,802 INFO sqlalchemy.engine.Engine [no key 0.00022s] ()
2025-11-29 18:59:37,866 INFO sqlalchemy.engine.Engine CREATE INDEX ix_direct_messages_sender_id ON direct_messages (sender_id)
2025-11-29 18:59:37,866 INFO sqlalchemy.engine.Engine [no key 0.00027s] ()
2025-11-29 18:59:37,930 INFO sqlalchemy.engine.Engine CREATE INDEX ix_direct_messages_receiver_id ON direct_messages (receiver_id)
2025-11-29 18:59:37,931 INFO sqlalchemy.engine.Engine [no key 0.00023s] ()
2025-11-29 18:59:37,995 INFO sqlalchemy.engine.Engine CREATE INDEX ix_direct_messages_id ON direct_messages (id)
2025-11-29 18:59:37,995 INFO sqlalchemy.engine.Engine [no key 0.00022s] ()
2025-11-29 18:59:38,059 INFO sqlalchemy.engine.Engine 
CREATE TABLE enquiries (
	id INTEGER NOT NULL, 
	name VARCHAR, 
	email VARCHAR NOT NULL, 
	subject VARCHAR NOT NULL, 
	message TEXT NOT NULL, 
	status VARCHAR, 
	created_at DATETIME DEFAULT CURRENT_TIMESTAMP, 
	updated_at DATETIME, 
	user_id INTEGER, 
	PRIMARY KEY (id), 
	FOREIGN KEY(user_id) REFERENCES users (id)
)


2025-11-29 18:59:38,059 INFO sqlalchemy.engine.Engine [no key 0.00017s] ()
2025-11-29 18:59:38,124 INFO sqlalchemy.engine.Engine CREATE INDEX ix_enquiries_name ON enquiries (name)
2025-11-29 18:59:38,124 INFO sqlalchemy.engine.Engine [no key 0.00024s] ()
2025-11-29 18:59:38,188 INFO sqlalchemy.engine.Engine CREATE INDEX ix_enquiries_email ON enquiries (email)
2025-11-29 18:59:38,188 INFO sqlalchemy.engine.Engine [no key 0.00018s] ()
2025-11-29 18:59:38,253 INFO sqlalchemy.engine.Engine CREATE INDEX ix_enquiries_id ON enquiries (id)
2025-11-29 18:59:38,253 INFO sqlalchemy.engine.Engine [no key 0.00018s] ()
2025-11-29 18:59:38,317 INFO sqlalchemy.engine.Engine 
CREATE TABLE friendships (
	id INTEGER NOT NULL, 
	user_id INTEGER NOT NULL, 
	friend_id INTEGER NOT NULL, 
	status VARCHAR(8) NOT NULL, 
	created_at DATETIME NOT NULL, 
	accepted_at DATETIME, 
	PRIMARY KEY (id), 
	FOREIGN KEY(user_id) REFERENCES users (id) ON DELETE CASCADE, 
	FOREIGN KEY(friend_id) REFERENCES users (id) ON DELETE CASCADE
)


2025-11-29 18:59:38,318 INFO sqlalchemy.engine.Engine [no key 0.00036s] ()
2025-11-29 18:59:38,381 INFO sqlalchemy.engine.Engine CREATE INDEX ix_friendships_id ON friendships (id)
2025-11-29 18:59:38,381 INFO sqlalchemy.engine.Engine [no key 0.00025s] ()
2025-11-29 18:59:38,445 INFO sqlalchemy.engine.Engine CREATE INDEX ix_friendships_user_id ON friendships (user_id)
2025-11-29 18:59:38,446 INFO sqlalchemy.engine.Engine [no key 0.00021s] ()
2025-11-29 18:59:38,510 INFO sqlalchemy.engine.Engine CREATE INDEX ix_friendships_friend_id ON friendships (friend_id)
2025-11-29 18:59:38,511 INFO sqlalchemy.engine.Engine [no key 0.00028s] ()
2025-11-29 18:59:38,575 INFO sqlalchemy.engine.Engine 
CREATE TABLE payment_methods (
	id INTEGER NOT NULL, 
	user_id INTEGER NOT NULL, 
	gateway VARCHAR(9) NOT NULL, 
	method_type VARCHAR(12) NOT NULL, 
	gateway_token VARCHAR(255) NOT NULL, 
	gateway_customer_id VARCHAR(255), 
	display_name VARCHAR(100), 
	last_four VARCHAR(4), 
	card_brand VARCHAR(20), 
	expiry_month INTEGER, 
	expiry_year INTEGER, 
	paypal_email VARCHAR(255), 
	is_default BOOLEAN NOT NULL, 
	is_active BOOLEAN NOT NULL, 
	created_at DATETIME DEFAULT CURRENT_TIMESTAMP NOT NULL, 
	updated_at DATETIME, 
	last_used_at DATETIME, 
	PRIMARY KEY (id), 
	FOREIGN KEY(user_id) REFERENCES users (id) ON DELETE CASCADE
)


2025-11-29 18:59:38,575 INFO sqlalchemy.engine.Engine [no key 0.00026s] ()
2025-11-29 18:59:38,748 INFO sqlalchemy.engine.Engine CREATE INDEX ix_payment_methods_id ON payment_methods (id)
2025-11-29 18:59:38,748 INFO sqlalchemy.engine.Engine [no key 0.00020s] ()
2025-11-29 18:59:38,812 INFO sqlalchemy.engine.Engine CREATE INDEX ix_payment_methods_user_id ON payment_methods (user_id)
2025-11-29 18:59:38,812 INFO sqlalchemy.engine.Engine [no key 0.00019s] ()
2025-11-29 18:59:38,876 INFO sqlalchemy.engine.Engine 
CREATE TABLE tax_exemptions (
	id INTEGER NOT NULL, 
	user_id INTEGER NOT NULL, 
	organization_id INTEGER, 
	exemption_type VARCHAR(50) NOT NULL, 
	exemption_certificate VARCHAR(100), 
	tax_id VARCHAR(50), 
	country_code VARCHAR(2), 
	state_code VARCHAR(10), 
	applies_to_all BOOLEAN, 
	is_active BOOLEAN NOT NULL, 
	verified BOOLEAN, 
	verified_at DATETIME, 
	valid_from DATETIME, 
	valid_until DATETIME, 
	certificate_url VARCHAR(500), 
	notes TEXT, 
	created_at DATETIME DEFAULT CURRENT_TIMESTAMP NOT NULL, 
	updated_at DATETIME, 
	PRIMARY KEY (id), 
	FOREIGN KEY(user_id) REFERENCES users (id), 
	FOREIGN KEY(organization_id) REFERENCES organizations (id)
)


2025-11-29 18:59:38,876 INFO sqlalchemy.engine.Engine [no key 0.00025s] ()
2025-11-29 18:59:38,940 INFO sqlalchemy.engine.Engine CREATE INDEX ix_tax_exemptions_id ON tax_exemptions (id)
2025-11-29 18:59:38,940 INFO sqlalchemy.engine.Engine [no key 0.00023s] ()
2025-11-29 18:59:39,005 INFO sqlalchemy.engine.Engine CREATE INDEX ix_tax_exemptions_user_id ON tax_exemptions (user_id)
2025-11-29 18:59:39,005 INFO sqlalchemy.engine.Engine [no key 0.00023s] ()
2025-11-29 18:59:39,069 INFO sqlalchemy.engine.Engine CREATE INDEX ix_tax_exemptions_organization_id ON tax_exemptions (organization_id)
2025-11-29 18:59:39,069 INFO sqlalchemy.engine.Engine [no key 0.00018s] ()
2025-11-29 18:59:39,134 INFO sqlalchemy.engine.Engine 
CREATE TABLE course_reviews (
	id INTEGER NOT NULL, 
	course_id INTEGER NOT NULL, 
	user_id INTEGER NOT NULL, 
	rating FLOAT NOT NULL, 
	title VARCHAR, 
	review_text TEXT, 
	helpful_count INTEGER, 
	created_at DATETIME, 
	updated_at DATETIME, 
	is_approved INTEGER, 
	PRIMARY KEY (id), 
	FOREIGN KEY(course_id) REFERENCES courses (id) ON DELETE CASCADE, 
	FOREIGN KEY(user_id) REFERENCES users (id) ON DELETE CASCADE
)


2025-11-29 18:59:39,134 INFO sqlalchemy.engine.Engine [no key 0.00017s] ()
2025-11-29 18:59:39,198 INFO sqlalchemy.engine.Engine CREATE INDEX ix_course_reviews_id ON course_reviews (id)
2025-11-29 18:59:39,199 INFO sqlalchemy.engine.Engine [no key 0.00024s] ()
2025-11-29 18:59:39,262 INFO sqlalchemy.engine.Engine CREATE INDEX ix_course_reviews_course_id ON course_reviews (course_id)
2025-11-29 18:59:39,262 INFO sqlalchemy.engine.Engine [no key 0.00023s] ()
2025-11-29 18:59:39,327 INFO sqlalchemy.engine.Engine CREATE INDEX ix_course_reviews_user_id ON course_reviews (user_id)
2025-11-29 18:59:39,327 INFO sqlalchemy.engine.Engine [no key 0.00034s] ()
2025-11-29 18:59:39,391 INFO sqlalchemy.engine.Engine 
CREATE TABLE course_tags (
	course_id INTEGER NOT NULL, 
	tag_id INTEGER NOT NULL, 
	PRIMARY KEY (course_id, tag_id), 
	FOREIGN KEY(course_id) REFERENCES courses (id) ON DELETE CASCADE, 
	FOREIGN KEY(tag_id) REFERENCES tags (id) ON DELETE CASCADE
)


2025-11-29 18:59:39,391 INFO sqlalchemy.engine.Engine [no key 0.00025s] ()
2025-11-29 18:59:39,456 INFO sqlalchemy.engine.Engine 
CREATE TABLE assignments (
	id INTEGER NOT NULL, 
	title VARCHAR NOT NULL, 
	description TEXT, 
	course_id INTEGER, 
	lesson_id INTEGER, 
	max_points FLOAT, 
	due_date DATETIME, 
	allow_late_submission BOOLEAN, 
	late_penalty_per_day FLOAT, 
	is_published BOOLEAN, 
	file_upload_required BOOLEAN, 
	allowed_file_types JSON, 
	max_file_size_mb INTEGER, 
	created_at DATETIME DEFAULT CURRENT_TIMESTAMP, 
	updated_at DATETIME, 
	PRIMARY KEY (id), 
	FOREIGN KEY(course_id) REFERENCES courses (id), 
	FOREIGN KEY(lesson_id) REFERENCES lessons (id)
)


2025-11-29 18:59:39,456 INFO sqlalchemy.engine.Engine [no key 0.00029s] ()
2025-11-29 18:59:39,593 INFO sqlalchemy.engine.Engine CREATE INDEX ix_assignments_id ON assignments (id)
2025-11-29 18:59:39,593 INFO sqlalchemy.engine.Engine [no key 0.00032s] ()
2025-11-29 18:59:39,657 INFO sqlalchemy.engine.Engine CREATE INDEX ix_assignments_title ON assignments (title)
2025-11-29 18:59:39,657 INFO sqlalchemy.engine.Engine [no key 0.00026s] ()
2025-11-29 18:59:39,721 INFO sqlalchemy.engine.Engine 
CREATE TABLE discussion_categories (
	id INTEGER NOT NULL, 
	course_id INTEGER NOT NULL, 
	name VARCHAR(100) NOT NULL, 
	description TEXT, 
	order_index INTEGER, 
	is_active BOOLEAN, 
	created_at DATETIME DEFAULT CURRENT_TIMESTAMP, 
	updated_at DATETIME, 
	PRIMARY KEY (id), 
	FOREIGN KEY(course_id) REFERENCES courses (id)
)


2025-11-29 18:59:39,722 INFO sqlalchemy.engine.Engine [no key 0.00023s] ()
2025-11-29 18:59:39,786 INFO sqlalchemy.engine.Engine CREATE INDEX ix_discussion_categories_id ON discussion_categories (id)
2025-11-29 18:59:39,786 INFO sqlalchemy.engine.Engine [no key 0.00025s] ()
2025-11-29 18:59:39,851 INFO sqlalchemy.engine.Engine 
CREATE TABLE course_announcements (
	id INTEGER NOT NULL, 
	course_id INTEGER NOT NULL, 
	instructor_id INTEGER NOT NULL, 
	title VARCHAR(200) NOT NULL, 
	content TEXT NOT NULL, 
	is_pinned BOOLEAN, 
	is_published BOOLEAN, 
	send_notification BOOLEAN, 
	send_email BOOLEAN, 
	created_at DATETIME DEFAULT CURRENT_TIMESTAMP, 
	updated_at DATETIME, 
	published_at DATETIME, 
	PRIMARY KEY (id), 
	FOREIGN KEY(course_id) REFERENCES courses (id), 
	FOREIGN KEY(instructor_id) REFERENCES users (id)
)


2025-11-29 18:59:39,851 INFO sqlalchemy.engine.Engine [no key 0.00026s] ()
2025-11-29 18:59:40,039 INFO sqlalchemy.engine.Engine CREATE INDEX ix_course_announcements_id ON course_announcements (id)
2025-11-29 18:59:40,040 INFO sqlalchemy.engine.Engine [no key 0.00022s] ()
2025-11-29 18:59:40,312 INFO sqlalchemy.engine.Engine 
CREATE TABLE lesson_bookmarks (
	id INTEGER NOT NULL PRIMARY KEY AUTOINCREMENT, 
	lesson_id INTEGER NOT NULL, 
	user_id INTEGER NOT NULL, 
	course_id INTEGER NOT NULL, 
	note TEXT, 
	created_at DATETIME DEFAULT CURRENT_TIMESTAMP, 
	FOREIGN KEY(lesson_id) REFERENCES lessons (id), 
	FOREIGN KEY(user_id) REFERENCES users (id), 
	FOREIGN KEY(course_id) REFERENCES courses (id)
)


2025-11-29 18:59:40,313 INFO sqlalchemy.engine.Engine [no key 0.00027s] ()
2025-11-29 18:59:40,585 INFO sqlalchemy.engine.Engine CREATE INDEX ix_lesson_bookmarks_id ON lesson_bookmarks (id)
2025-11-29 18:59:40,585 INFO sqlalchemy.engine.Engine [no key 0.00031s] ()
2025-11-29 18:59:40,858 INFO sqlalchemy.engine.Engine 
CREATE TABLE course_bookmarks (
	id INTEGER NOT NULL PRIMARY KEY AUTOINCREMENT, 
	course_id INTEGER NOT NULL, 
	user_id INTEGER NOT NULL, 
	note TEXT, 
	created_at DATETIME DEFAULT CURRENT_TIMESTAMP, 
	FOREIGN KEY(course_id) REFERENCES courses (id), 
	FOREIGN KEY(user_id) REFERENCES users (id)
)


2025-11-29 18:59:40,858 INFO sqlalchemy.engine.Engine [no key 0.00022s] ()
2025-11-29 18:59:41,188 INFO sqlalchemy.engine.Engine CREATE INDEX ix_course_bookmarks_id ON course_bookmarks (id)
2025-11-29 18:59:41,188 INFO sqlalchemy.engine.Engine [no key 0.00023s] ()
2025-11-29 18:59:41,514 INFO sqlalchemy.engine.Engine 
CREATE TABLE question_banks (
	id INTEGER NOT NULL, 
	course_id INTEGER NOT NULL, 
	instructor_id INTEGER NOT NULL, 
	title VARCHAR(200) NOT NULL, 
	description TEXT, 
	category VARCHAR(100), 
	difficulty_level VARCHAR(20), 
	is_active BOOLEAN, 
	created_at DATETIME DEFAULT CURRENT_TIMESTAMP, 
	updated_at DATETIME, 
	PRIMARY KEY (id), 
	FOREIGN KEY(course_id) REFERENCES courses (id), 
	FOREIGN KEY(instructor_id) REFERENCES users (id)
)


2025-11-29 18:59:41,514 INFO sqlalchemy.engine.Engine [no key 0.00030s] ()
2025-11-29 18:59:41,578 INFO sqlalchemy.engine.Engine CREATE INDEX ix_question_banks_id ON question_banks (id)
2025-11-29 18:59:41,578 INFO sqlalchemy.engine.Engine [no key 0.00023s] ()
2025-11-29 18:59:41,642 INFO sqlalchemy.engine.Engine CREATE INDEX ix_question_banks_title ON question_banks (title)
2025-11-29 18:59:41,643 INFO sqlalchemy.engine.Engine [no key 0.00038s] ()
2025-11-29 18:59:41,707 INFO sqlalchemy.engine.Engine 
CREATE TABLE live_classes (
	id INTEGER NOT NULL, 
	course_id INTEGER NOT NULL, 
	title VARCHAR NOT NULL, 
	description TEXT, 
	scheduled_at DATETIME NOT NULL, 
	duration_minutes INTEGER, 
	meeting_url VARCHAR, 
	meeting_password VARCHAR, 
	platform VARCHAR, 
	status VARCHAR(9), 
	recording_url VARCHAR, 
	recording_available BOOLEAN, 
	instructor_id INTEGER NOT NULL, 
	created_at DATETIME, 
	updated_at DATETIME, 
	whiteboard_data JSON, 
	PRIMARY KEY (id), 
	FOREIGN KEY(course_id) REFERENCES courses (id) ON DELETE CASCADE, 
	FOREIGN KEY(instructor_id) REFERENCES users (id)
)


2025-11-29 18:59:41,707 INFO sqlalchemy.engine.Engine [no key 0.00023s] ()
2025-11-29 18:59:41,771 INFO sqlalchemy.engine.Engine CREATE INDEX ix_live_classes_scheduled_at ON live_classes (scheduled_at)
2025-11-29 18:59:41,771 INFO sqlalchemy.engine.Engine [no key 0.00021s] ()
2025-11-29 18:59:41,835 INFO sqlalchemy.engine.Engine CREATE INDEX ix_live_classes_id ON live_classes (id)
2025-11-29 18:59:41,836 INFO sqlalchemy.engine.Engine [no key 0.00026s] ()
2025-11-29 18:59:41,900 INFO sqlalchemy.engine.Engine CREATE INDEX ix_live_classes_status ON live_classes (status)
2025-11-29 18:59:41,900 INFO sqlalchemy.engine.Engine [no key 0.00020s] ()
2025-11-29 18:59:41,964 INFO sqlalchemy.engine.Engine CREATE INDEX ix_live_classes_course_id ON live_classes (course_id)
2025-11-29 18:59:41,964 INFO sqlalchemy.engine.Engine [no key 0.00021s] ()
2025-11-29 18:59:42,029 INFO sqlalchemy.engine.Engine 
CREATE TABLE path_courses (
	id INTEGER NOT NULL, 
	path_id INTEGER NOT NULL, 
	course_id INTEGER NOT NULL, 
	order_index INTEGER, 
	prerequisite_course_id INTEGER, 
	is_required BOOLEAN, 
	created_at DATETIME, 
	PRIMARY KEY (id), 
	FOREIGN KEY(path_id) REFERENCES learning_paths (id) ON DELETE CASCADE, 
	FOREIGN KEY(course_id) REFERENCES courses (id) ON DELETE CASCADE, 
	FOREIGN KEY(prerequisite_course_id) REFERENCES courses (id)
)


2025-11-29 18:59:42,029 INFO sqlalchemy.engine.Engine [no key 0.00024s] ()
2025-11-29 18:59:42,093 INFO sqlalchemy.engine.Engine CREATE INDEX ix_path_courses_course_id ON path_courses (course_id)
2025-11-29 18:59:42,093 INFO sqlalchemy.engine.Engine [no key 0.00024s] ()
2025-11-29 18:59:42,157 INFO sqlalchemy.engine.Engine CREATE INDEX ix_path_courses_id ON path_courses (id)
2025-11-29 18:59:42,158 INFO sqlalchemy.engine.Engine [no key 0.00025s] ()
2025-11-29 18:59:42,222 INFO sqlalchemy.engine.Engine CREATE INDEX ix_path_courses_order_index ON path_courses (order_index)
2025-11-29 18:59:42,222 INFO sqlalchemy.engine.Engine [no key 0.00029s] ()
2025-11-29 18:59:42,286 INFO sqlalchemy.engine.Engine CREATE INDEX ix_path_courses_path_id ON path_courses (path_id)
2025-11-29 18:59:42,287 INFO sqlalchemy.engine.Engine [no key 0.00028s] ()
2025-11-29 18:59:42,351 INFO sqlalchemy.engine.Engine 
CREATE TABLE course_bundle_items (
	bundle_id INTEGER NOT NULL, 
	course_id INTEGER NOT NULL, 
	PRIMARY KEY (bundle_id, course_id), 
	FOREIGN KEY(bundle_id) REFERENCES course_bundles (id) ON DELETE CASCADE, 
	FOREIGN KEY(course_id) REFERENCES courses (id) ON DELETE CASCADE
)


2025-11-29 18:59:42,351 INFO sqlalchemy.engine.Engine [no key 0.00023s] ()
2025-11-29 18:59:42,415 INFO sqlalchemy.engine.Engine 
CREATE TABLE bundle_enrollments (
	id INTEGER NOT NULL, 
	user_id INTEGER NOT NULL, 
	bundle_id INTEGER NOT NULL, 
	enrolled_at DATETIME DEFAULT CURRENT_TIMESTAMP, 
	price_paid NUMERIC(10, 2) NOT NULL, 
	currency VARCHAR(3), 
	payment_id VARCHAR(100), 
	payment_status VARCHAR(20), 
	coupon_code VARCHAR(50), 
	discount_applied NUMERIC(10, 2), 
	courses_completed INTEGER, 
	completion_percentage NUMERIC(5, 2), 
	completed_at DATETIME, 
	status VARCHAR(20), 
	created_at DATETIME DEFAULT CURRENT_TIMESTAMP, 
	updated_at DATETIME, 
	PRIMARY KEY (id), 
	FOREIGN KEY(user_id) REFERENCES users (id), 
	FOREIGN KEY(bundle_id) REFERENCES course_bundles (id)
)


2025-11-29 18:59:42,415 INFO sqlalchemy.engine.Engine [no key 0.00020s] ()
2025-11-29 18:59:42,479 INFO sqlalchemy.engine.Engine CREATE INDEX ix_bundle_enrollments_user_id ON bundle_enrollments (user_id)
2025-11-29 18:59:42,479 INFO sqlalchemy.engine.Engine [no key 0.00029s] ()
2025-11-29 18:59:42,544 INFO sqlalchemy.engine.Engine CREATE INDEX ix_bundle_enrollments_bundle_id ON bundle_enrollments (bundle_id)
2025-11-29 18:59:42,544 INFO sqlalchemy.engine.Engine [no key 0.00026s] ()
2025-11-29 18:59:42,608 INFO sqlalchemy.engine.Engine CREATE INDEX ix_bundle_enrollments_id ON bundle_enrollments (id)
2025-11-29 18:59:42,608 INFO sqlalchemy.engine.Engine [no key 0.00023s] ()
2025-11-29 18:59:42,673 INFO sqlalchemy.engine.Engine 
CREATE TABLE enrollments (
	id INTEGER NOT NULL, 
	user_id INTEGER NOT NULL, 
	course_id INTEGER NOT NULL, 
	status VARCHAR(9), 
	progress_percentage FLOAT, 
	last_accessed_lesson_id INTEGER, 
	enrolled_at DATETIME, 
	completed_at DATETIME, 
	expires_at DATETIME, 
	last_accessed_at DATETIME, 
	payment_id INTEGER, 
	price_paid FLOAT, 
	certificate_issued BOOLEAN, 
	certificate_issued_at DATETIME, 
	PRIMARY KEY (id), 
	FOREIGN KEY(user_id) REFERENCES users (id) ON DELETE CASCADE, 
	FOREIGN KEY(course_id) REFERENCES courses (id) ON DELETE CASCADE, 
	FOREIGN KEY(last_accessed_lesson_id) REFERENCES lessons (id)
)


2025-11-29 18:59:42,673 INFO sqlalchemy.engine.Engine [no key 0.00026s] ()
2025-11-29 18:59:42,737 INFO sqlalchemy.engine.Engine CREATE INDEX ix_enrollments_id ON enrollments (id)
2025-11-29 18:59:42,737 INFO sqlalchemy.engine.Engine [no key 0.00023s] ()
2025-11-29 18:59:42,801 INFO sqlalchemy.engine.Engine CREATE INDEX ix_enrollments_enrolled_at ON enrollments (enrolled_at)
2025-11-29 18:59:42,801 INFO sqlalchemy.engine.Engine [no key 0.00022s] ()
2025-11-29 18:59:42,866 INFO sqlalchemy.engine.Engine CREATE INDEX ix_enrollments_status ON enrollments (status)
2025-11-29 18:59:42,866 INFO sqlalchemy.engine.Engine [no key 0.00032s] ()
2025-11-29 18:59:42,931 INFO sqlalchemy.engine.Engine CREATE INDEX ix_enrollments_course_id ON enrollments (course_id)
2025-11-29 18:59:42,931 INFO sqlalchemy.engine.Engine [no key 0.00024s] ()
2025-11-29 18:59:42,995 INFO sqlalchemy.engine.Engine CREATE INDEX ix_enrollments_user_id ON enrollments (user_id)
2025-11-29 18:59:42,995 INFO sqlalchemy.engine.Engine [no key 0.00022s] ()
2025-11-29 18:59:43,059 INFO sqlalchemy.engine.Engine 
CREATE TABLE student_answers (
	id INTEGER NOT NULL, 
	attempt_id INTEGER, 
	question_id INTEGER, 
	selected_option_id INTEGER, 
	text_response TEXT, 
	is_correct BOOLEAN, 
	points_awarded FLOAT, 
	time_spent_seconds INTEGER, 
	submitted_at DATETIME DEFAULT CURRENT_TIMESTAMP, 
	PRIMARY KEY (id), 
	FOREIGN KEY(attempt_id) REFERENCES quiz_attempts (id), 
	FOREIGN KEY(question_id) REFERENCES questions (id), 
	FOREIGN KEY(selected_option_id) REFERENCES question_options (id)
)


2025-11-29 18:59:43,059 INFO sqlalchemy.engine.Engine [no key 0.00024s] ()
2025-11-29 18:59:43,123 INFO sqlalchemy.engine.Engine CREATE INDEX ix_student_answers_id ON student_answers (id)
2025-11-29 18:59:43,123 INFO sqlalchemy.engine.Engine [no key 0.00021s] ()
2025-11-29 18:59:43,189 INFO sqlalchemy.engine.Engine 
CREATE TABLE quiz_attempt_analytics (
	id INTEGER NOT NULL, 
	attempt_id INTEGER, 
	time_spent_seconds INTEGER, 
	average_time_per_question FLOAT, 
	questions_answered INTEGER, 
	questions_correct INTEGER, 
	questions_incorrect INTEGER, 
	questions_skipped INTEGER, 
	questions_reviewed INTEGER, 
	difficulty_rating FLOAT, 
	confidence_score FLOAT, 
	times_backtracked INTEGER, 
	hints_used INTEGER, 
	created_at DATETIME DEFAULT CURRENT_TIMESTAMP, 
	PRIMARY KEY (id), 
	UNIQUE (attempt_id), 
	FOREIGN KEY(attempt_id) REFERENCES quiz_attempts (id)
)


2025-11-29 18:59:43,189 INFO sqlalchemy.engine.Engine [no key 0.00026s] ()
2025-11-29 18:59:43,252 INFO sqlalchemy.engine.Engine CREATE INDEX ix_quiz_attempt_analytics_id ON quiz_attempt_analytics (id)
2025-11-29 18:59:43,252 INFO sqlalchemy.engine.Engine [no key 0.00023s] ()
2025-11-29 18:59:43,317 INFO sqlalchemy.engine.Engine 
CREATE TABLE group_members (
	group_id INTEGER NOT NULL, 
	user_id INTEGER NOT NULL, 
	joined_at DATETIME, 
	PRIMARY KEY (group_id, user_id), 
	FOREIGN KEY(group_id) REFERENCES study_groups (id) ON DELETE CASCADE, 
	FOREIGN KEY(user_id) REFERENCES users (id) ON DELETE CASCADE
)


2025-11-29 18:59:43,317 INFO sqlalchemy.engine.Engine [no key 0.00029s] ()
2025-11-29 18:59:43,382 INFO sqlalchemy.engine.Engine 
CREATE TABLE learning_groups (
	id INTEGER NOT NULL, 
	name VARCHAR(200) NOT NULL, 
	description TEXT, 
	group_type VARCHAR(12), 
	privacy VARCHAR(11), 
	course_id INTEGER, 
	max_members INTEGER, 
	is_active BOOLEAN, 
	created_by INTEGER, 
	created_at DATETIME, 
	updated_at DATETIME, 
	PRIMARY KEY (id), 
	FOREIGN KEY(course_id) REFERENCES courses (id), 
	FOREIGN KEY(created_by) REFERENCES users (id)
)


2025-11-29 18:59:43,382 INFO sqlalchemy.engine.Engine [no key 0.00021s] ()
2025-11-29 18:59:43,446 INFO sqlalchemy.engine.Engine CREATE INDEX ix_learning_groups_id ON learning_groups (id)
2025-11-29 18:59:43,446 INFO sqlalchemy.engine.Engine [no key 0.00052s] ()
2025-11-29 18:59:43,510 INFO sqlalchemy.engine.Engine 
CREATE TABLE chat_sessions (
	id INTEGER NOT NULL, 
	user_id INTEGER NOT NULL, 
	course_id INTEGER, 
	title VARCHAR, 
	context_type VARCHAR, 
	context_id INTEGER, 
	is_active BOOLEAN, 
	created_at DATETIME, 
	updated_at DATETIME, 
	PRIMARY KEY (id), 
	FOREIGN KEY(user_id) REFERENCES users (id) ON DELETE CASCADE, 
	FOREIGN KEY(course_id) REFERENCES courses (id) ON DELETE SET NULL
)


2025-11-29 18:59:43,511 INFO sqlalchemy.engine.Engine [no key 0.00025s] ()
2025-11-29 18:59:43,574 INFO sqlalchemy.engine.Engine CREATE INDEX ix_chat_sessions_id ON chat_sessions (id)
2025-11-29 18:59:43,574 INFO sqlalchemy.engine.Engine [no key 0.00023s] ()
2025-11-29 18:59:43,639 INFO sqlalchemy.engine.Engine 
CREATE TABLE course_recommendations (
	id INTEGER NOT NULL, 
	user_id INTEGER NOT NULL, 
	course_id INTEGER NOT NULL, 
	score FLOAT NOT NULL, 
	reason VARCHAR, 
	algorithm VARCHAR NOT NULL, 
	meta_data JSON, 
	created_at DATETIME, 
	clicked DATETIME, 
	enrolled DATETIME, 
	PRIMARY KEY (id), 
	FOREIGN KEY(user_id) REFERENCES users (id) ON DELETE CASCADE, 
	FOREIGN KEY(course_id) REFERENCES courses (id) ON DELETE CASCADE
)


2025-11-29 18:59:43,639 INFO sqlalchemy.engine.Engine [no key 0.00029s] ()
2025-11-29 18:59:43,703 INFO sqlalchemy.engine.Engine CREATE INDEX ix_course_recommendations_id ON course_recommendations (id)
2025-11-29 18:59:43,703 INFO sqlalchemy.engine.Engine [no key 0.00022s] ()
2025-11-29 18:59:43,768 INFO sqlalchemy.engine.Engine 
CREATE TABLE email_logs (
	id INTEGER NOT NULL, 
	user_id INTEGER NOT NULL, 
	template_id INTEGER, 
	recipient_email VARCHAR NOT NULL, 
	subject VARCHAR NOT NULL, 
	status VARCHAR(7), 
	sent_at DATETIME, 
	error_message TEXT, 
	body_html TEXT, 
	body_text TEXT, 
	created_at DATETIME, 
	PRIMARY KEY (id), 
	FOREIGN KEY(user_id) REFERENCES users (id) ON DELETE CASCADE, 
	FOREIGN KEY(template_id) REFERENCES email_templates (id) ON DELETE SET NULL
)


2025-11-29 18:59:43,768 INFO sqlalchemy.engine.Engine [no key 0.00023s] ()
2025-11-29 18:59:43,832 INFO sqlalchemy.engine.Engine CREATE INDEX ix_email_logs_id ON email_logs (id)
2025-11-29 18:59:43,832 INFO sqlalchemy.engine.Engine [no key 0.00025s] ()
2025-11-29 18:59:43,896 INFO sqlalchemy.engine.Engine CREATE INDEX ix_email_logs_status ON email_logs (status)
2025-11-29 18:59:43,897 INFO sqlalchemy.engine.Engine [no key 0.00019s] ()
2025-11-29 18:59:43,952 INFO sqlalchemy.engine.Engine CREATE INDEX ix_email_logs_user_id ON email_logs (user_id)
2025-11-29 18:59:43,952 INFO sqlalchemy.engine.Engine [no key 0.00024s] ()
2025-11-29 18:59:44,017 INFO sqlalchemy.engine.Engine CREATE INDEX ix_email_logs_created_at ON email_logs (created_at)
2025-11-29 18:59:44,017 INFO sqlalchemy.engine.Engine [no key 0.00030s] ()
2025-11-29 18:59:44,123 INFO sqlalchemy.engine.Engine 
CREATE TABLE coupons (
	id INTEGER NOT NULL, 
	code VARCHAR NOT NULL, 
	description TEXT, 
	discount_type VARCHAR NOT NULL, 
	discount_value FLOAT NOT NULL, 
	min_purchase_amount FLOAT, 
	max_discount_amount FLOAT, 
	course_id INTEGER, 
	category_id INTEGER, 
	instructor_id INTEGER NOT NULL, 
	usage_limit INTEGER, 
	usage_count INTEGER NOT NULL, 
	usage_per_user_limit INTEGER NOT NULL, 
	valid_from DATETIME NOT NULL, 
	valid_until DATETIME, 
	is_active BOOLEAN NOT NULL, 
	created_at DATETIME DEFAULT CURRENT_TIMESTAMP NOT NULL, 
	updated_at DATETIME, 
	PRIMARY KEY (id), 
	FOREIGN KEY(course_id) REFERENCES courses (id) ON DELETE CASCADE, 
	FOREIGN KEY(category_id) REFERENCES categories (id) ON DELETE SET NULL, 
	FOREIGN KEY(instructor_id) REFERENCES users (id) ON DELETE CASCADE
)


2025-11-29 18:59:44,124 INFO sqlalchemy.engine.Engine [no key 0.00026s] ()
2025-11-29 18:59:44,187 INFO sqlalchemy.engine.Engine CREATE INDEX ix_coupons_id ON coupons (id)
2025-11-29 18:59:44,187 INFO sqlalchemy.engine.Engine [no key 0.00022s] ()
2025-11-29 18:59:44,251 INFO sqlalchemy.engine.Engine CREATE UNIQUE INDEX ix_coupons_code ON coupons (code)
2025-11-29 18:59:44,252 INFO sqlalchemy.engine.Engine [no key 0.00023s] ()
2025-11-29 18:59:44,317 INFO sqlalchemy.engine.Engine 
CREATE TABLE instructor_analytics (
	id INTEGER NOT NULL PRIMARY KEY AUTOINCREMENT, 
	instructor_id INTEGER NOT NULL, 
	course_id INTEGER NOT NULL, 
	date DATE NOT NULL, 
	total_students INTEGER, 
	active_students INTEGER, 
	new_enrollments INTEGER, 
	completions INTEGER, 
	avg_progress FLOAT, 
	avg_quiz_score FLOAT, 
	quiz_attempts INTEGER, 
	assignments_submitted INTEGER, 
	avg_assignment_score FLOAT, 
	total_revenue FLOAT, 
	new_revenue FLOAT, 
	refunds INTEGER, 
	refund_amount FLOAT, 
	total_time_spent INTEGER, 
	avg_session_duration FLOAT, 
	discussion_posts INTEGER, 
	questions_asked INTEGER, 
	peer_reviews_completed INTEGER, 
	avg_rating FLOAT, 
	new_reviews INTEGER, 
	created_at DATETIME DEFAULT CURRENT_TIMESTAMP NOT NULL, 
	updated_at DATETIME, 
	FOREIGN KEY(instructor_id) REFERENCES users (id) ON DELETE CASCADE, 
	FOREIGN KEY(course_id) REFERENCES courses (id) ON DELETE CASCADE
)


2025-11-29 18:59:44,317 INFO sqlalchemy.engine.Engine [no key 0.00028s] ()
2025-11-29 18:59:44,381 INFO sqlalchemy.engine.Engine CREATE INDEX ix_instructor_analytics_id ON instructor_analytics (id)
2025-11-29 18:59:44,381 INFO sqlalchemy.engine.Engine [no key 0.00027s] ()
2025-11-29 18:59:44,445 INFO sqlalchemy.engine.Engine CREATE INDEX ix_instructor_analytics_date ON instructor_analytics (date)
2025-11-29 18:59:44,445 INFO sqlalchemy.engine.Engine [no key 0.00028s] ()
2025-11-29 18:59:44,584 INFO sqlalchemy.engine.Engine 
CREATE TABLE student_analytics (
	id INTEGER NOT NULL, 
	user_id INTEGER NOT NULL, 
	course_id INTEGER NOT NULL, 
	preferred_time_slot VARCHAR(20), 
	avg_session_duration FLOAT, 
	total_time_spent INTEGER, 
	sessions_count INTEGER, 
	last_active DATETIME, 
	video_completion_rate FLOAT, 
	reading_completion_rate FLOAT, 
	quiz_preference FLOAT, 
	discussion_engagement FLOAT, 
	completion_rate FLOAT, 
	avg_quiz_score FLOAT, 
	quiz_attempts INTEGER, 
	assignments_completed INTEGER, 
	avg_assignment_score FLOAT, 
	discussion_posts INTEGER, 
	questions_asked INTEGER, 
	peer_reviews_given INTEGER, 
	notes_created INTEGER, 
	bookmarks_created INTEGER, 
	estimated_completion_date DATE, 
	estimated_days_to_complete INTEGER, 
	at_risk_flag BOOLEAN, 
	engagement_score FLOAT, 
	progress_percentile FLOAT, 
	performance_percentile FLOAT, 
	engagement_percentile FLOAT, 
	created_at DATETIME DEFAULT CURRENT_TIMESTAMP NOT NULL, 
	last_calculated DATETIME, 
	PRIMARY KEY (id), 
	FOREIGN KEY(user_id) REFERENCES users (id) ON DELETE CASCADE, 
	FOREIGN KEY(course_id) REFERENCES courses (id) ON DELETE CASCADE
)


2025-11-29 18:59:44,584 INFO sqlalchemy.engine.Engine [no key 0.00021s] ()
2025-11-29 18:59:44,648 INFO sqlalchemy.engine.Engine CREATE INDEX ix_student_analytics_id ON student_analytics (id)
2025-11-29 18:59:44,649 INFO sqlalchemy.engine.Engine [no key 0.00021s] ()
2025-11-29 18:59:44,714 INFO sqlalchemy.engine.Engine 
CREATE TABLE analytics_events (
	id INTEGER NOT NULL, 
	event_type VARCHAR(50) NOT NULL, 
	user_id INTEGER, 
	course_id INTEGER, 
	event_data TEXT, 
	session_id VARCHAR(100), 
	ip_address VARCHAR(45), 
	user_agent VARCHAR(500), 
	timestamp DATETIME DEFAULT CURRENT_TIMESTAMP NOT NULL, 
	PRIMARY KEY (id), 
	FOREIGN KEY(user_id) REFERENCES users (id) ON DELETE SET NULL, 
	FOREIGN KEY(course_id) REFERENCES courses (id) ON DELETE SET NULL
)


2025-11-29 18:59:44,714 INFO sqlalchemy.engine.Engine [no key 0.00034s] ()
2025-11-29 18:59:44,778 INFO sqlalchemy.engine.Engine CREATE INDEX ix_analytics_events_event_type ON analytics_events (event_type)
2025-11-29 18:59:44,778 INFO sqlalchemy.engine.Engine [no key 0.00024s] ()
2025-11-29 18:59:44,841 INFO sqlalchemy.engine.Engine CREATE INDEX ix_analytics_events_id ON analytics_events (id)
2025-11-29 18:59:44,842 INFO sqlalchemy.engine.Engine [no key 0.00023s] ()
2025-11-29 18:59:44,906 INFO sqlalchemy.engine.Engine CREATE INDEX ix_analytics_events_timestamp ON analytics_events (timestamp)
2025-11-29 18:59:44,906 INFO sqlalchemy.engine.Engine [no key 0.00021s] ()
2025-11-29 18:59:44,971 INFO sqlalchemy.engine.Engine 
CREATE TABLE revenue_shares (
	id INTEGER NOT NULL, 
	course_id INTEGER NOT NULL, 
	instructor_id INTEGER NOT NULL, 
	platform_fee_percentage NUMERIC(5, 2) NOT NULL, 
	instructor_percentage NUMERIC(5, 2) NOT NULL, 
	total_revenue NUMERIC(10, 2) NOT NULL, 
	platform_earnings NUMERIC(10, 2) NOT NULL, 
	instructor_earnings NUMERIC(10, 2) NOT NULL, 
	pending_payout NUMERIC(10, 2) NOT NULL, 
	total_enrollments INTEGER, 
	last_sale_date DATETIME, 
	last_payout_date DATETIME, 
	created_at DATETIME DEFAULT CURRENT_TIMESTAMP, 
	updated_at DATETIME, 
	PRIMARY KEY (id), 
	FOREIGN KEY(course_id) REFERENCES courses (id), 
	FOREIGN KEY(instructor_id) REFERENCES users (id)
)


2025-11-29 18:59:44,971 INFO sqlalchemy.engine.Engine [no key 0.00021s] ()
2025-11-29 18:59:45,035 INFO sqlalchemy.engine.Engine CREATE INDEX ix_revenue_shares_course_id ON revenue_shares (course_id)
2025-11-29 18:59:45,035 INFO sqlalchemy.engine.Engine [no key 0.00022s] ()
2025-11-29 18:59:45,100 INFO sqlalchemy.engine.Engine CREATE INDEX ix_revenue_shares_instructor_id ON revenue_shares (instructor_id)
2025-11-29 18:59:45,100 INFO sqlalchemy.engine.Engine [no key 0.00018s] ()
2025-11-29 18:59:45,164 INFO sqlalchemy.engine.Engine CREATE INDEX ix_revenue_shares_id ON revenue_shares (id)
2025-11-29 18:59:45,164 INFO sqlalchemy.engine.Engine [no key 0.00035s] ()
2025-11-29 18:59:45,228 INFO sqlalchemy.engine.Engine 
CREATE TABLE marketplace_listings (
	id INTEGER NOT NULL, 
	course_id INTEGER NOT NULL, 
	is_published BOOLEAN, 
	is_featured BOOLEAN, 
	is_promoted BOOLEAN, 
	marketplace_category VARCHAR(100), 
	target_audience VARCHAR(255), 
	learning_outcomes TEXT, 
	prerequisites TEXT, 
	seo_title VARCHAR(255), 
	seo_description TEXT, 
	seo_keywords TEXT, 
	featured_until DATETIME, 
	promotion_start DATETIME, 
	promotion_end DATETIME, 
	view_count INTEGER, 
	click_count INTEGER, 
	conversion_rate NUMERIC(5, 2), 
	quality_score NUMERIC(3, 2), 
	marketplace_rank INTEGER, 
	created_at DATETIME DEFAULT CURRENT_TIMESTAMP, 
	updated_at DATETIME, 
	PRIMARY KEY (id), 
	FOREIGN KEY(course_id) REFERENCES courses (id)
)


2025-11-29 18:59:45,229 INFO sqlalchemy.engine.Engine [no key 0.00026s] ()
2025-11-29 18:59:45,293 INFO sqlalchemy.engine.Engine CREATE INDEX ix_marketplace_listings_id ON marketplace_listings (id)
2025-11-29 18:59:45,293 INFO sqlalchemy.engine.Engine [no key 0.00022s] ()
2025-11-29 18:59:45,358 INFO sqlalchemy.engine.Engine CREATE UNIQUE INDEX ix_marketplace_listings_course_id ON marketplace_listings (course_id)
2025-11-29 18:59:45,358 INFO sqlalchemy.engine.Engine [no key 0.00035s] ()
2025-11-29 18:59:45,422 INFO sqlalchemy.engine.Engine 
CREATE TABLE revenue_transactions (
	id INTEGER NOT NULL, 
	course_id INTEGER NOT NULL, 
	instructor_id INTEGER NOT NULL, 
	student_id INTEGER NOT NULL, 
	transaction_type VARCHAR(20) NOT NULL, 
	total_amount NUMERIC(10, 2) NOT NULL, 
	platform_fee NUMERIC(10, 2) NOT NULL, 
	instructor_earnings NUMERIC(10, 2) NOT NULL, 
	payment_id VARCHAR(100), 
	stripe_payment_intent VARCHAR(100), 
	is_refunded BOOLEAN, 
	refunded_at DATETIME, 
	refund_amount NUMERIC(10, 2), 
	coupon_code VARCHAR(50), 
	discount_amount NUMERIC(10, 2), 
	affiliate_id INTEGER, 
	affiliate_commission NUMERIC(10, 2), 
	created_at DATETIME DEFAULT CURRENT_TIMESTAMP, 
	PRIMARY KEY (id), 
	FOREIGN KEY(course_id) REFERENCES courses (id), 
	FOREIGN KEY(instructor_id) REFERENCES users (id), 
	FOREIGN KEY(student_id) REFERENCES users (id), 
	FOREIGN KEY(affiliate_id) REFERENCES users (id)
)


2025-11-29 18:59:45,422 INFO sqlalchemy.engine.Engine [no key 0.00025s] ()
2025-11-29 18:59:45,486 INFO sqlalchemy.engine.Engine CREATE INDEX ix_revenue_transactions_course_id ON revenue_transactions (course_id)
2025-11-29 18:59:45,486 INFO sqlalchemy.engine.Engine [no key 0.00017s] ()
2025-11-29 18:59:45,550 INFO sqlalchemy.engine.Engine CREATE INDEX ix_revenue_transactions_instructor_id ON revenue_transactions (instructor_id)
2025-11-29 18:59:45,550 INFO sqlalchemy.engine.Engine [no key 0.00018s] ()
2025-11-29 18:59:45,614 INFO sqlalchemy.engine.Engine CREATE INDEX ix_revenue_transactions_id ON revenue_transactions (id)
2025-11-29 18:59:45,615 INFO sqlalchemy.engine.Engine [no key 0.00030s] ()
2025-11-29 18:59:45,679 INFO sqlalchemy.engine.Engine CREATE INDEX ix_revenue_transactions_student_id ON revenue_transactions (student_id)
2025-11-29 18:59:45,679 INFO sqlalchemy.engine.Engine [no key 0.00021s] ()
2025-11-29 18:59:45,744 INFO sqlalchemy.engine.Engine 
CREATE TABLE subscription_invoices (
	id INTEGER NOT NULL, 
	subscription_id INTEGER NOT NULL, 
	invoice_number VARCHAR(50), 
	amount NUMERIC(10, 2) NOT NULL, 
	currency VARCHAR(3), 
	status VARCHAR(20) NOT NULL, 
	stripe_invoice_id VARCHAR(100), 
	stripe_payment_intent VARCHAR(100), 
	invoice_date DATETIME DEFAULT CURRENT_TIMESTAMP, 
	due_date DATETIME, 
	paid_at DATETIME, 
	invoice_pdf_url VARCHAR(500), 
	description TEXT, 
	created_at DATETIME DEFAULT CURRENT_TIMESTAMP, 
	updated_at DATETIME, 
	PRIMARY KEY (id), 
	FOREIGN KEY(subscription_id) REFERENCES user_subscriptions (id), 
	UNIQUE (invoice_number), 
	UNIQUE (stripe_invoice_id)
)


2025-11-29 18:59:45,744 INFO sqlalchemy.engine.Engine [no key 0.00025s] ()
2025-11-29 18:59:45,808 INFO sqlalchemy.engine.Engine CREATE INDEX ix_subscription_invoices_subscription_id ON subscription_invoices (subscription_id)
2025-11-29 18:59:45,808 INFO sqlalchemy.engine.Engine [no key 0.00022s] ()
2025-11-29 18:59:45,872 INFO sqlalchemy.engine.Engine CREATE INDEX ix_subscription_invoices_id ON subscription_invoices (id)
2025-11-29 18:59:45,872 INFO sqlalchemy.engine.Engine [no key 0.00025s] ()
2025-11-29 18:59:45,937 INFO sqlalchemy.engine.Engine 
CREATE TABLE affiliate_clicks (
	id INTEGER NOT NULL, 
	affiliate_id INTEGER NOT NULL, 
	referral_code VARCHAR(50) NOT NULL, 
	ip_address VARCHAR(45), 
	user_agent TEXT, 
	referrer_url VARCHAR(500), 
	landing_url VARCHAR(500), 
	tracking_cookie VARCHAR(100), 
	cookie_expires_at DATETIME, 
	converted BOOLEAN, 
	converted_at DATETIME, 
	conversion_value NUMERIC(10, 2), 
	country VARCHAR(2), 
	city VARCHAR(100), 
	created_at DATETIME DEFAULT CURRENT_TIMESTAMP, 
	PRIMARY KEY (id), 
	FOREIGN KEY(affiliate_id) REFERENCES affiliate_partners (id)
)


2025-11-29 18:59:45,937 INFO sqlalchemy.engine.Engine [no key 0.00026s] ()
2025-11-29 18:59:46,001 INFO sqlalchemy.engine.Engine CREATE UNIQUE INDEX ix_affiliate_clicks_tracking_cookie ON affiliate_clicks (tracking_cookie)
2025-11-29 18:59:46,001 INFO sqlalchemy.engine.Engine [no key 0.00026s] ()
2025-11-29 18:59:46,065 INFO sqlalchemy.engine.Engine CREATE INDEX ix_affiliate_clicks_id ON affiliate_clicks (id)
2025-11-29 18:59:46,065 INFO sqlalchemy.engine.Engine [no key 0.00021s] ()
2025-11-29 18:59:46,130 INFO sqlalchemy.engine.Engine CREATE INDEX ix_affiliate_clicks_referral_code ON affiliate_clicks (referral_code)
2025-11-29 18:59:46,130 INFO sqlalchemy.engine.Engine [no key 0.00029s] ()
2025-11-29 18:59:46,194 INFO sqlalchemy.engine.Engine CREATE INDEX ix_affiliate_clicks_affiliate_id ON affiliate_clicks (affiliate_id)
2025-11-29 18:59:46,194 INFO sqlalchemy.engine.Engine [no key 0.00025s] ()
2025-11-29 18:59:46,259 INFO sqlalchemy.engine.Engine 
CREATE TABLE affiliate_referrals (
	id INTEGER NOT NULL, 
	affiliate_id INTEGER NOT NULL, 
	referred_user_id INTEGER NOT NULL, 
	referral_code VARCHAR(50) NOT NULL, 
	tracking_cookie VARCHAR(100), 
	purchase_type VARCHAR(20) NOT NULL, 
	purchase_id INTEGER NOT NULL, 
	purchase_amount NUMERIC(10, 2) NOT NULL, 
	commission_percentage NUMERIC(5, 2) NOT NULL, 
	commission_amount NUMERIC(10, 2) NOT NULL, 
	commission_status VARCHAR(20), 
	payment_id VARCHAR(100), 
	first_click_date DATETIME, 
	conversion_date DATETIME DEFAULT CURRENT_TIMESTAMP, 
	is_refunded BOOLEAN, 
	refunded_at DATETIME, 
	created_at DATETIME DEFAULT CURRENT_TIMESTAMP, 
	updated_at DATETIME, 
	PRIMARY KEY (id), 
	FOREIGN KEY(affiliate_id) REFERENCES affiliate_partners (id), 
	FOREIGN KEY(referred_user_id) REFERENCES users (id)
)


2025-11-29 18:59:46,259 INFO sqlalchemy.engine.Engine [no key 0.00025s] ()
2025-11-29 18:59:46,323 INFO sqlalchemy.engine.Engine CREATE INDEX ix_affiliate_referrals_affiliate_id ON affiliate_referrals (affiliate_id)
2025-11-29 18:59:46,324 INFO sqlalchemy.engine.Engine [no key 0.00037s] ()
2025-11-29 18:59:46,387 INFO sqlalchemy.engine.Engine CREATE INDEX ix_affiliate_referrals_referred_user_id ON affiliate_referrals (referred_user_id)
2025-11-29 18:59:46,388 INFO sqlalchemy.engine.Engine [no key 0.00022s] ()
2025-11-29 18:59:46,452 INFO sqlalchemy.engine.Engine CREATE INDEX ix_affiliate_referrals_id ON affiliate_referrals (id)
2025-11-29 18:59:46,452 INFO sqlalchemy.engine.Engine [no key 0.00023s] ()
2025-11-29 18:59:46,516 INFO sqlalchemy.engine.Engine 
CREATE TABLE affiliate_payouts (
	id INTEGER NOT NULL, 
	affiliate_id INTEGER NOT NULL, 
	amount NUMERIC(10, 2) NOT NULL, 
	currency VARCHAR(3), 
	payment_method VARCHAR(20) NOT NULL, 
	payment_details TEXT, 
	status VARCHAR(20) NOT NULL, 
	stripe_transfer_id VARCHAR(100), 
	paypal_transaction_id VARCHAR(100), 
	transaction_id VARCHAR(100), 
	requested_at DATETIME DEFAULT CURRENT_TIMESTAMP, 
	processed_at DATETIME, 
	completed_at DATETIME, 
	admin_notes TEXT, 
	failure_reason TEXT, 
	created_at DATETIME DEFAULT CURRENT_TIMESTAMP, 
	updated_at DATETIME, 
	PRIMARY KEY (id), 
	FOREIGN KEY(affiliate_id) REFERENCES affiliate_partners (id)
)


2025-11-29 18:59:46,517 INFO sqlalchemy.engine.Engine [no key 0.00028s] ()
2025-11-29 18:59:46,581 INFO sqlalchemy.engine.Engine CREATE INDEX ix_affiliate_payouts_id ON affiliate_payouts (id)
2025-11-29 18:59:46,581 INFO sqlalchemy.engine.Engine [no key 0.00023s] ()
2025-11-29 18:59:46,971 INFO sqlalchemy.engine.Engine CREATE INDEX ix_affiliate_payouts_affiliate_id ON affiliate_payouts (affiliate_id)
2025-11-29 18:59:46,971 INFO sqlalchemy.engine.Engine [no key 0.00024s] ()
2025-11-29 18:59:47,043 INFO sqlalchemy.engine.Engine 
CREATE TABLE ai_generated_quizzes (
	id INTEGER NOT NULL, 
	course_id INTEGER NOT NULL, 
	lesson_id INTEGER, 
	quiz_id INTEGER, 
	source_content TEXT NOT NULL, 
	difficulty_level VARCHAR(20), 
	num_questions INTEGER NOT NULL, 
	question_types JSON, 
	questions JSON NOT NULL, 
	quality_score FLOAT, 
	instructor_rating INTEGER, 
	used_in_course BOOLEAN, 
	review_notes TEXT, 
	model_used VARCHAR(50), 
	generation_cost FLOAT, 
	generation_time FLOAT, 
	created_by INTEGER NOT NULL, 
	created_at DATETIME DEFAULT CURRENT_TIMESTAMP, 
	updated_at DATETIME, 
	PRIMARY KEY (id), 
	FOREIGN KEY(course_id) REFERENCES courses (id) ON DELETE CASCADE, 
	FOREIGN KEY(lesson_id) REFERENCES lessons (id) ON DELETE CASCADE, 
	FOREIGN KEY(quiz_id) REFERENCES quizzes (id) ON DELETE SET NULL, 
	FOREIGN KEY(created_by) REFERENCES users (id)
)


2025-11-29 18:59:47,043 INFO sqlalchemy.engine.Engine [no key 0.00019s] ()
2025-11-29 18:59:47,107 INFO sqlalchemy.engine.Engine CREATE INDEX ix_ai_generated_quizzes_id ON ai_generated_quizzes (id)
2025-11-29 18:59:47,108 INFO sqlalchemy.engine.Engine [no key 0.00019s] ()
2025-11-29 18:59:47,263 INFO sqlalchemy.engine.Engine CREATE INDEX ix_ai_generated_quizzes_lesson_id ON ai_generated_quizzes (lesson_id)
2025-11-29 18:59:47,263 INFO sqlalchemy.engine.Engine [no key 0.00020s] ()
2025-11-29 18:59:47,327 INFO sqlalchemy.engine.Engine CREATE INDEX ix_ai_generated_quizzes_course_id ON ai_generated_quizzes (course_id)
2025-11-29 18:59:47,327 INFO sqlalchemy.engine.Engine [no key 0.00023s] ()
2025-11-29 18:59:47,392 INFO sqlalchemy.engine.Engine 
CREATE TABLE two_factor_backup_codes (
	id INTEGER NOT NULL, 
	user_id INTEGER NOT NULL, 
	two_factor_auth_id INTEGER NOT NULL, 
	code_hash VARCHAR(255) NOT NULL, 
	is_used BOOLEAN NOT NULL, 
	used_at DATETIME, 
	created_at DATETIME NOT NULL, 
	PRIMARY KEY (id), 
	FOREIGN KEY(user_id) REFERENCES users (id), 
	FOREIGN KEY(two_factor_auth_id) REFERENCES two_factor_auth (id)
)


2025-11-29 18:59:47,392 INFO sqlalchemy.engine.Engine [no key 0.00026s] ()
2025-11-29 18:59:47,456 INFO sqlalchemy.engine.Engine CREATE INDEX ix_two_factor_backup_codes_user_id ON two_factor_backup_codes (user_id)
2025-11-29 18:59:47,457 INFO sqlalchemy.engine.Engine [no key 0.00024s] ()
2025-11-29 18:59:47,520 INFO sqlalchemy.engine.Engine CREATE INDEX ix_two_factor_backup_codes_two_factor_auth_id ON two_factor_backup_codes (two_factor_auth_id)
2025-11-29 18:59:47,521 INFO sqlalchemy.engine.Engine [no key 0.00022s] ()
2025-11-29 18:59:47,586 INFO sqlalchemy.engine.Engine CREATE INDEX ix_two_factor_backup_codes_id ON two_factor_backup_codes (id)
2025-11-29 18:59:47,586 INFO sqlalchemy.engine.Engine [no key 0.00025s] ()
2025-11-29 18:59:47,650 INFO sqlalchemy.engine.Engine 
CREATE TABLE review_helpful (
	id INTEGER NOT NULL, 
	review_id INTEGER NOT NULL, 
	user_id INTEGER NOT NULL, 
	created_at DATETIME, 
	PRIMARY KEY (id), 
	FOREIGN KEY(review_id) REFERENCES course_reviews (id) ON DELETE CASCADE, 
	FOREIGN KEY(user_id) REFERENCES users (id) ON DELETE CASCADE
)


2025-11-29 18:59:47,650 INFO sqlalchemy.engine.Engine [no key 0.00023s] ()
2025-11-29 18:59:47,714 INFO sqlalchemy.engine.Engine CREATE INDEX ix_review_helpful_user_id ON review_helpful (user_id)
2025-11-29 18:59:47,714 INFO sqlalchemy.engine.Engine [no key 0.00017s] ()
2025-11-29 18:59:47,779 INFO sqlalchemy.engine.Engine CREATE INDEX ix_review_helpful_id ON review_helpful (id)
2025-11-29 18:59:47,779 INFO sqlalchemy.engine.Engine [no key 0.00019s] ()
2025-11-29 18:59:47,843 INFO sqlalchemy.engine.Engine CREATE INDEX ix_review_helpful_review_id ON review_helpful (review_id)
2025-11-29 18:59:47,843 INFO sqlalchemy.engine.Engine [no key 0.00025s] ()
2025-11-29 18:59:47,907 INFO sqlalchemy.engine.Engine 
CREATE TABLE course_payments (
	id INTEGER NOT NULL, 
	user_id INTEGER NOT NULL, 
	course_id INTEGER, 
	enrollment_id INTEGER, 
	amount FLOAT NOT NULL, 
	currency VARCHAR, 
	status VARCHAR NOT NULL, 
	payment_provider VARCHAR NOT NULL, 
	stripe_payment_intent_id VARCHAR, 
	stripe_checkout_session_id VARCHAR, 
	stripe_customer_id VARCHAR, 
	razorpay_order_id VARCHAR, 
	razorpay_payment_id VARCHAR, 
	razorpay_signature VARCHAR, 
	instamojo_payment_request_id VARCHAR, 
	instamojo_payment_id VARCHAR, 
	payment_method VARCHAR, 
	failure_reason TEXT, 
	refund_reason TEXT, 
	refunded_at DATETIME, 
	created_at DATETIME DEFAULT CURRENT_TIMESTAMP NOT NULL, 
	succeeded_at DATETIME, 
	PRIMARY KEY (id), 
	FOREIGN KEY(user_id) REFERENCES users (id) ON DELETE CASCADE, 
	FOREIGN KEY(course_id) REFERENCES courses (id) ON DELETE SET NULL, 
	FOREIGN KEY(enrollment_id) REFERENCES enrollments (id) ON DELETE SET NULL
)


2025-11-29 18:59:47,907 INFO sqlalchemy.engine.Engine [no key 0.00022s] ()
2025-11-29 18:59:47,971 INFO sqlalchemy.engine.Engine CREATE UNIQUE INDEX ix_course_payments_razorpay_order_id ON course_payments (razorpay_order_id)
2025-11-29 18:59:47,972 INFO sqlalchemy.engine.Engine [no key 0.00021s] ()
2025-11-29 18:59:48,036 INFO sqlalchemy.engine.Engine CREATE UNIQUE INDEX ix_course_payments_instamojo_payment_id ON course_payments (instamojo_payment_id)
2025-11-29 18:59:48,036 INFO sqlalchemy.engine.Engine [no key 0.00027s] ()
2025-11-29 18:59:48,100 INFO sqlalchemy.engine.Engine CREATE UNIQUE INDEX ix_course_payments_stripe_payment_intent_id ON course_payments (stripe_payment_intent_id)
2025-11-29 18:59:48,100 INFO sqlalchemy.engine.Engine [no key 0.00024s] ()
2025-11-29 18:59:48,165 INFO sqlalchemy.engine.Engine CREATE UNIQUE INDEX ix_course_payments_instamojo_payment_request_id ON course_payments (instamojo_payment_request_id)
2025-11-29 18:59:48,165 INFO sqlalchemy.engine.Engine [no key 0.00031s] ()
2025-11-29 18:59:48,229 INFO sqlalchemy.engine.Engine CREATE INDEX ix_course_payments_stripe_customer_id ON course_payments (stripe_customer_id)
2025-11-29 18:59:48,229 INFO sqlalchemy.engine.Engine [no key 0.00021s] ()
2025-11-29 18:59:48,294 INFO sqlalchemy.engine.Engine CREATE UNIQUE INDEX ix_course_payments_razorpay_payment_id ON course_payments (razorpay_payment_id)
2025-11-29 18:59:48,294 INFO sqlalchemy.engine.Engine [no key 0.00040s] ()
2025-11-29 18:59:48,358 INFO sqlalchemy.engine.Engine CREATE UNIQUE INDEX ix_course_payments_stripe_checkout_session_id ON course_payments (stripe_checkout_session_id)
2025-11-29 18:59:48,358 INFO sqlalchemy.engine.Engine [no key 0.00021s] ()
2025-11-29 18:59:48,422 INFO sqlalchemy.engine.Engine CREATE INDEX ix_course_payments_id ON course_payments (id)
2025-11-29 18:59:48,422 INFO sqlalchemy.engine.Engine [no key 0.00022s] ()
2025-11-29 18:59:48,487 INFO sqlalchemy.engine.Engine 
CREATE TABLE certificates (
	id INTEGER NOT NULL, 
	user_id INTEGER NOT NULL, 
	course_id INTEGER NOT NULL, 
	enrollment_id INTEGER NOT NULL, 
	certificate_number VARCHAR NOT NULL, 
	issued_at DATETIME NOT NULL, 
	student_name VARCHAR NOT NULL, 
	student_email VARCHAR NOT NULL, 
	course_title VARCHAR NOT NULL, 
	instructor_name VARCHAR NOT NULL, 
	pdf_url VARCHAR, 
	completion_percentage FLOAT, 
	total_lessons_completed INTEGER, 
	time_spent_hours FLOAT, 
	template_id INTEGER, 
	PRIMARY KEY (id), 
	FOREIGN KEY(user_id) REFERENCES users (id), 
	FOREIGN KEY(course_id) REFERENCES courses (id), 
	UNIQUE (enrollment_id), 
	FOREIGN KEY(enrollment_id) REFERENCES enrollments (id), 
	FOREIGN KEY(template_id) REFERENCES certificate_templates (id)
)


2025-11-29 18:59:48,488 INFO sqlalchemy.engine.Engine [no key 0.00033s] ()
2025-11-29 18:59:48,573 INFO sqlalchemy.engine.Engine CREATE INDEX ix_certificates_id ON certificates (id)
2025-11-29 18:59:48,573 INFO sqlalchemy.engine.Engine [no key 0.00024s] ()
2025-11-29 18:59:48,683 INFO sqlalchemy.engine.Engine CREATE INDEX ix_certificates_course_id ON certificates (course_id)
2025-11-29 18:59:48,684 INFO sqlalchemy.engine.Engine [no key 0.00026s] ()
2025-11-29 18:59:48,747 INFO sqlalchemy.engine.Engine CREATE UNIQUE INDEX ix_certificates_certificate_number ON certificates (certificate_number)
2025-11-29 18:59:48,748 INFO sqlalchemy.engine.Engine [no key 0.00022s] ()
2025-11-29 18:59:48,812 INFO sqlalchemy.engine.Engine CREATE INDEX ix_certificates_user_id ON certificates (user_id)
2025-11-29 18:59:48,812 INFO sqlalchemy.engine.Engine [no key 0.00019s] ()
2025-11-29 18:59:48,877 INFO sqlalchemy.engine.Engine 
CREATE TABLE submissions (
	id INTEGER NOT NULL, 
	assignment_id INTEGER, 
	user_id INTEGER, 
	submitted_files JSON, 
	notes TEXT, 
	grade FLOAT, 
	feedback TEXT, 
	status VARCHAR, 
	submitted_at DATETIME, 
	graded_at DATETIME, 
	PRIMARY KEY (id), 
	FOREIGN KEY(assignment_id) REFERENCES assignments (id), 
	FOREIGN KEY(user_id) REFERENCES users (id)
)


2025-11-29 18:59:48,877 INFO sqlalchemy.engine.Engine [no key 0.00026s] ()
2025-11-29 18:59:48,941 INFO sqlalchemy.engine.Engine CREATE INDEX ix_submissions_id ON submissions (id)
2025-11-29 18:59:48,941 INFO sqlalchemy.engine.Engine [no key 0.00019s] ()
2025-11-29 18:59:49,005 INFO sqlalchemy.engine.Engine 
CREATE TABLE discussion_threads (
	id INTEGER NOT NULL, 
	category_id INTEGER NOT NULL, 
	course_id INTEGER NOT NULL, 
	user_id INTEGER NOT NULL, 
	title VARCHAR(200) NOT NULL, 
	content TEXT NOT NULL, 
	is_pinned BOOLEAN, 
	is_locked BOOLEAN, 
	is_resolved BOOLEAN, 
	view_count INTEGER, 
	reply_count INTEGER, 
	created_at DATETIME DEFAULT CURRENT_TIMESTAMP, 
	updated_at DATETIME, 
	last_activity_at DATETIME DEFAULT CURRENT_TIMESTAMP, 
	PRIMARY KEY (id), 
	FOREIGN KEY(category_id) REFERENCES discussion_categories (id), 
	FOREIGN KEY(course_id) REFERENCES courses (id), 
	FOREIGN KEY(user_id) REFERENCES users (id)
)


2025-11-29 18:59:49,006 INFO sqlalchemy.engine.Engine [no key 0.00028s] ()
2025-11-29 18:59:49,070 INFO sqlalchemy.engine.Engine CREATE INDEX ix_discussion_threads_id ON discussion_threads (id)
2025-11-29 18:59:49,070 INFO sqlalchemy.engine.Engine [no key 0.00035s] ()
2025-11-29 18:59:49,134 INFO sqlalchemy.engine.Engine CREATE INDEX ix_discussion_threads_title ON discussion_threads (title)
2025-11-29 18:59:49,135 INFO sqlalchemy.engine.Engine [no key 0.00023s] ()
2025-11-29 18:59:49,323 INFO sqlalchemy.engine.Engine 
CREATE TABLE announcement_reads (
	id INTEGER NOT NULL PRIMARY KEY AUTOINCREMENT, 
	announcement_id INTEGER NOT NULL, 
	user_id INTEGER NOT NULL, 
	read_at DATETIME DEFAULT CURRENT_TIMESTAMP, 
	FOREIGN KEY(announcement_id) REFERENCES course_announcements (id), 
	FOREIGN KEY(user_id) REFERENCES users (id)
)


2025-11-29 18:59:49,324 INFO sqlalchemy.engine.Engine [no key 0.00019s] ()
2025-11-29 18:59:49,388 INFO sqlalchemy.engine.Engine CREATE INDEX ix_announcement_reads_id ON announcement_reads (id)
2025-11-29 18:59:49,388 INFO sqlalchemy.engine.Engine [no key 0.00025s] ()
2025-11-29 18:59:49,452 INFO sqlalchemy.engine.Engine 
CREATE TABLE question_bank_questions (
	question_bank_id INTEGER NOT NULL, 
	question_id INTEGER NOT NULL, 
	PRIMARY KEY (question_bank_id, question_id), 
	FOREIGN KEY(question_bank_id) REFERENCES question_banks (id), 
	FOREIGN KEY(question_id) REFERENCES bank_questions (id)
)


2025-11-29 18:59:49,452 INFO sqlalchemy.engine.Engine [no key 0.00024s] ()
2025-11-29 18:59:49,517 INFO sqlalchemy.engine.Engine 
CREATE TABLE quiz_question_pools (
	id INTEGER NOT NULL, 
	quiz_id INTEGER NOT NULL, 
	question_bank_id INTEGER NOT NULL, 
	num_questions INTEGER NOT NULL, 
	difficulty_filter VARCHAR(20), 
	created_at DATETIME DEFAULT CURRENT_TIMESTAMP, 
	PRIMARY KEY (id), 
	FOREIGN KEY(quiz_id) REFERENCES quizzes (id), 
	FOREIGN KEY(question_bank_id) REFERENCES question_banks (id)
)


2025-11-29 18:59:49,517 INFO sqlalchemy.engine.Engine [no key 0.00023s] ()
2025-11-29 18:59:49,581 INFO sqlalchemy.engine.Engine CREATE INDEX ix_quiz_question_pools_id ON quiz_question_pools (id)
2025-11-29 18:59:49,581 INFO sqlalchemy.engine.Engine [no key 0.00022s] ()
2025-11-29 18:59:49,646 INFO sqlalchemy.engine.Engine 
CREATE TABLE live_class_attendance (
	id INTEGER NOT NULL, 
	live_class_id INTEGER NOT NULL, 
	student_id INTEGER NOT NULL, 
	joined_at DATETIME NOT NULL, 
	left_at DATETIME, 
	duration_minutes INTEGER, 
	asked_questions INTEGER, 
	reactions_count INTEGER, 
	created_at DATETIME, 
	PRIMARY KEY (id), 
	FOREIGN KEY(live_class_id) REFERENCES live_classes (id) ON DELETE CASCADE, 
	FOREIGN KEY(student_id) REFERENCES users (id) ON DELETE CASCADE
)


2025-11-29 18:59:49,647 INFO sqlalchemy.engine.Engine [no key 0.00024s] ()
2025-11-29 18:59:49,710 INFO sqlalchemy.engine.Engine CREATE INDEX ix_live_class_attendance_student_id ON live_class_attendance (student_id)
2025-11-29 18:59:49,710 INFO sqlalchemy.engine.Engine [no key 0.00030s] ()
2025-11-29 18:59:49,774 INFO sqlalchemy.engine.Engine CREATE INDEX ix_live_class_attendance_id ON live_class_attendance (id)
2025-11-29 18:59:49,774 INFO sqlalchemy.engine.Engine [no key 0.00017s] ()
2025-11-29 18:59:49,839 INFO sqlalchemy.engine.Engine CREATE INDEX ix_live_class_attendance_live_class_id ON live_class_attendance (live_class_id)
2025-11-29 18:59:49,839 INFO sqlalchemy.engine.Engine [no key 0.00017s] ()
2025-11-29 18:59:49,903 INFO sqlalchemy.engine.Engine 
CREATE TABLE live_class_polls (
	id INTEGER NOT NULL, 
	live_class_id INTEGER NOT NULL, 
	question VARCHAR NOT NULL, 
	options JSON NOT NULL, 
	correct_option_index INTEGER, 
	status VARCHAR(7), 
	created_at DATETIME, 
	ended_at DATETIME, 
	PRIMARY KEY (id), 
	FOREIGN KEY(live_class_id) REFERENCES live_classes (id) ON DELETE CASCADE
)


2025-11-29 18:59:49,904 INFO sqlalchemy.engine.Engine [no key 0.00038s] ()
2025-11-29 18:59:49,967 INFO sqlalchemy.engine.Engine CREATE INDEX ix_live_class_polls_id ON live_class_polls (id)
2025-11-29 18:59:49,968 INFO sqlalchemy.engine.Engine [no key 0.00026s] ()
2025-11-29 18:59:50,032 INFO sqlalchemy.engine.Engine CREATE INDEX ix_live_class_polls_live_class_id ON live_class_polls (live_class_id)
2025-11-29 18:59:50,032 INFO sqlalchemy.engine.Engine [no key 0.00030s] ()
2025-11-29 18:59:50,097 INFO sqlalchemy.engine.Engine 
CREATE TABLE live_class_questions (
	id INTEGER NOT NULL, 
	live_class_id INTEGER NOT NULL, 
	student_id INTEGER NOT NULL, 
	question_text TEXT NOT NULL, 
	is_answered BOOLEAN, 
	answer_text TEXT, 
	upvotes INTEGER, 
	created_at DATETIME, 
	answered_at DATETIME, 
	PRIMARY KEY (id), 
	FOREIGN KEY(live_class_id) REFERENCES live_classes (id) ON DELETE CASCADE, 
	FOREIGN KEY(student_id) REFERENCES users (id) ON DELETE CASCADE
)


2025-11-29 18:59:50,097 INFO sqlalchemy.engine.Engine [no key 0.00040s] ()
2025-11-29 18:59:50,160 INFO sqlalchemy.engine.Engine CREATE INDEX ix_live_class_questions_id ON live_class_questions (id)
2025-11-29 18:59:50,161 INFO sqlalchemy.engine.Engine [no key 0.00025s] ()
2025-11-29 18:59:50,225 INFO sqlalchemy.engine.Engine CREATE INDEX ix_live_class_questions_live_class_id ON live_class_questions (live_class_id)
2025-11-29 18:59:50,225 INFO sqlalchemy.engine.Engine [no key 0.00034s] ()
2025-11-29 18:59:50,415 INFO sqlalchemy.engine.Engine 
CREATE TABLE live_class_reactions (
	id INTEGER NOT NULL, 
	live_class_id INTEGER NOT NULL, 
	student_id INTEGER NOT NULL, 
	reaction_type VARCHAR NOT NULL, 
	created_at DATETIME, 
	PRIMARY KEY (id), 
	FOREIGN KEY(live_class_id) REFERENCES live_classes (id) ON DELETE CASCADE, 
	FOREIGN KEY(student_id) REFERENCES users (id) ON DELETE CASCADE
)


2025-11-29 18:59:50,415 INFO sqlalchemy.engine.Engine [no key 0.00018s] ()
2025-11-29 18:59:50,670 INFO sqlalchemy.engine.Engine CREATE INDEX ix_live_class_reactions_live_class_id ON live_class_reactions (live_class_id)
2025-11-29 18:59:50,670 INFO sqlalchemy.engine.Engine [no key 0.00024s] ()
2025-11-29 18:59:50,926 INFO sqlalchemy.engine.Engine CREATE INDEX ix_live_class_reactions_id ON live_class_reactions (id)
2025-11-29 18:59:50,926 INFO sqlalchemy.engine.Engine [no key 0.00023s] ()
2025-11-29 18:59:51,200 INFO sqlalchemy.engine.Engine 
CREATE TABLE live_class_chat_messages (
	id INTEGER NOT NULL, 
	live_class_id INTEGER NOT NULL, 
	user_id INTEGER NOT NULL, 
	message TEXT NOT NULL, 
	is_instructor BOOLEAN, 
	created_at DATETIME, 
	PRIMARY KEY (id), 
	FOREIGN KEY(live_class_id) REFERENCES live_classes (id) ON DELETE CASCADE, 
	FOREIGN KEY(user_id) REFERENCES users (id) ON DELETE CASCADE
)


2025-11-29 18:59:51,200 INFO sqlalchemy.engine.Engine [no key 0.00047s] ()
2025-11-29 18:59:51,472 INFO sqlalchemy.engine.Engine CREATE INDEX ix_live_class_chat_messages_id ON live_class_chat_messages (id)
2025-11-29 18:59:51,472 INFO sqlalchemy.engine.Engine [no key 0.00027s] ()
2025-11-29 18:59:51,728 INFO sqlalchemy.engine.Engine CREATE INDEX ix_live_class_chat_messages_live_class_id ON live_class_chat_messages (live_class_id)
2025-11-29 18:59:51,729 INFO sqlalchemy.engine.Engine [no key 0.00025s] ()
2025-11-29 18:59:52,187 INFO sqlalchemy.engine.Engine 
CREATE TABLE ai_grading_results (
	id INTEGER NOT NULL, 
	student_answer_id INTEGER, 
	ai_score FLOAT, 
	ai_feedback TEXT, 
	confidence FLOAT, 
	rubric_scores TEXT, 
	needs_manual_review BOOLEAN, 
	instructor_override_score FLOAT, 
	instructor_feedback TEXT, 
	reviewed_by_instructor BOOLEAN, 
	model_used VARCHAR, 
	grading_time_seconds FLOAT, 
	created_at DATETIME DEFAULT CURRENT_TIMESTAMP, 
	updated_at DATETIME, 
	PRIMARY KEY (id), 
	UNIQUE (student_answer_id), 
	FOREIGN KEY(student_answer_id) REFERENCES student_answers (id)
)


2025-11-29 18:59:52,188 INFO sqlalchemy.engine.Engine [no key 0.00025s] ()
2025-11-29 18:59:52,258 INFO sqlalchemy.engine.Engine CREATE INDEX ix_ai_grading_results_id ON ai_grading_results (id)
2025-11-29 18:59:52,259 INFO sqlalchemy.engine.Engine [no key 0.00023s] ()
2025-11-29 18:59:52,323 INFO sqlalchemy.engine.Engine 
CREATE TABLE group_memberships (
	id INTEGER NOT NULL, 
	group_id INTEGER NOT NULL, 
	user_id INTEGER NOT NULL, 
	role VARCHAR(9), 
	joined_at DATETIME, 
	PRIMARY KEY (id), 
	FOREIGN KEY(group_id) REFERENCES learning_groups (id), 
	FOREIGN KEY(user_id) REFERENCES users (id)
)


2025-11-29 18:59:52,323 INFO sqlalchemy.engine.Engine [no key 0.00024s] ()
2025-11-29 18:59:52,387 INFO sqlalchemy.engine.Engine CREATE INDEX ix_group_memberships_id ON group_memberships (id)
2025-11-29 18:59:52,387 INFO sqlalchemy.engine.Engine [no key 0.00020s] ()
2025-11-29 18:59:52,452 INFO sqlalchemy.engine.Engine 
CREATE TABLE group_posts (
	id INTEGER NOT NULL, 
	group_id INTEGER NOT NULL, 
	user_id INTEGER NOT NULL, 
	content TEXT NOT NULL, 
	is_pinned BOOLEAN, 
	likes_count INTEGER, 
	created_at DATETIME, 
	updated_at DATETIME, 
	PRIMARY KEY (id), 
	FOREIGN KEY(group_id) REFERENCES learning_groups (id), 
	FOREIGN KEY(user_id) REFERENCES users (id)
)


2025-11-29 18:59:52,452 INFO sqlalchemy.engine.Engine [no key 0.00022s] ()
2025-11-29 18:59:52,516 INFO sqlalchemy.engine.Engine CREATE INDEX ix_group_posts_id ON group_posts (id)
2025-11-29 18:59:52,516 INFO sqlalchemy.engine.Engine [no key 0.00024s] ()
2025-11-29 18:59:52,581 INFO sqlalchemy.engine.Engine 
CREATE TABLE collaborative_projects (
	id INTEGER NOT NULL, 
	title VARCHAR(200) NOT NULL, 
	description TEXT, 
	course_id INTEGER, 
	group_id INTEGER, 
	deadline DATETIME, 
	status VARCHAR(11) NOT NULL, 
	max_team_size INTEGER, 
	created_by INTEGER, 
	created_at DATETIME DEFAULT CURRENT_TIMESTAMP NOT NULL, 
	updated_at DATETIME, 
	PRIMARY KEY (id), 
	FOREIGN KEY(course_id) REFERENCES courses (id) ON DELETE CASCADE, 
	FOREIGN KEY(group_id) REFERENCES learning_groups (id) ON DELETE CASCADE, 
	FOREIGN KEY(created_by) REFERENCES users (id) ON DELETE SET NULL
)


2025-11-29 18:59:52,582 INFO sqlalchemy.engine.Engine [no key 0.00043s] ()
2025-11-29 18:59:52,645 INFO sqlalchemy.engine.Engine CREATE INDEX ix_collaborative_projects_id ON collaborative_projects (id)
2025-11-29 18:59:52,645 INFO sqlalchemy.engine.Engine [no key 0.00022s] ()
2025-11-29 18:59:52,709 INFO sqlalchemy.engine.Engine 
CREATE TABLE chatbot_messages (
	id INTEGER NOT NULL, 
	session_id INTEGER NOT NULL, 
	role VARCHAR NOT NULL, 
	content TEXT NOT NULL, 
	meta_data JSON, 
	tokens_used INTEGER, 
	created_at DATETIME, 
	PRIMARY KEY (id), 
	FOREIGN KEY(session_id) REFERENCES chat_sessions (id) ON DELETE CASCADE
)


2025-11-29 18:59:52,710 INFO sqlalchemy.engine.Engine [no key 0.00024s] ()
2025-11-29 18:59:52,793 INFO sqlalchemy.engine.Engine CREATE INDEX ix_chatbot_messages_id ON chatbot_messages (id)
2025-11-29 18:59:52,793 INFO sqlalchemy.engine.Engine [no key 0.00039s] ()
2025-11-29 18:59:52,982 INFO sqlalchemy.engine.Engine 
CREATE TABLE cart_items (
	id INTEGER NOT NULL, 
	cart_id INTEGER NOT NULL, 
	course_id INTEGER, 
	bundle_id INTEGER, 
	quantity INTEGER NOT NULL, 
	unit_price FLOAT NOT NULL, 
	coupon_id INTEGER, 
	discount_amount FLOAT, 
	added_at DATETIME DEFAULT CURRENT_TIMESTAMP NOT NULL, 
	updated_at DATETIME, 
	PRIMARY KEY (id), 
	FOREIGN KEY(cart_id) REFERENCES shopping_carts (id) ON DELETE CASCADE, 
	FOREIGN KEY(course_id) REFERENCES courses (id) ON DELETE CASCADE, 
	FOREIGN KEY(bundle_id) REFERENCES course_bundles (id) ON DELETE CASCADE, 
	FOREIGN KEY(coupon_id) REFERENCES coupons (id) ON DELETE SET NULL
)


2025-11-29 18:59:52,982 INFO sqlalchemy.engine.Engine [no key 0.00020s] ()
2025-11-29 18:59:53,046 INFO sqlalchemy.engine.Engine CREATE INDEX ix_cart_items_cart_id ON cart_items (cart_id)
2025-11-29 18:59:53,047 INFO sqlalchemy.engine.Engine [no key 0.00024s] ()
2025-11-29 18:59:53,110 INFO sqlalchemy.engine.Engine CREATE INDEX ix_cart_items_id ON cart_items (id)
2025-11-29 18:59:53,111 INFO sqlalchemy.engine.Engine [no key 0.00017s] ()
2025-11-29 18:59:53,175 INFO sqlalchemy.engine.Engine 
CREATE TABLE affiliate_commissions (
	id INTEGER NOT NULL, 
	affiliate_id INTEGER NOT NULL, 
	referral_id INTEGER, 
	amount NUMERIC(10, 2) NOT NULL, 
	currency VARCHAR(3), 
	commission_type VARCHAR(20) NOT NULL, 
	status VARCHAR(20) NOT NULL, 
	payout_id INTEGER, 
	paid_at DATETIME, 
	description TEXT, 
	created_at DATETIME DEFAULT CURRENT_TIMESTAMP, 
	updated_at DATETIME, 
	PRIMARY KEY (id), 
	FOREIGN KEY(affiliate_id) REFERENCES affiliate_partners (id), 
	FOREIGN KEY(referral_id) REFERENCES affiliate_referrals (id), 
	FOREIGN KEY(payout_id) REFERENCES affiliate_payouts (id)
)


2025-11-29 18:59:53,176 INFO sqlalchemy.engine.Engine [no key 0.00027s] ()
2025-11-29 18:59:53,239 INFO sqlalchemy.engine.Engine CREATE INDEX ix_affiliate_commissions_id ON affiliate_commissions (id)
2025-11-29 18:59:53,240 INFO sqlalchemy.engine.Engine [no key 0.00021s] ()
2025-11-29 18:59:53,304 INFO sqlalchemy.engine.Engine CREATE INDEX ix_affiliate_commissions_affiliate_id ON affiliate_commissions (affiliate_id)
2025-11-29 18:59:53,304 INFO sqlalchemy.engine.Engine [no key 0.00024s] ()
2025-11-29 18:59:53,369 INFO sqlalchemy.engine.Engine CREATE INDEX ix_affiliate_commissions_referral_id ON affiliate_commissions (referral_id)
2025-11-29 18:59:53,369 INFO sqlalchemy.engine.Engine [no key 0.00021s] ()
2025-11-29 18:59:53,433 INFO sqlalchemy.engine.Engine 
CREATE TABLE discussion_posts (
	id INTEGER NOT NULL, 
	thread_id INTEGER NOT NULL, 
	user_id INTEGER NOT NULL, 
	parent_post_id INTEGER, 
	content TEXT NOT NULL, 
	is_answer BOOLEAN, 
	is_edited BOOLEAN, 
	upvotes INTEGER, 
	downvotes INTEGER, 
	created_at DATETIME DEFAULT CURRENT_TIMESTAMP, 
	updated_at DATETIME, 
	PRIMARY KEY (id), 
	FOREIGN KEY(thread_id) REFERENCES discussion_threads (id), 
	FOREIGN KEY(user_id) REFERENCES users (id), 
	FOREIGN KEY(parent_post_id) REFERENCES discussion_posts (id)
)


2025-11-29 18:59:53,433 INFO sqlalchemy.engine.Engine [no key 0.00020s] ()
2025-11-29 18:59:53,497 INFO sqlalchemy.engine.Engine CREATE INDEX ix_discussion_posts_id ON discussion_posts (id)
2025-11-29 18:59:53,497 INFO sqlalchemy.engine.Engine [no key 0.00022s] ()
2025-11-29 18:59:53,562 INFO sqlalchemy.engine.Engine 
CREATE TABLE peer_review_assignments (
	id INTEGER NOT NULL, 
	assignment_id INTEGER NOT NULL, 
	reviewer_id INTEGER NOT NULL, 
	reviewee_id INTEGER NOT NULL, 
	submission_id INTEGER NOT NULL, 
	status VARCHAR, 
	due_date DATETIME, 
	created_at DATETIME DEFAULT CURRENT_TIMESTAMP, 
	updated_at DATETIME, 
	PRIMARY KEY (id), 
	FOREIGN KEY(assignment_id) REFERENCES assignments (id), 
	FOREIGN KEY(reviewer_id) REFERENCES users (id), 
	FOREIGN KEY(reviewee_id) REFERENCES users (id), 
	FOREIGN KEY(submission_id) REFERENCES submissions (id)
)


2025-11-29 18:59:53,562 INFO sqlalchemy.engine.Engine [no key 0.00024s] ()
2025-11-29 18:59:53,626 INFO sqlalchemy.engine.Engine CREATE INDEX ix_peer_review_assignments_id ON peer_review_assignments (id)
2025-11-29 18:59:53,626 INFO sqlalchemy.engine.Engine [no key 0.00022s] ()
2025-11-29 18:59:53,691 INFO sqlalchemy.engine.Engine 
CREATE TABLE live_class_poll_responses (
	id INTEGER NOT NULL, 
	poll_id INTEGER NOT NULL, 
	student_id INTEGER NOT NULL, 
	selected_option_index INTEGER NOT NULL, 
	responded_at DATETIME, 
	PRIMARY KEY (id), 
	FOREIGN KEY(poll_id) REFERENCES live_class_polls (id) ON DELETE CASCADE, 
	FOREIGN KEY(student_id) REFERENCES users (id) ON DELETE CASCADE
)


2025-11-29 18:59:53,691 INFO sqlalchemy.engine.Engine [no key 0.00022s] ()
2025-11-29 18:59:53,755 INFO sqlalchemy.engine.Engine CREATE INDEX ix_live_class_poll_responses_id ON live_class_poll_responses (id)
2025-11-29 18:59:53,755 INFO sqlalchemy.engine.Engine [no key 0.00020s] ()
2025-11-29 18:59:53,819 INFO sqlalchemy.engine.Engine CREATE INDEX ix_live_class_poll_responses_poll_id ON live_class_poll_responses (poll_id)
2025-11-29 18:59:53,819 INFO sqlalchemy.engine.Engine [no key 0.00022s] ()
2025-11-29 18:59:53,885 INFO sqlalchemy.engine.Engine 
CREATE TABLE path_enrollments (
	id INTEGER NOT NULL, 
	path_id INTEGER NOT NULL, 
	student_id INTEGER NOT NULL, 
	current_course_id INTEGER, 
	completed_courses INTEGER, 
	total_courses INTEGER, 
	progress_percentage FLOAT, 
	is_completed BOOLEAN, 
	completed_at DATETIME, 
	has_paid BOOLEAN, 
	payment_id INTEGER, 
	enrolled_at DATETIME, 
	last_accessed_at DATETIME, 
	PRIMARY KEY (id), 
	FOREIGN KEY(path_id) REFERENCES learning_paths (id) ON DELETE CASCADE, 
	FOREIGN KEY(student_id) REFERENCES users (id) ON DELETE CASCADE, 
	FOREIGN KEY(current_course_id) REFERENCES courses (id), 
	FOREIGN KEY(payment_id) REFERENCES course_payments (id)
)


2025-11-29 18:59:53,885 INFO sqlalchemy.engine.Engine [no key 0.00027s] ()
2025-11-29 18:59:53,948 INFO sqlalchemy.engine.Engine CREATE INDEX ix_path_enrollments_student_id ON path_enrollments (student_id)
2025-11-29 18:59:53,949 INFO sqlalchemy.engine.Engine [no key 0.00030s] ()
2025-11-29 18:59:54,069 INFO sqlalchemy.engine.Engine CREATE INDEX ix_path_enrollments_id ON path_enrollments (id)
2025-11-29 18:59:54,069 INFO sqlalchemy.engine.Engine [no key 0.00017s] ()
2025-11-29 18:59:54,133 INFO sqlalchemy.engine.Engine CREATE INDEX ix_path_enrollments_path_id ON path_enrollments (path_id)
2025-11-29 18:59:54,134 INFO sqlalchemy.engine.Engine [no key 0.00028s] ()
2025-11-29 18:59:54,198 INFO sqlalchemy.engine.Engine 
CREATE TABLE group_post_comments (
	id INTEGER NOT NULL, 
	post_id INTEGER NOT NULL, 
	user_id INTEGER NOT NULL, 
	content TEXT NOT NULL, 
	created_at DATETIME, 
	PRIMARY KEY (id), 
	FOREIGN KEY(post_id) REFERENCES group_posts (id), 
	FOREIGN KEY(user_id) REFERENCES users (id)
)


2025-11-29 18:59:54,198 INFO sqlalchemy.engine.Engine [no key 0.00022s] ()
2025-11-29 18:59:54,262 INFO sqlalchemy.engine.Engine CREATE INDEX ix_group_post_comments_id ON group_post_comments (id)
2025-11-29 18:59:54,263 INFO sqlalchemy.engine.Engine [no key 0.00024s] ()
2025-11-29 18:59:54,327 INFO sqlalchemy.engine.Engine 
CREATE TABLE project_teams (
	id INTEGER NOT NULL, 
	project_id INTEGER NOT NULL, 
	name VARCHAR(100), 
	created_at DATETIME DEFAULT CURRENT_TIMESTAMP NOT NULL, 
	PRIMARY KEY (id), 
	FOREIGN KEY(project_id) REFERENCES collaborative_projects (id) ON DELETE CASCADE
)


2025-11-29 18:59:54,327 INFO sqlalchemy.engine.Engine [no key 0.00022s] ()
2025-11-29 18:59:54,391 INFO sqlalchemy.engine.Engine CREATE INDEX ix_project_teams_id ON project_teams (id)
2025-11-29 18:59:54,391 INFO sqlalchemy.engine.Engine [no key 0.00027s] ()
2025-11-29 18:59:54,456 INFO sqlalchemy.engine.Engine 
CREATE TABLE project_milestones (
	id INTEGER NOT NULL, 
	project_id INTEGER NOT NULL, 
	title VARCHAR(200) NOT NULL, 
	description TEXT, 
	due_date DATETIME, 
	is_completed BOOLEAN, 
	created_at DATETIME DEFAULT CURRENT_TIMESTAMP NOT NULL, 
	PRIMARY KEY (id), 
	FOREIGN KEY(project_id) REFERENCES collaborative_projects (id) ON DELETE CASCADE
)


2025-11-29 18:59:54,456 INFO sqlalchemy.engine.Engine [no key 0.00026s] ()
2025-11-29 18:59:54,520 INFO sqlalchemy.engine.Engine CREATE INDEX ix_project_milestones_id ON project_milestones (id)
2025-11-29 18:59:54,520 INFO sqlalchemy.engine.Engine [no key 0.00023s] ()
2025-11-29 18:59:54,585 INFO sqlalchemy.engine.Engine 
CREATE TABLE realtime_chat_messages (
	id INTEGER NOT NULL, 
	content TEXT NOT NULL, 
	message_type VARCHAR(6), 
	sender_id INTEGER NOT NULL, 
	study_room_id INTEGER, 
	study_group_id INTEGER, 
	discussion_thread_id INTEGER, 
	attachment_url VARCHAR(500), 
	attachment_name VARCHAR(200), 
	attachment_size INTEGER, 
	is_edited BOOLEAN, 
	edited_at DATETIME, 
	is_deleted BOOLEAN, 
	deleted_at DATETIME, 
	reactions TEXT, 
	parent_id INTEGER, 
	read_by TEXT, 
	created_at DATETIME NOT NULL, 
	updated_at DATETIME, 
	PRIMARY KEY (id), 
	CONSTRAINT fk_chat_sender FOREIGN KEY(sender_id) REFERENCES users (id), 
	FOREIGN KEY(study_room_id) REFERENCES study_rooms (id), 
	FOREIGN KEY(study_group_id) REFERENCES study_groups (id), 
	FOREIGN KEY(discussion_thread_id) REFERENCES discussion_threads (id), 
	FOREIGN KEY(parent_id) REFERENCES realtime_chat_messages (id)
)


2025-11-29 18:59:54,585 INFO sqlalchemy.engine.Engine [no key 0.00026s] ()
2025-11-29 18:59:54,649 INFO sqlalchemy.engine.Engine CREATE INDEX ix_realtime_chat_messages_id ON realtime_chat_messages (id)
2025-11-29 18:59:54,649 INFO sqlalchemy.engine.Engine [no key 0.00026s] ()
2025-11-29 18:59:54,713 INFO sqlalchemy.engine.Engine CREATE INDEX ix_realtime_chat_messages_sender_id ON realtime_chat_messages (sender_id)
2025-11-29 18:59:54,713 INFO sqlalchemy.engine.Engine [no key 0.00022s] ()
2025-11-29 18:59:54,778 INFO sqlalchemy.engine.Engine 
CREATE TABLE chat_feedback (
	id INTEGER NOT NULL, 
	message_id INTEGER NOT NULL, 
	user_id INTEGER NOT NULL, 
	rating INTEGER, 
	is_helpful BOOLEAN, 
	feedback_text TEXT, 
	created_at DATETIME, 
	PRIMARY KEY (id), 
	FOREIGN KEY(message_id) REFERENCES chatbot_messages (id) ON DELETE CASCADE, 
	FOREIGN KEY(user_id) REFERENCES users (id) ON DELETE CASCADE
)


2025-11-29 18:59:54,778 INFO sqlalchemy.engine.Engine [no key 0.00025s] ()
2025-11-29 18:59:54,842 INFO sqlalchemy.engine.Engine CREATE INDEX ix_chat_feedback_id ON chat_feedback (id)
2025-11-29 18:59:54,842 INFO sqlalchemy.engine.Engine [no key 0.00027s] ()
2025-11-29 18:59:54,907 INFO sqlalchemy.engine.Engine 
CREATE TABLE coupon_usages (
	id INTEGER NOT NULL, 
	coupon_id INTEGER NOT NULL, 
	user_id INTEGER NOT NULL, 
	payment_id INTEGER, 
	original_price FLOAT NOT NULL, 
	discount_amount FLOAT NOT NULL, 
	final_price FLOAT NOT NULL, 
	used_at DATETIME DEFAULT CURRENT_TIMESTAMP NOT NULL, 
	PRIMARY KEY (id), 
	FOREIGN KEY(coupon_id) REFERENCES coupons (id) ON DELETE CASCADE, 
	FOREIGN KEY(user_id) REFERENCES users (id) ON DELETE CASCADE, 
	FOREIGN KEY(payment_id) REFERENCES course_payments (id) ON DELETE SET NULL
)


2025-11-29 18:59:54,907 INFO sqlalchemy.engine.Engine [no key 0.00019s] ()
2025-11-29 18:59:54,970 INFO sqlalchemy.engine.Engine CREATE INDEX ix_coupon_usages_id ON coupon_usages (id)
2025-11-29 18:59:54,971 INFO sqlalchemy.engine.Engine [no key 0.00022s] ()
2025-11-29 18:59:55,036 INFO sqlalchemy.engine.Engine 
CREATE TABLE orders (
	id INTEGER NOT NULL, 
	order_number VARCHAR(50) NOT NULL, 
	user_id INTEGER, 
	guest_email VARCHAR(255), 
	cart_id INTEGER, 
	status VARCHAR(10) NOT NULL, 
	subtotal FLOAT NOT NULL, 
	discount FLOAT NOT NULL, 
	tax FLOAT NOT NULL, 
	total FLOAT NOT NULL, 
	currency VARCHAR(3) NOT NULL, 
	billing_name VARCHAR(255), 
	billing_email VARCHAR(255), 
	billing_address TEXT, 
	payment_id INTEGER, 
	customer_notes TEXT, 
	admin_notes TEXT, 
	created_at DATETIME DEFAULT CURRENT_TIMESTAMP NOT NULL, 
	updated_at DATETIME, 
	completed_at DATETIME, 
	cancelled_at DATETIME, 
	PRIMARY KEY (id), 
	FOREIGN KEY(user_id) REFERENCES users (id) ON DELETE SET NULL, 
	FOREIGN KEY(cart_id) REFERENCES shopping_carts (id) ON DELETE SET NULL, 
	FOREIGN KEY(payment_id) REFERENCES course_payments (id) ON DELETE SET NULL
)


2025-11-29 18:59:55,036 INFO sqlalchemy.engine.Engine [no key 0.00028s] ()
2025-11-29 18:59:55,099 INFO sqlalchemy.engine.Engine CREATE INDEX ix_orders_user_id ON orders (user_id)
2025-11-29 18:59:55,100 INFO sqlalchemy.engine.Engine [no key 0.00026s] ()
2025-11-29 18:59:55,164 INFO sqlalchemy.engine.Engine CREATE UNIQUE INDEX ix_orders_order_number ON orders (order_number)
2025-11-29 18:59:55,164 INFO sqlalchemy.engine.Engine [no key 0.00022s] ()
2025-11-29 18:59:55,228 INFO sqlalchemy.engine.Engine CREATE INDEX ix_orders_status ON orders (status)
2025-11-29 18:59:55,228 INFO sqlalchemy.engine.Engine [no key 0.00022s] ()
2025-11-29 18:59:55,293 INFO sqlalchemy.engine.Engine CREATE INDEX ix_orders_guest_email ON orders (guest_email)
2025-11-29 18:59:55,293 INFO sqlalchemy.engine.Engine [no key 0.00023s] ()
2025-11-29 18:59:55,357 INFO sqlalchemy.engine.Engine CREATE INDEX ix_orders_id ON orders (id)
2025-11-29 18:59:55,357 INFO sqlalchemy.engine.Engine [no key 0.00019s] ()
2025-11-29 18:59:55,422 INFO sqlalchemy.engine.Engine 
CREATE TABLE plagiarism_checks (
	id INTEGER NOT NULL, 
	submission_id INTEGER NOT NULL, 
	assignment_id INTEGER NOT NULL, 
	student_id INTEGER NOT NULL, 
	similarity_percentage FLOAT NOT NULL, 
	originality_score FLOAT NOT NULL, 
	matches JSON, 
	is_plagiarized BOOLEAN, 
	review_required BOOLEAN, 
	reviewed_by_instructor BOOLEAN, 
	instructor_notes TEXT, 
	check_method VARCHAR(50), 
	checked_at DATETIME DEFAULT CURRENT_TIMESTAMP, 
	created_at DATETIME DEFAULT CURRENT_TIMESTAMP, 
	PRIMARY KEY (id), 
	FOREIGN KEY(submission_id) REFERENCES submissions (id) ON DELETE CASCADE, 
	FOREIGN KEY(assignment_id) REFERENCES assignments (id), 
	FOREIGN KEY(student_id) REFERENCES users (id)
)


2025-11-29 18:59:55,422 INFO sqlalchemy.engine.Engine [no key 0.00030s] ()
2025-11-29 18:59:55,486 INFO sqlalchemy.engine.Engine CREATE INDEX ix_plagiarism_checks_submission_id ON plagiarism_checks (submission_id)
2025-11-29 18:59:55,486 INFO sqlalchemy.engine.Engine [no key 0.00019s] ()
2025-11-29 18:59:55,551 INFO sqlalchemy.engine.Engine CREATE INDEX ix_plagiarism_checks_id ON plagiarism_checks (id)
2025-11-29 18:59:55,551 INFO sqlalchemy.engine.Engine [no key 0.00026s] ()
2025-11-29 18:59:55,615 INFO sqlalchemy.engine.Engine 
CREATE TABLE post_votes (
	id INTEGER NOT NULL PRIMARY KEY AUTOINCREMENT, 
	post_id INTEGER NOT NULL, 
	user_id INTEGER NOT NULL, 
	vote_type VARCHAR(10) NOT NULL, 
	created_at DATETIME DEFAULT CURRENT_TIMESTAMP, 
	FOREIGN KEY(post_id) REFERENCES discussion_posts (id), 
	FOREIGN KEY(user_id) REFERENCES users (id)
)


2025-11-29 18:59:55,615 INFO sqlalchemy.engine.Engine [no key 0.00029s] ()
2025-11-29 18:59:55,679 INFO sqlalchemy.engine.Engine CREATE INDEX ix_post_votes_id ON post_votes (id)
2025-11-29 18:59:55,680 INFO sqlalchemy.engine.Engine [no key 0.00030s] ()
2025-11-29 18:59:55,744 INFO sqlalchemy.engine.Engine 
CREATE TABLE peer_reviews (
	id INTEGER NOT NULL, 
	peer_review_assignment_id INTEGER NOT NULL, 
	content TEXT NOT NULL, 
	score FLOAT, 
	created_at DATETIME DEFAULT CURRENT_TIMESTAMP, 
	updated_at DATETIME, 
	PRIMARY KEY (id), 
	UNIQUE (peer_review_assignment_id), 
	FOREIGN KEY(peer_review_assignment_id) REFERENCES peer_review_assignments (id)
)


2025-11-29 18:59:55,744 INFO sqlalchemy.engine.Engine [no key 0.00025s] ()
2025-11-29 18:59:55,808 INFO sqlalchemy.engine.Engine CREATE INDEX ix_peer_reviews_id ON peer_reviews (id)
2025-11-29 18:59:55,808 INFO sqlalchemy.engine.Engine [no key 0.00023s] ()
2025-11-29 18:59:55,872 INFO sqlalchemy.engine.Engine 
CREATE TABLE project_team_members (
	id INTEGER NOT NULL, 
	team_id INTEGER NOT NULL, 
	user_id INTEGER NOT NULL, 
	role VARCHAR(6) NOT NULL, 
	joined_at DATETIME DEFAULT CURRENT_TIMESTAMP NOT NULL, 
	PRIMARY KEY (id), 
	FOREIGN KEY(team_id) REFERENCES project_teams (id) ON DELETE CASCADE, 
	FOREIGN KEY(user_id) REFERENCES users (id) ON DELETE CASCADE
)


2025-11-29 18:59:55,873 INFO sqlalchemy.engine.Engine [no key 0.00023s] ()
2025-11-29 18:59:55,937 INFO sqlalchemy.engine.Engine CREATE INDEX ix_project_team_members_id ON project_team_members (id)
2025-11-29 18:59:55,937 INFO sqlalchemy.engine.Engine [no key 0.00039s] ()
2025-11-29 18:59:56,001 INFO sqlalchemy.engine.Engine 
CREATE TABLE project_submissions (
	id INTEGER NOT NULL, 
	project_id INTEGER NOT NULL, 
	team_id INTEGER NOT NULL, 
	file_url VARCHAR, 
	description TEXT, 
	submitted_at DATETIME DEFAULT CURRENT_TIMESTAMP NOT NULL, 
	grade FLOAT, 
	feedback TEXT, 
	graded_by INTEGER, 
	graded_at DATETIME, 
	PRIMARY KEY (id), 
	FOREIGN KEY(project_id) REFERENCES collaborative_projects (id) ON DELETE CASCADE, 
	FOREIGN KEY(team_id) REFERENCES project_teams (id) ON DELETE CASCADE, 
	FOREIGN KEY(graded_by) REFERENCES users (id) ON DELETE SET NULL
)


2025-11-29 18:59:56,001 INFO sqlalchemy.engine.Engine [no key 0.00026s] ()
2025-11-29 18:59:56,065 INFO sqlalchemy.engine.Engine CREATE INDEX ix_project_submissions_id ON project_submissions (id)
2025-11-29 18:59:56,066 INFO sqlalchemy.engine.Engine [no key 0.00024s] ()
2025-11-29 18:59:56,130 INFO sqlalchemy.engine.Engine 
CREATE TABLE order_items (
	id INTEGER NOT NULL, 
	order_id INTEGER NOT NULL, 
	course_id INTEGER, 
	bundle_id INTEGER, 
	item_name VARCHAR(500) NOT NULL, 
	item_description TEXT, 
	quantity INTEGER NOT NULL, 
	unit_price FLOAT NOT NULL, 
	discount FLOAT NOT NULL, 
	total FLOAT NOT NULL, 
	coupon_code VARCHAR(50), 
	created_at DATETIME DEFAULT CURRENT_TIMESTAMP NOT NULL, 
	PRIMARY KEY (id), 
	FOREIGN KEY(order_id) REFERENCES orders (id) ON DELETE CASCADE, 
	FOREIGN KEY(course_id) REFERENCES courses (id) ON DELETE SET NULL, 
	FOREIGN KEY(bundle_id) REFERENCES course_bundles (id) ON DELETE SET NULL
)


2025-11-29 18:59:56,130 INFO sqlalchemy.engine.Engine [no key 0.00024s] ()
2025-11-29 18:59:56,194 INFO sqlalchemy.engine.Engine CREATE INDEX ix_order_items_id ON order_items (id)
2025-11-29 18:59:56,194 INFO sqlalchemy.engine.Engine [no key 0.00025s] ()
2025-11-29 18:59:56,259 INFO sqlalchemy.engine.Engine CREATE INDEX ix_order_items_order_id ON order_items (order_id)
2025-11-29 18:59:56,259 INFO sqlalchemy.engine.Engine [no key 0.00030s] ()
2025-11-29 18:59:56,323 INFO sqlalchemy.engine.Engine 
CREATE TABLE invoices (
	id INTEGER NOT NULL, 
	order_id INTEGER NOT NULL, 
	invoice_number VARCHAR(50) NOT NULL, 
	issued_date DATETIME DEFAULT CURRENT_TIMESTAMP NOT NULL, 
	due_date DATETIME, 
	pdf_url VARCHAR(500), 
	pdf_generated INTEGER, 
	status VARCHAR(20) NOT NULL, 
	billing_name VARCHAR(255), 
	billing_email VARCHAR(255), 
	billing_address TEXT, 
	items_json TEXT, 
	subtotal FLOAT NOT NULL, 
	discount FLOAT NOT NULL, 
	tax FLOAT NOT NULL, 
	total FLOAT NOT NULL, 
	currency VARCHAR(3) NOT NULL, 
	notes TEXT, 
	created_at DATETIME DEFAULT CURRENT_TIMESTAMP NOT NULL, 
	updated_at DATETIME, 
	sent_at DATETIME, 
	paid_at DATETIME, 
	PRIMARY KEY (id), 
	FOREIGN KEY(order_id) REFERENCES orders (id) ON DELETE CASCADE
)


2025-11-29 18:59:56,324 INFO sqlalchemy.engine.Engine [no key 0.00032s] ()
2025-11-29 18:59:56,388 INFO sqlalchemy.engine.Engine CREATE UNIQUE INDEX ix_invoices_invoice_number ON invoices (invoice_number)
2025-11-29 18:59:56,388 INFO sqlalchemy.engine.Engine [no key 0.00026s] ()
2025-11-29 18:59:56,452 INFO sqlalchemy.engine.Engine CREATE INDEX ix_invoices_id ON invoices (id)
2025-11-29 18:59:56,453 INFO sqlalchemy.engine.Engine [no key 0.00059s] ()
2025-11-29 18:59:56,516 INFO sqlalchemy.engine.Engine CREATE UNIQUE INDEX ix_invoices_order_id ON invoices (order_id)
2025-11-29 18:59:56,516 INFO sqlalchemy.engine.Engine [no key 0.00028s] ()
2025-11-29 18:59:56,581 INFO sqlalchemy.engine.Engine 
CREATE TABLE tax_calculations (
	id INTEGER NOT NULL, 
	order_id INTEGER, 
	payment_id INTEGER, 
	subscription_id INTEGER, 
	user_id INTEGER NOT NULL, 
	tax_rate_id INTEGER NOT NULL, 
	subtotal NUMERIC(10, 2) NOT NULL, 
	tax_amount NUMERIC(10, 2) NOT NULL, 
	total_amount NUMERIC(10, 2) NOT NULL, 
	currency VARCHAR(3) NOT NULL, 
	billing_country VARCHAR(2), 
	billing_state VARCHAR(10), 
	billing_zip VARCHAR(20), 
	tax_id VARCHAR(50), 
	tax_exempt BOOLEAN, 
	tax_exempt_reason VARCHAR(200), 
	calculation_method VARCHAR(50), 
	is_inclusive BOOLEAN, 
	created_at DATETIME DEFAULT CURRENT_TIMESTAMP NOT NULL, 
	PRIMARY KEY (id), 
	FOREIGN KEY(order_id) REFERENCES orders (id), 
	FOREIGN KEY(payment_id) REFERENCES course_payments (id), 
	FOREIGN KEY(subscription_id) REFERENCES user_subscriptions (id), 
	FOREIGN KEY(user_id) REFERENCES users (id), 
	FOREIGN KEY(tax_rate_id) REFERENCES tax_rates (id)
)


2025-11-29 18:59:56,581 INFO sqlalchemy.engine.Engine [no key 0.00027s] ()
2025-11-29 18:59:56,645 INFO sqlalchemy.engine.Engine CREATE INDEX ix_tax_calculations_id ON tax_calculations (id)
2025-11-29 18:59:56,645 INFO sqlalchemy.engine.Engine [no key 0.00029s] ()
2025-11-29 18:59:56,709 INFO sqlalchemy.engine.Engine CREATE INDEX ix_tax_calculations_user_id ON tax_calculations (user_id)
2025-11-29 18:59:56,710 INFO sqlalchemy.engine.Engine [no key 0.00029s] ()
2025-11-29 18:59:56,774 INFO sqlalchemy.engine.Engine CREATE INDEX ix_tax_calculations_payment_id ON tax_calculations (payment_id)
2025-11-29 18:59:56,774 INFO sqlalchemy.engine.Engine [no key 0.00020s] ()
2025-11-29 18:59:56,838 INFO sqlalchemy.engine.Engine CREATE INDEX ix_tax_calculations_subscription_id ON tax_calculations (subscription_id)
2025-11-29 18:59:56,839 INFO sqlalchemy.engine.Engine [no key 0.00028s] ()
2025-11-29 18:59:56,903 INFO sqlalchemy.engine.Engine CREATE INDEX ix_tax_calculations_order_id ON tax_calculations (order_id)
2025-11-29 18:59:56,903 INFO sqlalchemy.engine.Engine [no key 0.00024s] ()
2025-11-29 18:59:56,967 INFO sqlalchemy.engine.Engine COMMIT
DEBUG: Tables created
2025-11-29 18:59:56,968 INFO sqlalchemy.engine.Engine BEGIN (implicit)
2025-11-29 18:59:57,504 INFO sqlalchemy.engine.Engine SELECT subscription_plans.id AS subscription_plans_id, subscription_plans.name AS subscription_plans_name, subscription_plans.slug AS subscription_plans_slug, subscription_plans.description AS subscription_plans_description, subscription_plans.short_description AS subscription_plans_short_description, subscription_plans.monthly_price AS subscription_plans_monthly_price, subscription_plans.yearly_price AS subscription_plans_yearly_price, subscription_plans.currency AS subscription_plans_currency, subscription_plans.trial_days AS subscription_plans_trial_days, subscription_plans.access_level AS subscription_plans_access_level, subscription_plans.max_courses AS subscription_plans_max_courses, subscription_plans.max_live_classes AS subscription_plans_max_live_classes, subscription_plans.features AS subscription_plans_features, subscription_plans.included_features AS subscription_plans_included_features, subscription_plans.is_active AS subscription_plans_is_active, subscription_plans.is_featured AS subscription_plans_is_featured, subscription_plans.is_popular AS subscription_plans_is_popular, subscription_plans.display_order AS subscription_plans_display_order, subscription_plans.stripe_price_id_monthly AS subscription_plans_stripe_price_id_monthly, subscription_plans.stripe_price_id_yearly AS subscription_plans_stripe_price_id_yearly, subscription_plans.stripe_product_id AS subscription_plans_stripe_product_id, subscription_plans.total_subscriptions AS subscription_plans_total_subscriptions, subscription_plans.active_subscriptions AS subscription_plans_active_subscriptions, subscription_plans.total_revenue AS subscription_plans_total_revenue, subscription_plans.created_at AS subscription_plans_created_at, subscription_plans.updated_at AS subscription_plans_updated_at 
FROM subscription_plans 
WHERE subscription_plans.slug = ?
 LIMIT ? OFFSET ?
2025-11-29 18:59:57,504 INFO sqlalchemy.engine.Engine [generated in 0.00040s] ('pro-plan', 1, 0)
2025-11-29 18:59:57,509 INFO sqlalchemy.engine.Engine INSERT INTO subscription_plans (name, slug, description, short_description, monthly_price, yearly_price, currency, trial_days, access_level, max_courses, max_live_classes, features, included_features, is_active, is_featured, is_popular, display_order, stripe_price_id_monthly, stripe_price_id_yearly, stripe_product_id, total_subscriptions, active_subscriptions, total_revenue, updated_at) VALUES (?, ?, ?, ?, ?, ?, ?, ?, ?, ?, ?, ?, ?, ?, ?, ?, ?, ?, ?, ?, ?, ?, ?, ?) RETURNING id, created_at
2025-11-29 18:59:57,509 INFO sqlalchemy.engine.Engine [generated in 0.00050s] ('Pro Plan', 'pro-plan', 'Professional features', None, 29.99, 299.99, 'USD', 14, 'premium', None, None, '["Unlimited courses", "Live classes", "Priority support"]', None, 1, 0, 0, 0, 'price_pro-plan_mo', 'price_pro-plan_yr', 'prod_pro-plan', 0, 0, 0.0, None)
2025-11-29 18:59:57,514 INFO sqlalchemy.engine.Engine SELECT subscription_plans.id, subscription_plans.name, subscription_plans.slug, subscription_plans.description, subscription_plans.short_description, subscription_plans.monthly_price, subscription_plans.yearly_price, subscription_plans.currency, subscription_plans.trial_days, subscription_plans.access_level, subscription_plans.max_courses, subscription_plans.max_live_classes, subscription_plans.features, subscription_plans.included_features, subscription_plans.is_active, subscription_plans.is_featured, subscription_plans.is_popular, subscription_plans.display_order, subscription_plans.stripe_price_id_monthly, subscription_plans.stripe_price_id_yearly, subscription_plans.stripe_product_id, subscription_plans.total_subscriptions, subscription_plans.active_subscriptions, subscription_plans.total_revenue, subscription_plans.created_at, subscription_plans.updated_at 
FROM subscription_plans 
WHERE subscription_plans.id = ?
2025-11-29 18:59:57,514 INFO sqlalchemy.engine.Engine [generated in 0.00032s] (1,)
PASSED2025-11-29 18:59:57,516 INFO sqlalchemy.engine.Engine ROLLBACK
DEBUG: Tearing down test db
2025-11-29 18:59:57,516 INFO sqlalchemy.engine.Engine BEGIN (implicit)
2025-11-29 18:59:57,517 INFO sqlalchemy.engine.Engine PRAGMA main.table_info("role_permissions")
2025-11-29 18:59:57,517 INFO sqlalchemy.engine.Engine [raw sql] ()
2025-11-29 18:59:57,517 INFO sqlalchemy.engine.Engine PRAGMA main.table_info("user_roles")
2025-11-29 18:59:57,517 INFO sqlalchemy.engine.Engine [raw sql] ()
2025-11-29 18:59:57,518 INFO sqlalchemy.engine.Engine PRAGMA main.table_info("roles")
2025-11-29 18:59:57,518 INFO sqlalchemy.engine.Engine [raw sql] ()
2025-11-29 18:59:57,518 INFO sqlalchemy.engine.Engine PRAGMA main.table_info("permissions")
2025-11-29 18:59:57,519 INFO sqlalchemy.engine.Engine [raw sql] ()
2025-11-29 18:59:57,519 INFO sqlalchemy.engine.Engine PRAGMA main.table_info("users")
2025-11-29 18:59:57,519 INFO sqlalchemy.engine.Engine [raw sql] ()
2025-11-29 18:59:57,520 INFO sqlalchemy.engine.Engine PRAGMA main.table_info("tasks")
2025-11-29 18:59:57,520 INFO sqlalchemy.engine.Engine [raw sql] ()
2025-11-29 18:59:57,520 INFO sqlalchemy.engine.Engine PRAGMA main.table_info("groups")
2025-11-29 18:59:57,520 INFO sqlalchemy.engine.Engine [raw sql] ()
2025-11-29 18:59:57,521 INFO sqlalchemy.engine.Engine PRAGMA main.table_info("meditation_sessions")
2025-11-29 18:59:57,521 INFO sqlalchemy.engine.Engine [raw sql] ()
2025-11-29 18:59:57,521 INFO sqlalchemy.engine.Engine PRAGMA main.table_info("activity_logs")
2025-11-29 18:59:57,521 INFO sqlalchemy.engine.Engine [raw sql] ()
2025-11-29 18:59:57,522 INFO sqlalchemy.engine.Engine PRAGMA main.table_info("handwriting_submissions")
2025-11-29 18:59:57,522 INFO sqlalchemy.engine.Engine [raw sql] ()
2025-11-29 18:59:57,522 INFO sqlalchemy.engine.Engine PRAGMA main.table_info("rewards")
2025-11-29 18:59:57,522 INFO sqlalchemy.engine.Engine [raw sql] ()
2025-11-29 18:59:57,522 INFO sqlalchemy.engine.Engine PRAGMA main.table_info("user_rewards")
2025-11-29 18:59:57,523 INFO sqlalchemy.engine.Engine [raw sql] ()
2025-11-29 18:59:57,523 INFO sqlalchemy.engine.Engine PRAGMA main.table_info("lesson_progress")
2025-11-29 18:59:57,523 INFO sqlalchemy.engine.Engine [raw sql] ()
2025-11-29 18:59:57,523 INFO sqlalchemy.engine.Engine PRAGMA main.table_info("lesson_drip_settings")
2025-11-29 18:59:57,523 INFO sqlalchemy.engine.Engine [raw sql] ()
2025-11-29 18:59:57,524 INFO sqlalchemy.engine.Engine PRAGMA main.table_info("course_reviews")
2025-11-29 18:59:57,524 INFO sqlalchemy.engine.Engine [raw sql] ()
2025-11-29 18:59:57,524 INFO sqlalchemy.engine.Engine PRAGMA main.table_info("review_helpful")
2025-11-29 18:59:57,524 INFO sqlalchemy.engine.Engine [raw sql] ()
2025-11-29 18:59:57,524 INFO sqlalchemy.engine.Engine PRAGMA main.table_info("course_payments")
2025-11-29 18:59:57,525 INFO sqlalchemy.engine.Engine [raw sql] ()
2025-11-29 18:59:57,525 INFO sqlalchemy.engine.Engine PRAGMA main.table_info("certificates")
2025-11-29 18:59:57,525 INFO sqlalchemy.engine.Engine [raw sql] ()
2025-11-29 18:59:57,525 INFO sqlalchemy.engine.Engine PRAGMA main.table_info("course_tags")
2025-11-29 18:59:57,525 INFO sqlalchemy.engine.Engine [raw sql] ()
2025-11-29 18:59:57,526 INFO sqlalchemy.engine.Engine PRAGMA main.table_info("categories")
2025-11-29 18:59:57,526 INFO sqlalchemy.engine.Engine [raw sql] ()
2025-11-29 18:59:57,526 INFO sqlalchemy.engine.Engine PRAGMA main.table_info("tags")
2025-11-29 18:59:57,526 INFO sqlalchemy.engine.Engine [raw sql] ()
2025-11-29 18:59:57,526 INFO sqlalchemy.engine.Engine PRAGMA main.table_info("assignments")
2025-11-29 18:59:57,526 INFO sqlalchemy.engine.Engine [raw sql] ()
2025-11-29 18:59:57,527 INFO sqlalchemy.engine.Engine PRAGMA main.table_info("submissions")
2025-11-29 18:59:57,527 INFO sqlalchemy.engine.Engine [raw sql] ()
2025-11-29 18:59:57,527 INFO sqlalchemy.engine.Engine PRAGMA main.table_info("discussion_categories")
2025-11-29 18:59:57,527 INFO sqlalchemy.engine.Engine [raw sql] ()
2025-11-29 18:59:57,528 INFO sqlalchemy.engine.Engine PRAGMA main.table_info("discussion_threads")
2025-11-29 18:59:57,528 INFO sqlalchemy.engine.Engine [raw sql] ()
2025-11-29 18:59:57,528 INFO sqlalchemy.engine.Engine PRAGMA main.table_info("discussion_posts")
2025-11-29 18:59:57,528 INFO sqlalchemy.engine.Engine [raw sql] ()
2025-11-29 18:59:57,528 INFO sqlalchemy.engine.Engine PRAGMA main.table_info("post_votes")
2025-11-29 18:59:57,529 INFO sqlalchemy.engine.Engine [raw sql] ()
2025-11-29 18:59:57,529 INFO sqlalchemy.engine.Engine PRAGMA main.table_info("course_announcements")
2025-11-29 18:59:57,529 INFO sqlalchemy.engine.Engine [raw sql] ()
2025-11-29 18:59:57,530 INFO sqlalchemy.engine.Engine PRAGMA main.table_info("announcement_reads")
2025-11-29 18:59:57,530 INFO sqlalchemy.engine.Engine [raw sql] ()
2025-11-29 18:59:57,530 INFO sqlalchemy.engine.Engine PRAGMA main.table_info("lesson_notes")
2025-11-29 18:59:57,530 INFO sqlalchemy.engine.Engine [raw sql] ()
2025-11-29 18:59:57,531 INFO sqlalchemy.engine.Engine PRAGMA main.table_info("lesson_bookmarks")
2025-11-29 18:59:57,531 INFO sqlalchemy.engine.Engine [raw sql] ()
2025-11-29 18:59:57,531 INFO sqlalchemy.engine.Engine PRAGMA main.table_info("course_bookmarks")
2025-11-29 18:59:57,531 INFO sqlalchemy.engine.Engine [raw sql] ()
2025-11-29 18:59:57,532 INFO sqlalchemy.engine.Engine PRAGMA main.table_info("question_bank_questions")
2025-11-29 18:59:57,532 INFO sqlalchemy.engine.Engine [raw sql] ()
2025-11-29 18:59:57,532 INFO sqlalchemy.engine.Engine PRAGMA main.table_info("question_banks")
2025-11-29 18:59:57,532 INFO sqlalchemy.engine.Engine [raw sql] ()
2025-11-29 18:59:57,532 INFO sqlalchemy.engine.Engine PRAGMA main.table_info("bank_questions")
2025-11-29 18:59:57,532 INFO sqlalchemy.engine.Engine [raw sql] ()
2025-11-29 18:59:57,533 INFO sqlalchemy.engine.Engine PRAGMA main.table_info("quiz_question_pools")
2025-11-29 18:59:57,533 INFO sqlalchemy.engine.Engine [raw sql] ()
2025-11-29 18:59:57,533 INFO sqlalchemy.engine.Engine PRAGMA main.table_info("peer_review_assignments")
2025-11-29 18:59:57,533 INFO sqlalchemy.engine.Engine [raw sql] ()
2025-11-29 18:59:57,534 INFO sqlalchemy.engine.Engine PRAGMA main.table_info("peer_reviews")
2025-11-29 18:59:57,534 INFO sqlalchemy.engine.Engine [raw sql] ()
2025-11-29 18:59:57,534 INFO sqlalchemy.engine.Engine PRAGMA main.table_info("live_classes")
2025-11-29 18:59:57,534 INFO sqlalchemy.engine.Engine [raw sql] ()
2025-11-29 18:59:57,535 INFO sqlalchemy.engine.Engine PRAGMA main.table_info("live_class_attendance")
2025-11-29 18:59:57,535 INFO sqlalchemy.engine.Engine [raw sql] ()
2025-11-29 18:59:57,535 INFO sqlalchemy.engine.Engine PRAGMA main.table_info("live_class_polls")
2025-11-29 18:59:57,536 INFO sqlalchemy.engine.Engine [raw sql] ()
2025-11-29 18:59:57,536 INFO sqlalchemy.engine.Engine PRAGMA main.table_info("live_class_poll_responses")
2025-11-29 18:59:57,536 INFO sqlalchemy.engine.Engine [raw sql] ()
2025-11-29 18:59:57,536 INFO sqlalchemy.engine.Engine PRAGMA main.table_info("live_class_questions")
2025-11-29 18:59:57,536 INFO sqlalchemy.engine.Engine [raw sql] ()
2025-11-29 18:59:57,537 INFO sqlalchemy.engine.Engine PRAGMA main.table_info("live_class_reactions")
2025-11-29 18:59:57,537 INFO sqlalchemy.engine.Engine [raw sql] ()
2025-11-29 18:59:57,537 INFO sqlalchemy.engine.Engine PRAGMA main.table_info("live_class_chat_messages")
2025-11-29 18:59:57,537 INFO sqlalchemy.engine.Engine [raw sql] ()
2025-11-29 18:59:57,538 INFO sqlalchemy.engine.Engine PRAGMA main.table_info("learning_paths")
2025-11-29 18:59:57,538 INFO sqlalchemy.engine.Engine [raw sql] ()
2025-11-29 18:59:57,538 INFO sqlalchemy.engine.Engine PRAGMA main.table_info("path_courses")
2025-11-29 18:59:57,539 INFO sqlalchemy.engine.Engine [raw sql] ()
2025-11-29 18:59:57,539 INFO sqlalchemy.engine.Engine PRAGMA main.table_info("path_enrollments")
2025-11-29 18:59:57,539 INFO sqlalchemy.engine.Engine [raw sql] ()
2025-11-29 18:59:57,539 INFO sqlalchemy.engine.Engine PRAGMA main.table_info("certificate_templates")
2025-11-29 18:59:57,540 INFO sqlalchemy.engine.Engine [raw sql] ()
2025-11-29 18:59:57,540 INFO sqlalchemy.engine.Engine PRAGMA main.table_info("course_bundle_items")
2025-11-29 18:59:57,540 INFO sqlalchemy.engine.Engine [raw sql] ()
2025-11-29 18:59:57,541 INFO sqlalchemy.engine.Engine PRAGMA main.table_info("course_bundles")
2025-11-29 18:59:57,541 INFO sqlalchemy.engine.Engine [raw sql] ()
2025-11-29 18:59:57,541 INFO sqlalchemy.engine.Engine PRAGMA main.table_info("bundle_enrollments")
2025-11-29 18:59:57,542 INFO sqlalchemy.engine.Engine [raw sql] ()
2025-11-29 18:59:57,542 INFO sqlalchemy.engine.Engine PRAGMA main.table_info("courses")
2025-11-29 18:59:57,542 INFO sqlalchemy.engine.Engine [raw sql] ()
2025-11-29 18:59:57,543 INFO sqlalchemy.engine.Engine PRAGMA main.table_info("modules")
2025-11-29 18:59:57,543 INFO sqlalchemy.engine.Engine [raw sql] ()
2025-11-29 18:59:57,543 INFO sqlalchemy.engine.Engine PRAGMA main.table_info("lessons")
2025-11-29 18:59:57,543 INFO sqlalchemy.engine.Engine [raw sql] ()
2025-11-29 18:59:57,544 INFO sqlalchemy.engine.Engine PRAGMA main.table_info("enrollments")
2025-11-29 18:59:57,544 INFO sqlalchemy.engine.Engine [raw sql] ()
2025-11-29 18:59:57,545 INFO sqlalchemy.engine.Engine PRAGMA main.table_info("quizzes")
2025-11-29 18:59:57,545 INFO sqlalchemy.engine.Engine [raw sql] ()
2025-11-29 18:59:57,545 INFO sqlalchemy.engine.Engine PRAGMA main.table_info("questions")
2025-11-29 18:59:57,545 INFO sqlalchemy.engine.Engine [raw sql] ()
2025-11-29 18:59:57,546 INFO sqlalchemy.engine.Engine PRAGMA main.table_info("question_options")
2025-11-29 18:59:57,546 INFO sqlalchemy.engine.Engine [raw sql] ()
2025-11-29 18:59:57,546 INFO sqlalchemy.engine.Engine PRAGMA main.table_info("quiz_attempts")
2025-11-29 18:59:57,547 INFO sqlalchemy.engine.Engine [raw sql] ()
2025-11-29 18:59:57,547 INFO sqlalchemy.engine.Engine PRAGMA main.table_info("student_answers")
2025-11-29 18:59:57,547 INFO sqlalchemy.engine.Engine [raw sql] ()
2025-11-29 18:59:57,548 INFO sqlalchemy.engine.Engine PRAGMA main.table_info("quiz_feedback")
2025-11-29 18:59:57,548 INFO sqlalchemy.engine.Engine [raw sql] ()
2025-11-29 18:59:57,548 INFO sqlalchemy.engine.Engine PRAGMA main.table_info("quiz_attempt_analytics")
2025-11-29 18:59:57,549 INFO sqlalchemy.engine.Engine [raw sql] ()
2025-11-29 18:59:57,549 INFO sqlalchemy.engine.Engine PRAGMA main.table_info("assessment_rubrics")
2025-11-29 18:59:57,549 INFO sqlalchemy.engine.Engine [raw sql] ()
2025-11-29 18:59:57,550 INFO sqlalchemy.engine.Engine PRAGMA main.table_info("ai_grading_results")
2025-11-29 18:59:57,550 INFO sqlalchemy.engine.Engine [raw sql] ()
2025-11-29 18:59:57,550 INFO sqlalchemy.engine.Engine PRAGMA main.table_info("mood_entries")
2025-11-29 18:59:57,550 INFO sqlalchemy.engine.Engine [raw sql] ()
2025-11-29 18:59:57,551 INFO sqlalchemy.engine.Engine PRAGMA main.table_info("exam_sessions")
2025-11-29 18:59:57,551 INFO sqlalchemy.engine.Engine [raw sql] ()
2025-11-29 18:59:57,551 INFO sqlalchemy.engine.Engine PRAGMA main.table_info("shadow_mode_sessions")
2025-11-29 18:59:57,551 INFO sqlalchemy.engine.Engine [raw sql] ()
2025-11-29 18:59:57,552 INFO sqlalchemy.engine.Engine PRAGMA main.table_info("study_rooms")
2025-11-29 18:59:57,552 INFO sqlalchemy.engine.Engine [raw sql] ()
2025-11-29 18:59:57,553 INFO sqlalchemy.engine.Engine PRAGMA main.table_info("group_members")
2025-11-29 18:59:57,553 INFO sqlalchemy.engine.Engine [raw sql] ()
2025-11-29 18:59:57,553 INFO sqlalchemy.engine.Engine PRAGMA main.table_info("study_groups")
2025-11-29 18:59:57,553 INFO sqlalchemy.engine.Engine [raw sql] ()
2025-11-29 18:59:57,554 INFO sqlalchemy.engine.Engine PRAGMA main.table_info("learning_groups")
2025-11-29 18:59:57,554 INFO sqlalchemy.engine.Engine [raw sql] ()
2025-11-29 18:59:57,554 INFO sqlalchemy.engine.Engine PRAGMA main.table_info("group_memberships")
2025-11-29 18:59:57,555 INFO sqlalchemy.engine.Engine [raw sql] ()
2025-11-29 18:59:57,555 INFO sqlalchemy.engine.Engine PRAGMA main.table_info("group_posts")
2025-11-29 18:59:57,555 INFO sqlalchemy.engine.Engine [raw sql] ()
2025-11-29 18:59:57,556 INFO sqlalchemy.engine.Engine PRAGMA main.table_info("group_post_comments")
2025-11-29 18:59:57,556 INFO sqlalchemy.engine.Engine [raw sql] ()
2025-11-29 18:59:57,556 INFO sqlalchemy.engine.Engine PRAGMA main.table_info("collaborative_projects")
2025-11-29 18:59:57,556 INFO sqlalchemy.engine.Engine [raw sql] ()
2025-11-29 18:59:57,557 INFO sqlalchemy.engine.Engine PRAGMA main.table_info("project_teams")
2025-11-29 18:59:57,557 INFO sqlalchemy.engine.Engine [raw sql] ()
2025-11-29 18:59:57,557 INFO sqlalchemy.engine.Engine PRAGMA main.table_info("project_team_members")
2025-11-29 18:59:57,557 INFO sqlalchemy.engine.Engine [raw sql] ()
2025-11-29 18:59:57,558 INFO sqlalchemy.engine.Engine PRAGMA main.table_info("project_milestones")
2025-11-29 18:59:57,558 INFO sqlalchemy.engine.Engine [raw sql] ()
2025-11-29 18:59:57,558 INFO sqlalchemy.engine.Engine PRAGMA main.table_info("project_submissions")
2025-11-29 18:59:57,559 INFO sqlalchemy.engine.Engine [raw sql] ()
2025-11-29 18:59:57,559 INFO sqlalchemy.engine.Engine PRAGMA main.table_info("realtime_chat_messages")
2025-11-29 18:59:57,559 INFO sqlalchemy.engine.Engine [raw sql] ()
2025-11-29 18:59:57,560 INFO sqlalchemy.engine.Engine PRAGMA main.table_info("realtime_user_presence")
2025-11-29 18:59:57,560 INFO sqlalchemy.engine.Engine [raw sql] ()
2025-11-29 18:59:57,560 INFO sqlalchemy.engine.Engine PRAGMA main.table_info("chat_sessions")
2025-11-29 18:59:57,560 INFO sqlalchemy.engine.Engine [raw sql] ()
2025-11-29 18:59:57,561 INFO sqlalchemy.engine.Engine PRAGMA main.table_info("chatbot_messages")
2025-11-29 18:59:57,561 INFO sqlalchemy.engine.Engine [raw sql] ()
2025-11-29 18:59:57,562 INFO sqlalchemy.engine.Engine PRAGMA main.table_info("chat_feedback")
2025-11-29 18:59:57,562 INFO sqlalchemy.engine.Engine [raw sql] ()
2025-11-29 18:59:57,562 INFO sqlalchemy.engine.Engine PRAGMA main.table_info("user_activities")
2025-11-29 18:59:57,562 INFO sqlalchemy.engine.Engine [raw sql] ()
2025-11-29 18:59:57,563 INFO sqlalchemy.engine.Engine PRAGMA main.table_info("course_recommendations")
2025-11-29 18:59:57,563 INFO sqlalchemy.engine.Engine [raw sql] ()
2025-11-29 18:59:57,563 INFO sqlalchemy.engine.Engine PRAGMA main.table_info("user_preferences")
2025-11-29 18:59:57,564 INFO sqlalchemy.engine.Engine [raw sql] ()
2025-11-29 18:59:57,564 INFO sqlalchemy.engine.Engine PRAGMA main.table_info("ai_conversations")
2025-11-29 18:59:57,564 INFO sqlalchemy.engine.Engine [raw sql] ()
2025-11-29 18:59:57,564 INFO sqlalchemy.engine.Engine PRAGMA main.table_info("notifications")
2025-11-29 18:59:57,565 INFO sqlalchemy.engine.Engine [raw sql] ()
2025-11-29 18:59:57,565 INFO sqlalchemy.engine.Engine PRAGMA main.table_info("user_email_preferences")
2025-11-29 18:59:57,565 INFO sqlalchemy.engine.Engine [raw sql] ()
2025-11-29 18:59:57,565 INFO sqlalchemy.engine.Engine PRAGMA main.table_info("email_templates")
2025-11-29 18:59:57,566 INFO sqlalchemy.engine.Engine [raw sql] ()
2025-11-29 18:59:57,566 INFO sqlalchemy.engine.Engine PRAGMA main.table_info("email_logs")
2025-11-29 18:59:57,566 INFO sqlalchemy.engine.Engine [raw sql] ()
2025-11-29 18:59:57,567 INFO sqlalchemy.engine.Engine PRAGMA main.table_info("coupons")
2025-11-29 18:59:57,567 INFO sqlalchemy.engine.Engine [raw sql] ()
2025-11-29 18:59:57,567 INFO sqlalchemy.engine.Engine PRAGMA main.table_info("coupon_usages")
2025-11-29 18:59:57,568 INFO sqlalchemy.engine.Engine [raw sql] ()
2025-11-29 18:59:57,568 INFO sqlalchemy.engine.Engine PRAGMA main.table_info("shopping_carts")
2025-11-29 18:59:57,568 INFO sqlalchemy.engine.Engine [raw sql] ()
2025-11-29 18:59:57,569 INFO sqlalchemy.engine.Engine PRAGMA main.table_info("cart_items")
2025-11-29 18:59:57,569 INFO sqlalchemy.engine.Engine [raw sql] ()
2025-11-29 18:59:57,569 INFO sqlalchemy.engine.Engine PRAGMA main.table_info("orders")
2025-11-29 18:59:57,569 INFO sqlalchemy.engine.Engine [raw sql] ()
2025-11-29 18:59:57,570 INFO sqlalchemy.engine.Engine PRAGMA main.table_info("order_items")
2025-11-29 18:59:57,570 INFO sqlalchemy.engine.Engine [raw sql] ()
2025-11-29 18:59:57,570 INFO sqlalchemy.engine.Engine PRAGMA main.table_info("invoices")
2025-11-29 18:59:57,570 INFO sqlalchemy.engine.Engine [raw sql] ()
2025-11-29 18:59:57,571 INFO sqlalchemy.engine.Engine PRAGMA main.table_info("instructor_analytics")
2025-11-29 18:59:57,571 INFO sqlalchemy.engine.Engine [raw sql] ()
2025-11-29 18:59:57,571 INFO sqlalchemy.engine.Engine PRAGMA main.table_info("student_analytics")
2025-11-29 18:59:57,571 INFO sqlalchemy.engine.Engine [raw sql] ()
2025-11-29 18:59:57,572 INFO sqlalchemy.engine.Engine PRAGMA main.table_info("platform_analytics")
2025-11-29 18:59:57,572 INFO sqlalchemy.engine.Engine [raw sql] ()
2025-11-29 18:59:57,573 INFO sqlalchemy.engine.Engine PRAGMA main.table_info("analytics_events")
2025-11-29 18:59:57,573 INFO sqlalchemy.engine.Engine [raw sql] ()
2025-11-29 18:59:57,573 INFO sqlalchemy.engine.Engine PRAGMA main.table_info("languages")
2025-11-29 18:59:57,573 INFO sqlalchemy.engine.Engine [raw sql] ()
2025-11-29 18:59:57,574 INFO sqlalchemy.engine.Engine PRAGMA main.table_info("translations")
2025-11-29 18:59:57,574 INFO sqlalchemy.engine.Engine [raw sql] ()
2025-11-29 18:59:57,574 INFO sqlalchemy.engine.Engine PRAGMA main.table_info("content_translations")
2025-11-29 18:59:57,574 INFO sqlalchemy.engine.Engine [raw sql] ()
2025-11-29 18:59:57,575 INFO sqlalchemy.engine.Engine PRAGMA main.table_info("user_language_preferences")
2025-11-29 18:59:57,575 INFO sqlalchemy.engine.Engine [raw sql] ()
2025-11-29 18:59:57,575 INFO sqlalchemy.engine.Engine PRAGMA main.table_info("revenue_shares")
2025-11-29 18:59:57,575 INFO sqlalchemy.engine.Engine [raw sql] ()
2025-11-29 18:59:57,576 INFO sqlalchemy.engine.Engine PRAGMA main.table_info("instructor_payouts")
2025-11-29 18:59:57,576 INFO sqlalchemy.engine.Engine [raw sql] ()
2025-11-29 18:59:57,577 INFO sqlalchemy.engine.Engine PRAGMA main.table_info("instructor_payment_info")
2025-11-29 18:59:57,577 INFO sqlalchemy.engine.Engine [raw sql] ()
2025-11-29 18:59:57,577 INFO sqlalchemy.engine.Engine PRAGMA main.table_info("marketplace_listings")
2025-11-29 18:59:57,577 INFO sqlalchemy.engine.Engine [raw sql] ()
2025-11-29 18:59:57,578 INFO sqlalchemy.engine.Engine PRAGMA main.table_info("revenue_transactions")
2025-11-29 18:59:57,578 INFO sqlalchemy.engine.Engine [raw sql] ()
2025-11-29 18:59:57,578 INFO sqlalchemy.engine.Engine PRAGMA main.table_info("subscription_plans")
2025-11-29 18:59:57,578 INFO sqlalchemy.engine.Engine [raw sql] ()
2025-11-29 18:59:57,579 INFO sqlalchemy.engine.Engine PRAGMA main.table_info("user_subscriptions")
2025-11-29 18:59:57,579 INFO sqlalchemy.engine.Engine [raw sql] ()
2025-11-29 18:59:57,579 INFO sqlalchemy.engine.Engine PRAGMA main.table_info("subscription_invoices")
2025-11-29 18:59:57,580 INFO sqlalchemy.engine.Engine [raw sql] ()
2025-11-29 18:59:57,580 INFO sqlalchemy.engine.Engine PRAGMA main.table_info("subscription_coupons")
2025-11-29 18:59:57,580 INFO sqlalchemy.engine.Engine [raw sql] ()
2025-11-29 18:59:57,581 INFO sqlalchemy.engine.Engine PRAGMA main.table_info("affiliate_partners")
2025-11-29 18:59:57,581 INFO sqlalchemy.engine.Engine [raw sql] ()
2025-11-29 18:59:57,581 INFO sqlalchemy.engine.Engine PRAGMA main.table_info("affiliate_clicks")
2025-11-29 18:59:57,581 INFO sqlalchemy.engine.Engine [raw sql] ()
2025-11-29 18:59:57,582 INFO sqlalchemy.engine.Engine PRAGMA main.table_info("affiliate_referrals")
2025-11-29 18:59:57,582 INFO sqlalchemy.engine.Engine [raw sql] ()
2025-11-29 18:59:57,582 INFO sqlalchemy.engine.Engine PRAGMA main.table_info("affiliate_commissions")
2025-11-29 18:59:57,583 INFO sqlalchemy.engine.Engine [raw sql] ()
2025-11-29 18:59:57,583 INFO sqlalchemy.engine.Engine PRAGMA main.table_info("affiliate_payouts")
2025-11-29 18:59:57,583 INFO sqlalchemy.engine.Engine [raw sql] ()
2025-11-29 18:59:57,584 INFO sqlalchemy.engine.Engine PRAGMA main.table_info("content_embeddings")
2025-11-29 18:59:57,584 INFO sqlalchemy.engine.Engine [raw sql] ()
2025-11-29 18:59:57,585 INFO sqlalchemy.engine.Engine PRAGMA main.table_info("plagiarism_checks")
2025-11-29 18:59:57,585 INFO sqlalchemy.engine.Engine [raw sql] ()
2025-11-29 18:59:57,585 INFO sqlalchemy.engine.Engine PRAGMA main.table_info("ai_generated_quizzes")
2025-11-29 18:59:57,585 INFO sqlalchemy.engine.Engine [raw sql] ()
2025-11-29 18:59:57,586 INFO sqlalchemy.engine.Engine PRAGMA main.table_info("content_difficulty_analyses")
2025-11-29 18:59:57,586 INFO sqlalchemy.engine.Engine [raw sql] ()
2025-11-29 18:59:57,586 INFO sqlalchemy.engine.Engine PRAGMA main.table_info("ai_usage_logs")
2025-11-29 18:59:57,586 INFO sqlalchemy.engine.Engine [raw sql] ()
2025-11-29 18:59:57,587 INFO sqlalchemy.engine.Engine PRAGMA main.table_info("organizations")
2025-11-29 18:59:57,587 INFO sqlalchemy.engine.Engine [raw sql] ()
2025-11-29 18:59:57,587 INFO sqlalchemy.engine.Engine PRAGMA main.table_info("sso_configs")
2025-11-29 18:59:57,587 INFO sqlalchemy.engine.Engine [raw sql] ()
2025-11-29 18:59:57,588 INFO sqlalchemy.engine.Engine PRAGMA main.table_info("sso_sessions")
2025-11-29 18:59:57,588 INFO sqlalchemy.engine.Engine [raw sql] ()
2025-11-29 18:59:57,588 INFO sqlalchemy.engine.Engine PRAGMA main.table_info("sso_audit_logs")
2025-11-29 18:59:57,588 INFO sqlalchemy.engine.Engine [raw sql] ()
2025-11-29 18:59:57,589 INFO sqlalchemy.engine.Engine PRAGMA main.table_info("two_factor_auth")
2025-11-29 18:59:57,589 INFO sqlalchemy.engine.Engine [raw sql] ()
2025-11-29 18:59:57,589 INFO sqlalchemy.engine.Engine PRAGMA main.table_info("two_factor_backup_codes")
2025-11-29 18:59:57,589 INFO sqlalchemy.engine.Engine [raw sql] ()
2025-11-29 18:59:57,589 INFO sqlalchemy.engine.Engine PRAGMA main.table_info("achievements")
2025-11-29 18:59:57,589 INFO sqlalchemy.engine.Engine [raw sql] ()
2025-11-29 18:59:57,590 INFO sqlalchemy.engine.Engine PRAGMA main.table_info("user_achievements")
2025-11-29 18:59:57,590 INFO sqlalchemy.engine.Engine [raw sql] ()
2025-11-29 18:59:57,590 INFO sqlalchemy.engine.Engine PRAGMA main.table_info("challenges")
2025-11-29 18:59:57,591 INFO sqlalchemy.engine.Engine [raw sql] ()
2025-11-29 18:59:57,591 INFO sqlalchemy.engine.Engine PRAGMA main.table_info("user_challenges")
2025-11-29 18:59:57,591 INFO sqlalchemy.engine.Engine [raw sql] ()
2025-11-29 18:59:57,592 INFO sqlalchemy.engine.Engine PRAGMA main.table_info("coin_transactions")
2025-11-29 18:59:57,592 INFO sqlalchemy.engine.Engine [raw sql] ()
2025-11-29 18:59:57,592 INFO sqlalchemy.engine.Engine PRAGMA main.table_info("admin_logs")
2025-11-29 18:59:57,592 INFO sqlalchemy.engine.Engine [raw sql] ()
2025-11-29 18:59:57,593 INFO sqlalchemy.engine.Engine PRAGMA main.table_info("assets")
2025-11-29 18:59:57,593 INFO sqlalchemy.engine.Engine [raw sql] ()
2025-11-29 18:59:57,593 INFO sqlalchemy.engine.Engine PRAGMA main.table_info("blockchain_blocks")
2025-11-29 18:59:57,593 INFO sqlalchemy.engine.Engine [raw sql] ()
2025-11-29 18:59:57,594 INFO sqlalchemy.engine.Engine PRAGMA main.table_info("digital_products")
2025-11-29 18:59:57,594 INFO sqlalchemy.engine.Engine [raw sql] ()
2025-11-29 18:59:57,594 INFO sqlalchemy.engine.Engine PRAGMA main.table_info("direct_messages")
2025-11-29 18:59:57,594 INFO sqlalchemy.engine.Engine [raw sql] ()
2025-11-29 18:59:57,594 INFO sqlalchemy.engine.Engine PRAGMA main.table_info("enquiries")
2025-11-29 18:59:57,594 INFO sqlalchemy.engine.Engine [raw sql] ()
2025-11-29 18:59:57,595 INFO sqlalchemy.engine.Engine PRAGMA main.table_info("friendships")
2025-11-29 18:59:57,595 INFO sqlalchemy.engine.Engine [raw sql] ()
2025-11-29 18:59:57,595 INFO sqlalchemy.engine.Engine PRAGMA main.table_info("payment_methods")
2025-11-29 18:59:57,595 INFO sqlalchemy.engine.Engine [raw sql] ()
2025-11-29 18:59:57,596 INFO sqlalchemy.engine.Engine PRAGMA main.table_info("tax_rates")
2025-11-29 18:59:57,596 INFO sqlalchemy.engine.Engine [raw sql] ()
2025-11-29 18:59:57,597 INFO sqlalchemy.engine.Engine PRAGMA main.table_info("tax_calculations")
2025-11-29 18:59:57,597 INFO sqlalchemy.engine.Engine [raw sql] ()
2025-11-29 18:59:57,597 INFO sqlalchemy.engine.Engine PRAGMA main.table_info("tax_exemptions")
2025-11-29 18:59:57,597 INFO sqlalchemy.engine.Engine [raw sql] ()
2025-11-29 18:59:57,603 INFO sqlalchemy.engine.Engine 
DROP TABLE role_permissions
2025-11-29 18:59:57,603 INFO sqlalchemy.engine.Engine [no key 0.00023s] ()
2025-11-29 18:59:57,767 INFO sqlalchemy.engine.Engine 
DROP TABLE user_roles
2025-11-29 18:59:57,767 INFO sqlalchemy.engine.Engine [no key 0.00026s] ()
2025-11-29 18:59:57,831 INFO sqlalchemy.engine.Engine 
DROP TABLE roles
2025-11-29 18:59:57,831 INFO sqlalchemy.engine.Engine [no key 0.00025s] ()
2025-11-29 18:59:57,895 INFO sqlalchemy.engine.Engine 
DROP TABLE permissions
2025-11-29 18:59:57,896 INFO sqlalchemy.engine.Engine [no key 0.00027s] ()
2025-11-29 18:59:57,960 INFO sqlalchemy.engine.Engine 
DROP TABLE users
2025-11-29 18:59:57,960 INFO sqlalchemy.engine.Engine [no key 0.00038s] ()
2025-11-29 18:59:58,025 INFO sqlalchemy.engine.Engine 
DROP TABLE tasks
2025-11-29 18:59:58,025 INFO sqlalchemy.engine.Engine [no key 0.00032s] ()
2025-11-29 18:59:58,089 INFO sqlalchemy.engine.Engine 
DROP TABLE groups
2025-11-29 18:59:58,089 INFO sqlalchemy.engine.Engine [no key 0.00044s] ()
2025-11-29 18:59:58,153 INFO sqlalchemy.engine.Engine 
DROP TABLE meditation_sessions
2025-11-29 18:59:58,154 INFO sqlalchemy.engine.Engine [no key 0.00031s] ()
2025-11-29 18:59:58,217 INFO sqlalchemy.engine.Engine 
DROP TABLE activity_logs
2025-11-29 18:59:58,218 INFO sqlalchemy.engine.Engine [no key 0.00041s] ()
2025-11-29 18:59:58,282 INFO sqlalchemy.engine.Engine 
DROP TABLE handwriting_submissions
2025-11-29 18:59:58,282 INFO sqlalchemy.engine.Engine [no key 0.00038s] ()
2025-11-29 18:59:58,420 INFO sqlalchemy.engine.Engine 
DROP TABLE rewards
2025-11-29 18:59:58,421 INFO sqlalchemy.engine.Engine [no key 0.00036s] ()
2025-11-29 18:59:58,485 INFO sqlalchemy.engine.Engine 
DROP TABLE user_rewards
2025-11-29 18:59:58,485 INFO sqlalchemy.engine.Engine [no key 0.00041s] ()
2025-11-29 18:59:58,549 INFO sqlalchemy.engine.Engine 
DROP TABLE lesson_progress
2025-11-29 18:59:58,550 INFO sqlalchemy.engine.Engine [no key 0.00036s] ()
2025-11-29 18:59:58,614 INFO sqlalchemy.engine.Engine 
DROP TABLE lesson_drip_settings
2025-11-29 18:59:58,615 INFO sqlalchemy.engine.Engine [no key 0.00044s] ()
2025-11-29 18:59:58,678 INFO sqlalchemy.engine.Engine 
DROP TABLE course_reviews
2025-11-29 18:59:58,679 INFO sqlalchemy.engine.Engine [no key 0.00038s] ()
2025-11-29 18:59:58,868 INFO sqlalchemy.engine.Engine 
DROP TABLE review_helpful
2025-11-29 18:59:58,868 INFO sqlalchemy.engine.Engine [no key 0.00041s] ()
2025-11-29 18:59:59,040 INFO sqlalchemy.engine.Engine 
DROP TABLE course_payments
2025-11-29 18:59:59,040 INFO sqlalchemy.engine.Engine [no key 0.00022s] ()
2025-11-29 18:59:59,230 INFO sqlalchemy.engine.Engine 
DROP TABLE certificates
2025-11-29 18:59:59,230 INFO sqlalchemy.engine.Engine [no key 0.00031s] ()
2025-11-29 18:59:59,403 INFO sqlalchemy.engine.Engine 
DROP TABLE course_tags
2025-11-29 18:59:59,403 INFO sqlalchemy.engine.Engine [no key 0.00030s] ()
2025-11-29 18:59:59,592 INFO sqlalchemy.engine.Engine 
DROP TABLE categories
2025-11-29 18:59:59,592 INFO sqlalchemy.engine.Engine [no key 0.00030s] ()
2025-11-29 18:59:59,764 INFO sqlalchemy.engine.Engine 
DROP TABLE tags
2025-11-29 18:59:59,765 INFO sqlalchemy.engine.Engine [no key 0.00029s] ()
2025-11-29 18:59:59,962 INFO sqlalchemy.engine.Engine 
DROP TABLE assignments
2025-11-29 18:59:59,962 INFO sqlalchemy.engine.Engine [no key 0.00028s] ()
2025-11-29 19:00:00,135 INFO sqlalchemy.engine.Engine 
DROP TABLE submissions
2025-11-29 19:00:00,135 INFO sqlalchemy.engine.Engine [no key 0.00033s] ()
2025-11-29 19:00:00,325 INFO sqlalchemy.engine.Engine 
DROP TABLE discussion_categories
2025-11-29 19:00:00,325 INFO sqlalchemy.engine.Engine [no key 0.00032s] ()
2025-11-29 19:00:00,497 INFO sqlalchemy.engine.Engine 
DROP TABLE discussion_threads
2025-11-29 19:00:00,498 INFO sqlalchemy.engine.Engine [no key 0.00033s] ()
2025-11-29 19:00:00,687 INFO sqlalchemy.engine.Engine 
DROP TABLE discussion_posts
2025-11-29 19:00:00,687 INFO sqlalchemy.engine.Engine [no key 0.00044s] ()
2025-11-29 19:00:00,867 INFO sqlalchemy.engine.Engine 
DROP TABLE post_votes
2025-11-29 19:00:00,868 INFO sqlalchemy.engine.Engine [no key 0.00029s] ()
2025-11-29 19:00:01,057 INFO sqlalchemy.engine.Engine 
DROP TABLE course_announcements
2025-11-29 19:00:01,058 INFO sqlalchemy.engine.Engine [no key 0.00036s] ()
2025-11-29 19:00:01,246 INFO sqlalchemy.engine.Engine 
DROP TABLE announcement_reads
2025-11-29 19:00:01,247 INFO sqlalchemy.engine.Engine [no key 0.00033s] ()
2025-11-29 19:00:01,436 INFO sqlalchemy.engine.Engine 
DROP TABLE lesson_notes
2025-11-29 19:00:01,436 INFO sqlalchemy.engine.Engine [no key 0.00028s] ()
2025-11-29 19:00:01,625 INFO sqlalchemy.engine.Engine 
DROP TABLE lesson_bookmarks
2025-11-29 19:00:01,625 INFO sqlalchemy.engine.Engine [no key 0.00024s] ()
2025-11-29 19:00:01,814 INFO sqlalchemy.engine.Engine 
DROP TABLE course_bookmarks
2025-11-29 19:00:01,814 INFO sqlalchemy.engine.Engine [no key 0.00022s] ()
2025-11-29 19:00:02,004 INFO sqlalchemy.engine.Engine 
DROP TABLE question_bank_questions
2025-11-29 19:00:02,004 INFO sqlalchemy.engine.Engine [no key 0.00025s] ()
2025-11-29 19:00:02,193 INFO sqlalchemy.engine.Engine 
DROP TABLE question_banks
2025-11-29 19:00:02,193 INFO sqlalchemy.engine.Engine [no key 0.00031s] ()
2025-11-29 19:00:02,383 INFO sqlalchemy.engine.Engine 
DROP TABLE bank_questions
2025-11-29 19:00:02,383 INFO sqlalchemy.engine.Engine [no key 0.00023s] ()
2025-11-29 19:00:02,630 INFO sqlalchemy.engine.Engine 
DROP TABLE quiz_question_pools
2025-11-29 19:00:02,630 INFO sqlalchemy.engine.Engine [no key 0.00021s] ()
2025-11-29 19:00:02,695 INFO sqlalchemy.engine.Engine 
DROP TABLE peer_review_assignments
2025-11-29 19:00:02,695 INFO sqlalchemy.engine.Engine [no key 0.00022s] ()
2025-11-29 19:00:02,759 INFO sqlalchemy.engine.Engine 
DROP TABLE peer_reviews
2025-11-29 19:00:02,759 INFO sqlalchemy.engine.Engine [no key 0.00022s] ()
2025-11-29 19:00:02,823 INFO sqlalchemy.engine.Engine 
DROP TABLE live_classes
2025-11-29 19:00:02,823 INFO sqlalchemy.engine.Engine [no key 0.00025s] ()
2025-11-29 19:00:02,888 INFO sqlalchemy.engine.Engine 
DROP TABLE live_class_attendance
2025-11-29 19:00:02,888 INFO sqlalchemy.engine.Engine [no key 0.00026s] ()
2025-11-29 19:00:02,952 INFO sqlalchemy.engine.Engine 
DROP TABLE live_class_polls
2025-11-29 19:00:02,952 INFO sqlalchemy.engine.Engine [no key 0.00024s] ()
2025-11-29 19:00:03,017 INFO sqlalchemy.engine.Engine 
DROP TABLE live_class_poll_responses
2025-11-29 19:00:03,017 INFO sqlalchemy.engine.Engine [no key 0.00022s] ()
2025-11-29 19:00:03,081 INFO sqlalchemy.engine.Engine 
DROP TABLE live_class_questions
2025-11-29 19:00:03,082 INFO sqlalchemy.engine.Engine [no key 0.00036s] ()
2025-11-29 19:00:03,146 INFO sqlalchemy.engine.Engine 
DROP TABLE live_class_reactions
2025-11-29 19:00:03,146 INFO sqlalchemy.engine.Engine [no key 0.00031s] ()
2025-11-29 19:00:03,210 INFO sqlalchemy.engine.Engine 
DROP TABLE live_class_chat_messages
2025-11-29 19:00:03,210 INFO sqlalchemy.engine.Engine [no key 0.00024s] ()
2025-11-29 19:00:03,274 INFO sqlalchemy.engine.Engine 
DROP TABLE learning_paths
2025-11-29 19:00:03,275 INFO sqlalchemy.engine.Engine [no key 0.00022s] ()
2025-11-29 19:00:03,339 INFO sqlalchemy.engine.Engine 
DROP TABLE path_courses
2025-11-29 19:00:03,339 INFO sqlalchemy.engine.Engine [no key 0.00026s] ()
2025-11-29 19:00:03,528 INFO sqlalchemy.engine.Engine 
DROP TABLE path_enrollments
2025-11-29 19:00:03,528 INFO sqlalchemy.engine.Engine [no key 0.00021s] ()
2025-11-29 19:00:03,592 INFO sqlalchemy.engine.Engine 
DROP TABLE certificate_templates
2025-11-29 19:00:03,592 INFO sqlalchemy.engine.Engine [no key 0.00022s] ()
2025-11-29 19:00:03,765 INFO sqlalchemy.engine.Engine 
DROP TABLE course_bundle_items
2025-11-29 19:00:03,765 INFO sqlalchemy.engine.Engine [no key 0.00021s] ()
2025-11-29 19:00:03,954 INFO sqlalchemy.engine.Engine 
DROP TABLE course_bundles
2025-11-29 19:00:03,955 INFO sqlalchemy.engine.Engine [no key 0.00022s] ()
2025-11-29 19:00:04,127 INFO sqlalchemy.engine.Engine 
DROP TABLE bundle_enrollments
2025-11-29 19:00:04,128 INFO sqlalchemy.engine.Engine [no key 0.00022s] ()
2025-11-29 19:00:04,317 INFO sqlalchemy.engine.Engine 
DROP TABLE courses
2025-11-29 19:00:04,317 INFO sqlalchemy.engine.Engine [no key 0.00023s] ()
2025-11-29 19:00:04,490 INFO sqlalchemy.engine.Engine 
DROP TABLE modules
2025-11-29 19:00:04,490 INFO sqlalchemy.engine.Engine [no key 0.00035s] ()
2025-11-29 19:00:04,679 INFO sqlalchemy.engine.Engine 
DROP TABLE lessons
2025-11-29 19:00:04,679 INFO sqlalchemy.engine.Engine [no key 0.00022s] ()
2025-11-29 19:00:04,868 INFO sqlalchemy.engine.Engine 
DROP TABLE enrollments
2025-11-29 19:00:04,868 INFO sqlalchemy.engine.Engine [no key 0.00022s] ()
2025-11-29 19:00:05,058 INFO sqlalchemy.engine.Engine 
DROP TABLE quizzes
2025-11-29 19:00:05,059 INFO sqlalchemy.engine.Engine [no key 0.00043s] ()
2025-11-29 19:00:05,298 INFO sqlalchemy.engine.Engine 
DROP TABLE questions
2025-11-29 19:00:05,298 INFO sqlalchemy.engine.Engine [no key 0.00038s] ()
2025-11-29 19:00:05,487 INFO sqlalchemy.engine.Engine 
DROP TABLE question_options
2025-11-29 19:00:05,487 INFO sqlalchemy.engine.Engine [no key 0.00026s] ()
2025-11-29 19:00:05,676 INFO sqlalchemy.engine.Engine 
DROP TABLE quiz_attempts
2025-11-29 19:00:05,676 INFO sqlalchemy.engine.Engine [no key 0.00035s] ()
2025-11-29 19:00:05,865 INFO sqlalchemy.engine.Engine 
DROP TABLE student_answers
2025-11-29 19:00:05,866 INFO sqlalchemy.engine.Engine [no key 0.00028s] ()
2025-11-29 19:00:06,054 INFO sqlalchemy.engine.Engine 
DROP TABLE quiz_feedback
2025-11-29 19:00:06,055 INFO sqlalchemy.engine.Engine [no key 0.00024s] ()
2025-11-29 19:00:06,271 INFO sqlalchemy.engine.Engine 
DROP TABLE quiz_attempt_analytics
2025-11-29 19:00:06,271 INFO sqlalchemy.engine.Engine [no key 0.00023s] ()
2025-11-29 19:00:06,334 INFO sqlalchemy.engine.Engine 
DROP TABLE assessment_rubrics
2025-11-29 19:00:06,334 INFO sqlalchemy.engine.Engine [no key 0.00039s] ()
2025-11-29 19:00:06,398 INFO sqlalchemy.engine.Engine 
DROP TABLE ai_grading_results
2025-11-29 19:00:06,398 INFO sqlalchemy.engine.Engine [no key 0.00033s] ()
2025-11-29 19:00:06,463 INFO sqlalchemy.engine.Engine 
DROP TABLE mood_entries
2025-11-29 19:00:06,463 INFO sqlalchemy.engine.Engine [no key 0.00036s] ()
2025-11-29 19:00:06,639 INFO sqlalchemy.engine.Engine 
DROP TABLE exam_sessions
2025-11-29 19:00:06,639 INFO sqlalchemy.engine.Engine [no key 0.00028s] ()
2025-11-29 19:00:06,700 INFO sqlalchemy.engine.Engine 
DROP TABLE shadow_mode_sessions
2025-11-29 19:00:06,700 INFO sqlalchemy.engine.Engine [no key 0.00027s] ()
2025-11-29 19:00:06,764 INFO sqlalchemy.engine.Engine 
DROP TABLE study_rooms
2025-11-29 19:00:06,764 INFO sqlalchemy.engine.Engine [no key 0.00021s] ()
2025-11-29 19:00:06,828 INFO sqlalchemy.engine.Engine 
DROP TABLE group_members
2025-11-29 19:00:06,828 INFO sqlalchemy.engine.Engine [no key 0.00028s] ()
2025-11-29 19:00:06,926 INFO sqlalchemy.engine.Engine 
DROP TABLE study_groups
2025-11-29 19:00:06,927 INFO sqlalchemy.engine.Engine [no key 0.00025s] ()
2025-11-29 19:00:06,990 INFO sqlalchemy.engine.Engine 
DROP TABLE learning_groups
2025-11-29 19:00:06,990 INFO sqlalchemy.engine.Engine [no key 0.00027s] ()
2025-11-29 19:00:07,055 INFO sqlalchemy.engine.Engine 
DROP TABLE group_memberships
2025-11-29 19:00:07,055 INFO sqlalchemy.engine.Engine [no key 0.00031s] ()
2025-11-29 19:00:07,120 INFO sqlalchemy.engine.Engine 
DROP TABLE group_posts
2025-11-29 19:00:07,120 INFO sqlalchemy.engine.Engine [no key 0.00043s] ()
2025-11-29 19:00:07,184 INFO sqlalchemy.engine.Engine 
DROP TABLE group_post_comments
2025-11-29 19:00:07,184 INFO sqlalchemy.engine.Engine [no key 0.00022s] ()
2025-11-29 19:00:07,264 INFO sqlalchemy.engine.Engine 
DROP TABLE collaborative_projects
2025-11-29 19:00:07,265 INFO sqlalchemy.engine.Engine [no key 0.00026s] ()
2025-11-29 19:00:07,329 INFO sqlalchemy.engine.Engine 
DROP TABLE project_teams
2025-11-29 19:00:07,330 INFO sqlalchemy.engine.Engine [no key 0.00037s] ()
2025-11-29 19:00:07,396 INFO sqlalchemy.engine.Engine 
DROP TABLE project_team_members
2025-11-29 19:00:07,396 INFO sqlalchemy.engine.Engine [no key 0.00039s] ()
2025-11-29 19:00:07,458 INFO sqlalchemy.engine.Engine 
DROP TABLE project_milestones
2025-11-29 19:00:07,458 INFO sqlalchemy.engine.Engine [no key 0.00023s] ()
2025-11-29 19:00:07,522 INFO sqlalchemy.engine.Engine 
DROP TABLE project_submissions
2025-11-29 19:00:07,523 INFO sqlalchemy.engine.Engine [no key 0.00035s] ()
2025-11-29 19:00:07,587 INFO sqlalchemy.engine.Engine 
DROP TABLE realtime_chat_messages
2025-11-29 19:00:07,587 INFO sqlalchemy.engine.Engine [no key 0.00031s] ()
2025-11-29 19:00:07,651 INFO sqlalchemy.engine.Engine 
DROP TABLE realtime_user_presence
2025-11-29 19:00:07,651 INFO sqlalchemy.engine.Engine [no key 0.00021s] ()
2025-11-29 19:00:07,716 INFO sqlalchemy.engine.Engine 
DROP TABLE chat_sessions
2025-11-29 19:00:07,716 INFO sqlalchemy.engine.Engine [no key 0.00043s] ()
2025-11-29 19:00:07,780 INFO sqlalchemy.engine.Engine 
DROP TABLE chatbot_messages
2025-11-29 19:00:07,780 INFO sqlalchemy.engine.Engine [no key 0.00043s] ()
2025-11-29 19:00:07,844 INFO sqlalchemy.engine.Engine 
DROP TABLE chat_feedback
2025-11-29 19:00:07,844 INFO sqlalchemy.engine.Engine [no key 0.00025s] ()
2025-11-29 19:00:07,909 INFO sqlalchemy.engine.Engine 
DROP TABLE user_activities
2025-11-29 19:00:07,909 INFO sqlalchemy.engine.Engine [no key 0.00036s] ()
2025-11-29 19:00:07,974 INFO sqlalchemy.engine.Engine 
DROP TABLE course_recommendations
2025-11-29 19:00:07,974 INFO sqlalchemy.engine.Engine [no key 0.00043s] ()
2025-11-29 19:00:08,189 INFO sqlalchemy.engine.Engine 
DROP TABLE user_preferences
2025-11-29 19:00:08,190 INFO sqlalchemy.engine.Engine [no key 0.00030s] ()
2025-11-29 19:00:08,254 INFO sqlalchemy.engine.Engine 
DROP TABLE ai_conversations
2025-11-29 19:00:08,254 INFO sqlalchemy.engine.Engine [no key 0.00028s] ()
2025-11-29 19:00:08,318 INFO sqlalchemy.engine.Engine 
DROP TABLE notifications
2025-11-29 19:00:08,318 INFO sqlalchemy.engine.Engine [no key 0.00024s] ()
2025-11-29 19:00:08,383 INFO sqlalchemy.engine.Engine 
DROP TABLE user_email_preferences
2025-11-29 19:00:08,383 INFO sqlalchemy.engine.Engine [no key 0.00020s] ()
2025-11-29 19:00:08,447 INFO sqlalchemy.engine.Engine 
DROP TABLE email_templates
2025-11-29 19:00:08,447 INFO sqlalchemy.engine.Engine [no key 0.00037s] ()
2025-11-29 19:00:08,512 INFO sqlalchemy.engine.Engine 
DROP TABLE email_logs
2025-11-29 19:00:08,512 INFO sqlalchemy.engine.Engine [no key 0.00036s] ()
2025-11-29 19:00:08,576 INFO sqlalchemy.engine.Engine 
DROP TABLE coupons
2025-11-29 19:00:08,577 INFO sqlalchemy.engine.Engine [no key 0.00038s] ()
2025-11-29 19:00:08,678 INFO sqlalchemy.engine.Engine 
DROP TABLE coupon_usages
2025-11-29 19:00:08,678 INFO sqlalchemy.engine.Engine [no key 0.00033s] ()
2025-11-29 19:00:08,739 INFO sqlalchemy.engine.Engine 
DROP TABLE shopping_carts
2025-11-29 19:00:08,739 INFO sqlalchemy.engine.Engine [no key 0.00081s] ()
2025-11-29 19:00:08,802 INFO sqlalchemy.engine.Engine 
DROP TABLE cart_items
2025-11-29 19:00:08,802 INFO sqlalchemy.engine.Engine [no key 0.00027s] ()
2025-11-29 19:00:08,867 INFO sqlalchemy.engine.Engine 
DROP TABLE orders
2025-11-29 19:00:08,867 INFO sqlalchemy.engine.Engine [no key 0.00031s] ()
2025-11-29 19:00:08,931 INFO sqlalchemy.engine.Engine 
DROP TABLE order_items
2025-11-29 19:00:08,931 INFO sqlalchemy.engine.Engine [no key 0.00034s] ()
2025-11-29 19:00:08,996 INFO sqlalchemy.engine.Engine 
DROP TABLE invoices
2025-11-29 19:00:08,996 INFO sqlalchemy.engine.Engine [no key 0.00036s] ()
2025-11-29 19:00:09,060 INFO sqlalchemy.engine.Engine 
DROP TABLE instructor_analytics
2025-11-29 19:00:09,060 INFO sqlalchemy.engine.Engine [no key 0.00029s] ()
2025-11-29 19:00:09,125 INFO sqlalchemy.engine.Engine 
DROP TABLE student_analytics
2025-11-29 19:00:09,125 INFO sqlalchemy.engine.Engine [no key 0.00031s] ()
2025-11-29 19:00:09,458 INFO sqlalchemy.engine.Engine 
DROP TABLE platform_analytics
2025-11-29 19:00:09,459 INFO sqlalchemy.engine.Engine [no key 0.00042s] ()
2025-11-29 19:00:09,638 INFO sqlalchemy.engine.Engine 
DROP TABLE analytics_events
2025-11-29 19:00:09,639 INFO sqlalchemy.engine.Engine [no key 0.00025s] ()
2025-11-29 19:00:09,828 INFO sqlalchemy.engine.Engine 
DROP TABLE languages
2025-11-29 19:00:09,828 INFO sqlalchemy.engine.Engine [no key 0.00027s] ()
2025-11-29 19:00:09,892 INFO sqlalchemy.engine.Engine 
DROP TABLE translations
2025-11-29 19:00:09,893 INFO sqlalchemy.engine.Engine [no key 0.00025s] ()
2025-11-29 19:00:10,082 INFO sqlalchemy.engine.Engine 
DROP TABLE content_translations
2025-11-29 19:00:10,082 INFO sqlalchemy.engine.Engine [no key 0.00033s] ()
2025-11-29 19:00:10,254 INFO sqlalchemy.engine.Engine 
DROP TABLE user_language_preferences
2025-11-29 19:00:10,254 INFO sqlalchemy.engine.Engine [no key 0.00027s] ()
2025-11-29 19:00:10,444 INFO sqlalchemy.engine.Engine 
DROP TABLE revenue_shares
2025-11-29 19:00:10,444 INFO sqlalchemy.engine.Engine [no key 0.00017s] ()
2025-11-29 19:00:10,616 INFO sqlalchemy.engine.Engine 
DROP TABLE instructor_payouts
2025-11-29 19:00:10,616 INFO sqlalchemy.engine.Engine [no key 0.00024s] ()
2025-11-29 19:00:10,806 INFO sqlalchemy.engine.Engine 
DROP TABLE instructor_payment_info
2025-11-29 19:00:10,806 INFO sqlalchemy.engine.Engine [no key 0.00023s] ()
2025-11-29 19:00:10,978 INFO sqlalchemy.engine.Engine 
DROP TABLE marketplace_listings
2025-11-29 19:00:10,978 INFO sqlalchemy.engine.Engine [no key 0.00021s] ()
2025-11-29 19:00:11,168 INFO sqlalchemy.engine.Engine 
DROP TABLE revenue_transactions
2025-11-29 19:00:11,169 INFO sqlalchemy.engine.Engine [no key 0.00023s] ()
2025-11-29 19:00:11,340 INFO sqlalchemy.engine.Engine 
DROP TABLE subscription_plans
2025-11-29 19:00:11,341 INFO sqlalchemy.engine.Engine [no key 0.00022s] ()
2025-11-29 19:00:11,530 INFO sqlalchemy.engine.Engine 
DROP TABLE user_subscriptions
2025-11-29 19:00:11,530 INFO sqlalchemy.engine.Engine [no key 0.00023s] ()
2025-11-29 19:00:11,703 INFO sqlalchemy.engine.Engine 
DROP TABLE subscription_invoices
2025-11-29 19:00:11,703 INFO sqlalchemy.engine.Engine [no key 0.00019s] ()
2025-11-29 19:00:11,892 INFO sqlalchemy.engine.Engine 
DROP TABLE subscription_coupons
2025-11-29 19:00:11,892 INFO sqlalchemy.engine.Engine [no key 0.00023s] ()
2025-11-29 19:00:12,065 INFO sqlalchemy.engine.Engine 
DROP TABLE affiliate_partners
2025-11-29 19:00:12,065 INFO sqlalchemy.engine.Engine [no key 0.00024s] ()
2025-11-29 19:00:12,254 INFO sqlalchemy.engine.Engine 
DROP TABLE affiliate_clicks
2025-11-29 19:00:12,254 INFO sqlalchemy.engine.Engine [no key 0.00023s] ()
2025-11-29 19:00:12,427 INFO sqlalchemy.engine.Engine 
DROP TABLE affiliate_referrals
2025-11-29 19:00:12,427 INFO sqlalchemy.engine.Engine [no key 0.00025s] ()
2025-11-29 19:00:12,616 INFO sqlalchemy.engine.Engine 
DROP TABLE affiliate_commissions
2025-11-29 19:00:12,617 INFO sqlalchemy.engine.Engine [no key 0.00036s] ()
2025-11-29 19:00:12,814 INFO sqlalchemy.engine.Engine 
DROP TABLE affiliate_payouts
2025-11-29 19:00:12,814 INFO sqlalchemy.engine.Engine [no key 0.00021s] ()
2025-11-29 19:00:12,970 INFO sqlalchemy.engine.Engine 
DROP TABLE content_embeddings
2025-11-29 19:00:12,971 INFO sqlalchemy.engine.Engine [no key 0.00036s] ()
2025-11-29 19:00:13,035 INFO sqlalchemy.engine.Engine 
DROP TABLE plagiarism_checks
2025-11-29 19:00:13,035 INFO sqlalchemy.engine.Engine [no key 0.00022s] ()
2025-11-29 19:00:13,099 INFO sqlalchemy.engine.Engine 
DROP TABLE ai_generated_quizzes
2025-11-29 19:00:13,100 INFO sqlalchemy.engine.Engine [no key 0.00030s] ()
2025-11-29 19:00:13,163 INFO sqlalchemy.engine.Engine 
DROP TABLE content_difficulty_analyses
2025-11-29 19:00:13,163 INFO sqlalchemy.engine.Engine [no key 0.00026s] ()
2025-11-29 19:00:13,267 INFO sqlalchemy.engine.Engine 
DROP TABLE ai_usage_logs
2025-11-29 19:00:13,267 INFO sqlalchemy.engine.Engine [no key 0.00032s] ()
2025-11-29 19:00:13,400 INFO sqlalchemy.engine.Engine 
DROP TABLE organizations
2025-11-29 19:00:13,400 INFO sqlalchemy.engine.Engine [no key 0.00022s] ()
2025-11-29 19:00:13,465 INFO sqlalchemy.engine.Engine 
DROP TABLE sso_configs
2025-11-29 19:00:13,465 INFO sqlalchemy.engine.Engine [no key 0.00041s] ()
2025-11-29 19:00:13,529 INFO sqlalchemy.engine.Engine 
DROP TABLE sso_sessions
2025-11-29 19:00:13,529 INFO sqlalchemy.engine.Engine [no key 0.00024s] ()
2025-11-29 19:00:13,594 INFO sqlalchemy.engine.Engine 
DROP TABLE sso_audit_logs
2025-11-29 19:00:13,594 INFO sqlalchemy.engine.Engine [no key 0.00038s] ()
2025-11-29 19:00:13,810 INFO sqlalchemy.engine.Engine 
DROP TABLE two_factor_auth
2025-11-29 19:00:13,810 INFO sqlalchemy.engine.Engine [no key 0.00025s] ()
2025-11-29 19:00:13,874 INFO sqlalchemy.engine.Engine 
DROP TABLE two_factor_backup_codes
2025-11-29 19:00:13,875 INFO sqlalchemy.engine.Engine [no key 0.00026s] ()
2025-11-29 19:00:13,939 INFO sqlalchemy.engine.Engine 
DROP TABLE achievements
2025-11-29 19:00:13,939 INFO sqlalchemy.engine.Engine [no key 0.00038s] ()
2025-11-29 19:00:14,003 INFO sqlalchemy.engine.Engine 
DROP TABLE user_achievements
2025-11-29 19:00:14,003 INFO sqlalchemy.engine.Engine [no key 0.00022s] ()
2025-11-29 19:00:14,176 INFO sqlalchemy.engine.Engine 
DROP TABLE challenges
2025-11-29 19:00:14,176 INFO sqlalchemy.engine.Engine [no key 0.00036s] ()
2025-11-29 19:00:14,240 INFO sqlalchemy.engine.Engine 
DROP TABLE user_challenges
2025-11-29 19:00:14,241 INFO sqlalchemy.engine.Engine [no key 0.00040s] ()
2025-11-29 19:00:14,305 INFO sqlalchemy.engine.Engine 
DROP TABLE coin_transactions
2025-11-29 19:00:14,305 INFO sqlalchemy.engine.Engine [no key 0.00032s] ()
2025-11-29 19:00:14,369 INFO sqlalchemy.engine.Engine 
DROP TABLE admin_logs
2025-11-29 19:00:14,370 INFO sqlalchemy.engine.Engine [no key 0.00023s] ()
2025-11-29 19:00:14,434 INFO sqlalchemy.engine.Engine 
DROP TABLE assets
2025-11-29 19:00:14,434 INFO sqlalchemy.engine.Engine [no key 0.00045s] ()
2025-11-29 19:00:14,498 INFO sqlalchemy.engine.Engine 
DROP TABLE blockchain_blocks
2025-11-29 19:00:14,498 INFO sqlalchemy.engine.Engine [no key 0.00025s] ()
2025-11-29 19:00:14,563 INFO sqlalchemy.engine.Engine 
DROP TABLE digital_products
2025-11-29 19:00:14,563 INFO sqlalchemy.engine.Engine [no key 0.00061s] ()
2025-11-29 19:00:14,627 INFO sqlalchemy.engine.Engine 
DROP TABLE direct_messages
2025-11-29 19:00:14,627 INFO sqlalchemy.engine.Engine [no key 0.00038s] ()
2025-11-29 19:00:14,691 INFO sqlalchemy.engine.Engine 
DROP TABLE enquiries
2025-11-29 19:00:14,692 INFO sqlalchemy.engine.Engine [no key 0.00041s] ()
2025-11-29 19:00:14,755 INFO sqlalchemy.engine.Engine 
DROP TABLE friendships
2025-11-29 19:00:14,756 INFO sqlalchemy.engine.Engine [no key 0.00023s] ()
2025-11-29 19:00:14,821 INFO sqlalchemy.engine.Engine 
DROP TABLE payment_methods
2025-11-29 19:00:14,821 INFO sqlalchemy.engine.Engine [no key 0.00037s] ()
2025-11-29 19:00:15,009 INFO sqlalchemy.engine.Engine 
DROP TABLE tax_rates
2025-11-29 19:00:15,010 INFO sqlalchemy.engine.Engine [no key 0.00033s] ()
2025-11-29 19:00:15,199 INFO sqlalchemy.engine.Engine 
DROP TABLE tax_calculations
2025-11-29 19:00:15,199 INFO sqlalchemy.engine.Engine [no key 0.00019s] ()
2025-11-29 19:00:15,388 INFO sqlalchemy.engine.Engine 
DROP TABLE tax_exemptions
2025-11-29 19:00:15,388 INFO sqlalchemy.engine.Engine [no key 0.00023s] ()
2025-11-29 19:00:15,578 INFO sqlalchemy.engine.Engine COMMIT


============================== warnings summary ===============================
app\schemas\coupon.py:28
  D:\Graphology\Master Software\Eduecosystem\backend\app\schemas\coupon.py:28: PydanticDeprecatedSince20: Pydantic V1 style `@validator` validators are deprecated. You should migrate to Pydantic V2 style `@field_validator` validators, see the migration guide for more details. Deprecated in Pydantic V2.0 to be removed in V3.0. See Pydantic V2 Migration Guide at https://errors.pydantic.dev/2.12/migration/
    @validator("discount_type")

app\schemas\coupon.py:34
  D:\Graphology\Master Software\Eduecosystem\backend\app\schemas\coupon.py:34: PydanticDeprecatedSince20: Pydantic V1 style `@validator` validators are deprecated. You should migrate to Pydantic V2 style `@field_validator` validators, see the migration guide for more details. Deprecated in Pydantic V2.0 to be removed in V3.0. See Pydantic V2 Migration Guide at https://errors.pydantic.dev/2.12/migration/
    @validator("discount_value")

app\schemas\coupon.py:54
  D:\Graphology\Master Software\Eduecosystem\backend\app\schemas\coupon.py:54: PydanticDeprecatedSince20: Support for class-based `config` is deprecated, use ConfigDict instead. Deprecated in Pydantic V2.0 to be removed in V3.0. See Pydantic V2 Migration Guide at https://errors.pydantic.dev/2.12/migration/
    class Coupon(CouponBase):

app\schemas\digital_product.py:26
  D:\Graphology\Master Software\Eduecosystem\backend\app\schemas\digital_product.py:26: PydanticDeprecatedSince20: Support for class-based `config` is deprecated, use ConfigDict instead. Deprecated in Pydantic V2.0 to be removed in V3.0. See Pydantic V2 Migration Guide at https://errors.pydantic.dev/2.12/migration/
    class DigitalProductInDBBase(DigitalProductBase):

C:\Users\Sarit\AppData\Local\Programs\Python\Python313\Lib\site-packages\pydantic\_internal\_config.py:383
  C:\Users\Sarit\AppData\Local\Programs\Python\Python313\Lib\site-packages\pydantic\_internal\_config.py:383: UserWarning: Valid config keys have changed in V2:
  * 'orm_mode' has been renamed to 'from_attributes'
    warnings.warn(message, UserWarning)

app\schemas\enquiry.py:25
  D:\Graphology\Master Software\Eduecosystem\backend\app\schemas\enquiry.py:25: PydanticDeprecatedSince20: Support for class-based `config` is deprecated, use ConfigDict instead. Deprecated in Pydantic V2.0 to be removed in V3.0. See Pydantic V2 Migration Guide at https://errors.pydantic.dev/2.12/migration/
    class EnquiryInDBBase(EnquiryBase):

app\schemas\asset.py:24
  D:\Graphology\Master Software\Eduecosystem\backend\app\schemas\asset.py:24: PydanticDeprecatedSince20: Support for class-based `config` is deprecated, use ConfigDict instead. Deprecated in Pydantic V2.0 to be removed in V3.0. See Pydantic V2 Migration Guide at https://errors.pydantic.dev/2.12/migration/
    class AssetInDBBase(AssetBase):

tests/test_subscriptions_flow.py::test_create_subscription_plan
  D:\Graphology\Master Software\Eduecosystem\backend\conftest.py:74: SAWarning: Can't sort tables for DROP; an unresolvable foreign key dependency exists between tables: lessons, modules, quizzes; and backend does not support ALTER.  To restore at least a partial sort, apply use_alter=True to ForeignKey and ForeignKeyConstraint objects involved in the cycle to mark these as known cycles that will be ignored.
    Base.metadata.drop_all(bind=engine)

-- Docs: https://docs.pytest.org/en/stable/how-to/capture-warnings.html
================== 1 passed, 8 warnings in 60.25s (0:01:00) ===================
